******************************************************************************
                  TI ARM Linker Unix v20.2.5                   
******************************************************************************
>> Linked Mon Nov 22 20:54:53 2021

OUTPUT FILE NAME:   <hello_CC1352R1_LAUNCHXL_tirtos_ccs.out>
ENTRY POINT SYMBOL: "ResetISR"  address: 00004611


MEMORY CONFIGURATION

         name            origin    length      used     unused   attr    fill
----------------------  --------  ---------  --------  --------  ----  --------
  FLASH                 00000000   00058000  00007c6f  00050391  R  X
  GPRAM                 11000000   00002000  00000000  00002000  RW X
  SRAM                  20000000   00014000  00006984  0000d67c  RW X
  LOG_DATA              90000000   00040000  00000000  00040000  R   


SEGMENT ALLOCATION MAP

run origin  load origin   length   init length attrs members
----------  ----------- ---------- ----------- ----- -------
00000000    00000000    00007c18   00007c18    r-x
  00000000    00000000    0000003c   0000003c    r-- .resetVecs
  0000003c    0000003c    00007234   00007234    r-x .text
  00007270    00007270    000007e7   000007e7    r-- .const
  00007a58    00007a58    000001c0   000001c0    r-- .cinit
00057fa8    00057fa8    00000058   00000058    r--
  00057fa8    00057fa8    00000058   00000058    r-- .ccfg
200000d8    200000d8    00004000   00000000    r--
  200000d8    200000d8    00004000   00000000    r-- .priheap
20004100    20004100    000024b0   00000000    rw-
  20004100    20004100    00001ecc   00000000    rw- .bss
  20005fd0    20005fd0    000005e0   00000000    rw- .data
20013c00    20013c00    00000400   00000000    rw-
  20013c00    20013c00    00000400   00000000    rw- .stack


SECTION ALLOCATION MAP

 output                                  attributes/
section   page    origin      length       input sections
--------  ----  ----------  ----------   ----------------
.binit     0    00000000    00000000     

.cinit     0    00007a58    000001c0     
                  00007a58    0000019b     (.cinit..data.load) [load image, compression = lzss]
                  00007bf3    00000001     --HOLE-- [fill = 0]
                  00007bf4    0000000c     (__TI_handler_table)
                  00007c00    00000008     (.cinit..bss.load) [load image, compression = zero_init]
                  00007c08    00000010     (__TI_cinit_table)

.init_array 
*          0    00000000    00000000     UNINITIALIZED

.ccfg      0    00057fa8    00000058     
                  00057fa8    00000058     ti_devices_config.obj (.ccfg:retain)

.bss       0    20004100    00001ecc     UNINITIALIZED
                  20004100    000004ac     hello.obj (.bss:$O1$$)
                  200045ac    00000400     ti_drivers_config.obj (.bss:displayUARTBuffer)
                  200049ac    00000004     (.common:PowerCC26XX_swiKey)
                  200049b0    00000400     hello.obj (.bss:workTaskStack)
                  20004db0    00000050     drivers_cc13x2.a : ADCCC26XX.oem4f (.bss:adcSemaphore)
                  20004e00    00000400     (.common:ti_uia_loggers_LoggerStopMode_Instance_State_0_packetArray__A)
                  20005200    00000400     (.common:ti_uia_loggers_LoggerStopMode_Instance_State_1_packetArray__A)
                  20005600    00000200     hello_pem4f.oem4f (.bss:taskStackSection)
                  20005800    00000200     (.common:xdc_runtime_SysMin_Module_State_0_outbuf__A)
                  20005a00    000001ac     (.common:uartCC26XXObjects)
                  20005bac    00000120     rtsv7M4_T_le_v4SPD16_eabi.lib : trgmsg.c.obj (.bss:_CIOBUF_)
                  20005ccc    000000d8     (.common:ti_sysbios_family_arm_m3_Hwi_dispatchTable)
                  20005da4    0000007c     (.common:gpioCallbackFunctions)
                  20005e20    0000007c     (.common:gpioUserArgs)
                  20005e9c    0000004c     (.common:gptimerCC26XXObjects)
                  20005ee8    0000000c     (.common:displayUartObject)
                  20005ef4    00000008     (.common:parmbuf)
                  20005efc    00000004     (.common:PowerCC26XX_taskKey)
                  20005f00    00000030     (.common:ti_uia_loggers_LoggerStopMode_Instance_State_0_hdr__A)
                  20005f30    00000020     ti_drivers_config.obj (.bss:uartCC26XXRingBuffer0)
                  20005f50    00000020     (.common:pwmTimerCC26XXObjects)
                  20005f70    00000004     (.common:adcCC26xxObjects)
                  20005f74    0000000c     --HOLE--
                  20005f80    00000030     (.common:ti_uia_loggers_LoggerStopMode_Instance_State_1_hdr__A)
                  20005fb0    0000001c     drivers_cc13x2.a : GPIOCC26XX.oem4f (.bss:gpioHwi)

.data      0    20005fd0    000005e0     UNINITIALIZED
                  20005fd0    00000170     drivers_cc13x2.a : PowerCC26X2.oem4f (.data:PowerCC26X2_module)
                  20006140    0000007c     ti_drivers_config.obj (.data:gpioPinConfigs)
                  200061bc    00000068     hello_pem4f.oem4f (.data:ti_uia_loggers_LoggerStopMode_Object__table__V)
                  20006224    0000004c     hello_pem4f.oem4f (.data:ti_sysbios_knl_Task_Object__table__V)
                  20006270    00000048     hello_pem4f.oem4f (.data:ti_sysbios_family_arm_cc26xx_Timer_Object__table__V)
                  200062b8    00000044     hello_pem4f.oem4f (.data:ti_sysbios_knl_Task_Module__state__V)
                  200062fc    00000038     hello_pem4f.oem4f (.data:ti_sysbios_gates_GateMutex_Object__table__V)
                  20006334    00000034     hello_pem4f.oem4f (.data:ti_sysbios_family_arm_m3_Hwi_Module__state__V)
                  20006368    00000030     hello_pem4f.oem4f (.data:ti_sysbios_knl_Swi_Module_State_0_readyQ__A)
                  20006398    00000030     hello_pem4f.oem4f (.data:ti_sysbios_knl_Swi_Object__table__V)
                  200063c8    0000002c     hello_pem4f.oem4f (.data:ti_sysbios_knl_Clock_Module__state__V)
                  200063f4    00000024     driverlib.lib : osc.obj (.data:$O1$$)
                  20006418    00000024     hello_pem4f.oem4f (.data:ti_sysbios_BIOS_Module__state__V)
                  2000643c    00000020     hello_pem4f.oem4f (.data:ti_sysbios_knl_Clock_Object__table__V)
                  2000645c    00000020     hello_pem4f.oem4f (.data:ti_sysbios_knl_Task_Module_State_0_readyQ__A)
                  2000647c    00000020     hello_pem4f.oem4f (.data:xdc_runtime_Error_IgnoreBlock)
                  2000649c    0000001c     hello_pem4f.oem4f (.data:ti_sysbios_knl_Swi_Module__state__V)
                  200064b8    00000018     hello_pem4f.oem4f (.data:ti_sysbios_family_arm_m3_Hwi_Object__table__V)
                  200064d0    00000018     hello_pem4f.oem4f (.data:ti_sysbios_heaps_HeapMem_Object__table__V)
                  200064e8    0000000c     hello_pem4f.oem4f (.data:ti_sysbios_knl_Task_Module__root__V)
                  200064f4    0000000c     hello_pem4f.oem4f (.data:ti_uia_runtime_QueueDescriptor_Module__state__V)
                  20006500    0000000c     hello_pem4f.oem4f (.data:xdc_runtime_SysMin_Module__state__V)
                  2000650c    00000008     rtsv7M4_T_le_v4SPD16_eabi.lib : _lock.c.obj (.data:$O1$$)
                  20006514    00000008     ti.uia.runtime.aem4f : QueueDescriptor.oem4f (.data)
                  2000651c    00000008     hello_pem4f.oem4f (.data:ti_sysbios_family_arm_cc26xx_Timer_Module__state__V)
                  20006524    00000008     hello_pem4f.oem4f (.data:ti_sysbios_family_arm_m3_Hwi_Module__root__V)
                  2000652c    00000008     hello_pem4f.oem4f (.data:ti_sysbios_gates_GateHwi_Module__root__V)
                  20006534    00000008     hello_pem4f.oem4f (.data:ti_sysbios_gates_GateMutex_Module__root__V)
                  2000653c    00000008     hello_pem4f.oem4f (.data:ti_sysbios_heaps_HeapMem_Module__root__V)
                  20006544    00000008     hello_pem4f.oem4f (.data:ti_sysbios_knl_Clock_Module__root__V)
                  2000654c    00000008     hello_pem4f.oem4f (.data:ti_sysbios_knl_Queue_Module__root__V)
                  20006554    00000008     hello_pem4f.oem4f (.data:ti_sysbios_knl_Semaphore_Module__root__V)
                  2000655c    00000008     hello_pem4f.oem4f (.data:ti_sysbios_knl_Swi_Module__root__V)
                  20006564    00000008     hello_pem4f.oem4f (.data:ti_uia_loggers_LoggerStopMode_Module__root__V)
                  2000656c    00000008     hello_pem4f.oem4f (.data:xdc_runtime_Registry_Module__state__V)
                  20006574    00000008     hello_pem4f.oem4f (.data:xdc_runtime_Startup_Module__state__V)
                  2000657c    00000008     hello_pem4f.oem4f (.data:xdc_runtime_System_Module_State_0_atexitHandlers__A)
                  20006584    00000008     hello_pem4f.oem4f (.data:xdc_runtime_System_Module__state__V)
                  2000658c    00000004     rtsv7M4_T_le_v4SPD16_eabi.lib : stkdepth_vars.c.obj (.data)
                  20006590    00000004     hello_pem4f.oem4f (.data:ti_sysbios_family_arm_cc26xx_TimestampProvider_Module__state__V)
                  20006594    00000004     hello_pem4f.oem4f (.data:ti_sysbios_family_arm_m3_Hwi_Module_State_0_excContext__A)
                  20006598    00000004     hello_pem4f.oem4f (.data:ti_sysbios_family_arm_m3_Hwi_Module_State_0_excStack__A)
                  2000659c    00000004     hello_pem4f.oem4f (.data:ti_sysbios_gates_GateHwi_Object__table__V)
                  200065a0    00000004     hello_pem4f.oem4f (.data:ti_sysbios_knl_Task_Module_State_0_idleTask__A)
                  200065a4    00000004     hello_pem4f.oem4f (.data:xdc_runtime_Memory_Module__state__V)
                  200065a8    00000002     drivers_cc13x2.a : ADCCC26XX.oem4f (.data)
                  200065aa    00000002     hello_pem4f.oem4f (.data:ti_sysbios_family_arm_m3_Hwi_Module_State_0_excActive__A)
                  200065ac    00000001     drivers_cc13x2.a : ADC.oem4f (.data)
                  200065ad    00000001                      : GPIOCC26XX.oem4f (.data)
                  200065ae    00000001                      : PWM.oem4f (.data)
                  200065af    00000001                      : UART.oem4f (.data)

.stack     0    20013c00    00000400     UNINITIALIZED
                  20013c00    00000400     --HOLE--

.priheap   0    200000d8    00004000     UNINITIALIZED
                  200000d8    00004000     --HOLE--

.log_data 
*          0    90000000    00000000     COPY SECTION

.bootVecs 
*          0    00000000    00000008     DSECT
                  00000000    00000008     boot.aem4f : boot.oem4f (.bootVecs)

.resetVecs 
*          0    00000000    0000003c     
                  00000000    0000003c     hello_pem4f.oem4f (.resetVecs)

.vecs      0    20000000    000000d8     NOLOAD SECTION
                  20000000    000000d8     hello_pem4f.oem4f (.vecs)

xdc.meta   0    00000000    000000fe     COPY SECTION
                  00000000    000000fe     hello_pem4f.oem4f (xdc.meta)

xdc.noload 
*          0    00000000    00000000     COPY SECTION

__llvm_prf_cnts 
*          0    20000000    00000000     UNINITIALIZED

.text      0    0000003c    00007234     
                  0000003c    00000324     sysbios.aem4f : BIOS.obj (.text:xdc_runtime_System_doPrint__I)
                  00000360    00000198     drivers_cc13x2.a : PowerCC26X2.oem4f (.text:Power_sleep)
                  000004f8    00000190                      : PowerCC26X2_calibrateRCOSC.oem4f (.text:calibrateRcoscHf1)
                  00000688    0000018c                      : PowerCC26X2_calibrateRCOSC.oem4f (.text:runCalibrateFsm)
                  00000814    0000016c                      : PowerCC26X2.oem4f (.text:Power_init)
                  00000980    00000154                      : UARTCC26XX.oem4f (.text:UARTCC26XX_hwiIntFxn)
                  00000ad4    00000144     hello_pem4f.oem4f (.text:ti_uia_loggers_LoggerStopMode_writeMemoryRange__E)
                  00000c18    00000140     drivers_cc13x2.a : UARTCC26XX.oem4f (.text:UARTCC26XX_open)
                  00000d58    0000013a                      : UARTCC26XX.oem4f (.text:UARTCC26XX_read)
                  00000e92    00000002     ti_drivers_config.obj (.text:Board_initHook)
                  00000e94    0000012c     sysbios.aem4f : BIOS.obj (.text:ti_sysbios_knl_Semaphore_pend__E)
                  00000fc0    00000120     drivers_cc13x2.a : PowerCC26X2.oem4f (.text:configureXOSCHF)
                  000010e0    0000011c     sysbios.aem4f : BIOS.obj (.text:ti_sysbios_family_arm_m3_Hwi_dispatchC__I)
                  000011fc    00000114                   : BIOS.obj (.text:ti_sysbios_knl_Swi_run__I)
                  00001310    00000110     hello_pem4f.oem4f (.text:ti_uia_loggers_LoggerStopMode_write8__E)
                  00001420    00000106     hello_pem4f.oem4f (.text:xdc_runtime_System_printfExtend__I)
                  00001526    00000002     display_cc13x2.a : DisplayUart.oem4f (.text:DisplayUartMin_clear)
                  00001528    000000f8     drivers_cc13x2.a : ADCCC26XX.oem4f (.text:ADCCC26XX_convertChain)
                  00001620    000000f8     hello_pem4f.oem4f (.text:ti_uia_loggers_LoggerStopMode_write4__E)
                  00001718    000000f8     sysbios.aem4f : BIOS.obj (.text:xdc_runtime_Startup_startMods__I)
                  00001810    000000f0     drivers_cc13x2.a : ADCCC26XX.oem4f (.text:ADCCC26XX_convert)
                  00001900    000000f0     driverlib.lib : sys_ctrl.obj (.text:NOROM_SysCtrlStandby)
                  000019f0    000000f0     sysbios.aem4f : m3_Hwi_asm.obj (.text:ti_sysbios_family_arm_m3_Hwi_dispatch__I)
                  00001ae0    000000ec     hello_pem4f.oem4f (.text:ti_uia_loggers_LoggerStopMode_write2__E)
                  00001bcc    000000e8     drivers_cc13x2.a : GPIOCC26XX.oem4f (.text:GPIO_init)
                  00001cb4    000000e8     hello_pem4f.oem4f (.text:ti_uia_loggers_LoggerStopMode_write1__E)
                  00001d9c    000000e0     drivers_cc13x2.a : UARTCC26XX.oem4f (.text:UARTCC26XX_write)
                  00001e7c    000000e0     sysbios.aem4f : BIOS.obj (.text:ti_sysbios_knl_Clock_walkQueueDynamic__E)
                  00001f5c    000000dc                   : BIOS.obj (.text:ti_sysbios_knl_Task_sleep__E)
                  00002038    000000dc     hello_pem4f.oem4f (.text:ti_uia_loggers_LoggerStopMode_write0__E)
                  00002114    000000c8     dpl_cc13x2.a : PowerCC26X2_tirtos.oem4f (.text:PowerCC26XX_standbyPolicy)
                  000021dc    000000c4     sysbios.aem4f : BIOS.obj (.text:ti_sysbios_knl_Task_schedule__I)
                  000022a0    000000c0     drivers_cc13x2.a : PowerCC26X2.oem4f (.text:Power_releaseDependency)
                  00002360    000000bc     driverlib.lib : setup.obj (.text:NOROM_SetupTrimDevice)
                  0000241c    000000b8     drivers_cc13x2.a : PowerCC26X2.oem4f (.text:Power_setDependency)
                  000024d4    000000b8                      : UARTCC26XX.oem4f (.text:UARTCC26XX_initHw)
                  0000258c    000000b8     sysbios.aem4f : BIOS.obj (.text:ti_sysbios_knl_Semaphore_post__E)
                  00002644    000000b8                   : BIOS.obj (.text:ti_sysbios_knl_Task_Instance_init__E)
                  000026fc    000000b8                   : BIOS.obj (.text:ti_sysbios_knl_Task_startCore__E)
                  000027b4    000000b2                   : BIOS.obj (.text:xdc_runtime_Text_putSite__E)
                  00002866    00000002     display_cc13x2.a : DisplayUart.oem4f (.text:DisplayUartMin_clearLines)
                  00002868    000000b0     driverlib.lib : setup.obj (.text:TrimAfterColdResetWakeupFromShutDown)
                  00002918    000000b0     hello.obj (.text:main)
                  000029c8    000000a8     drivers_cc13x2.a : PWMTimerCC26XX.oem4f (.text:PWMTimerCC26XX_open)
                  00002a70    000000a8     sysbios.aem4f : BIOS.obj (.text:ti_sysbios_knl_Swi_post__E)
                  00002b18    000000a4                   : BIOS.obj (.text:ti_sysbios_family_arm_m3_Hwi_Instance_init__E)
                  00002bbc    000000a0     auto_init.aem4f : auto_init.oem4f (.text)
                  00002c5c    0000009c     hello.obj (.text:ADCt)
                  00002cf8    0000009c     drivers_cc13x2.a : PWMTimerCC26XX.oem4f (.text:PWMTimerCC26XX_setDutyAndPeriod)
                  00002d94    0000009c     rtsv7M4_T_le_v4SPD16_eabi.lib : memcpy_t2.asm.obj (.text)
                  00002e30    0000009c     sysbios.aem4f : BIOS.obj (.text:ti_sysbios_knl_Task_blockI__E)
                  00002ecc    00000098                   : BIOS.obj (.text:ti_sysbios_knl_Clock_workFuncDynamic__E)
                  00002f64    00000096     rtsv7M4_T_le_v4SPD16_eabi.lib : ull_div_t2.asm.obj (.text)
                  00002ffa    00000002     display_cc13x2.a : DisplayUart.oem4f (.text:DisplayUartMin_init)
                  00002ffc    00000094     sysbios.aem4f : BIOS.obj (.text:ti_sysbios_knl_Task_Instance_finalize__E)
                  00003090    00000094                   : BIOS.obj (.text:ti_sysbios_knl_Task_exit__E)
                  00003124    00000092     drivers_cc13x2.a : UARTCC26XX.oem4f (.text:UARTCC26XX_writeCancel)
                  000031b6    00000002                      : PWMTimerCC26XX.oem4f (.text:PWMTimerCC26XX_init)
                  000031b8    00000090     sysbios.aem4f : BIOS.obj (.text:ti_sysbios_knl_Task_unblockI__E)
                  00003248    00000090     ti.uia.loggers.aem4f : LoggerStopMode.oem4f (.text:ti_uia_loggers_LoggerStopMode_initQueueDescriptor__E)
                  000032d8    0000008c     sysbios.aem4f : BIOS.obj (.text:ti_sysbios_family_arm_m3_Hwi_initNVIC__E)
                  00003364    0000008c                   : m3_TaskSupport_asm.obj (.text:ti_sysbios_family_arm_m3_TaskSupport_buildTaskStack)
                  000033f0    00000088     drivers_cc13x2.a : GPTimerCC26XX.oem4f (.text:GPTimerCC26XX_open)
                  00003478    00000088     driverlib.lib : osc.obj (.text:NOROM_OSCHF_AttemptToSwitchToXosc)
                  00003500    00000088     drivers_cc13x2.a : PowerCC26X2_calibrateRCOSC.oem4f (.text:calibrateRcoscHf2)
                  00003588    00000088                      : PowerCC26X2.oem4f (.text:disableLFClockQualifiers)
                  00003610    00000088                      : PowerCC26X2_calibrateRCOSC.oem4f (.text:updateSubSecInc)
                  00003698    00000084                      : UARTCC26XX.oem4f (.text:UARTCC26XX_close)
                  0000371c    00000084     sysbios.aem4f : BIOS.obj (.text:ti_sysbios_knl_Task_postInit__I)
                  000037a0    00000084     drivers_cc13x2.a : UARTCC26XX.oem4f (.text:writeTxFifoFlush)
                  00003824    00000080     driverlib.lib : sys_ctrl.obj (.text:NOROM_SysCtrlSetRechargeBeforePowerDown)
                  000038a4    00000080     sysbios.aem4f : BIOS.obj (.text:ti_sysbios_family_arm_cc26xx_Timer_start__E)
                  00003924    0000007a     rtsv7M4_T_le_v4SPD16_eabi.lib : memset_t2.asm.obj (.text)
                  0000399e    00000078     sysbios.aem4f : BIOS.obj (.text:ti_sysbios_heaps_HeapMem_allocUnprotected__E)
                  00003a16    00000002     rtsv7M4_T_le_v4SPD16_eabi.lib : _lock.c.obj (.text:_nop)
                  00003a18    00000074     drivers_cc13x2.a : GPTimerCC26XX.oem4f (.text:GPTimerCC26XX_resetHw)
                  00003a8c    00000074                      : PowerCC26X2_calibrateRCOSC.oem4f (.text:PowerCC26X2_auxISR)
                  00003b00    00000074     ti.uia.runtime.aem4f : QueueDescriptor.oem4f (.text:ti_uia_runtime_QueueDescriptor_addToList__E)
                  00003b74    00000074     sysbios.aem4f : BIOS.obj (.text:xdc_runtime_Text_putMod__E)
                  00003be8    00000070     drivers_cc13x2.a : ADCCC26XX.oem4f (.text:ADCCC26XX_convertToMicroVolts)
                  00003c58    00000070     sysbios.aem4f : BIOS.obj (.text:xdc_runtime_Memory_alloc__E)
                  00003cc8    0000006e                   : BIOS.obj (.text:xdc_runtime_Core_createObject__I)
                  00003d36    00000002     drivers_cc13x2.a : PowerCC26X2.oem4f (.text:emptyClockFunc)
                  00003d38    0000006d     sysbios.aem4f : BIOS.obj (.text:xdc_runtime_System_formatNum__I)
                  00003da5    00000001     --HOLE-- [fill = 0]
                  00003da6    00000002     rtsv7M4_T_le_v4SPD16_eabi.lib : div0.asm.obj (.text)
                  00003da8    0000006c     drivers_cc13x2.a : GPIOCC26XX.oem4f (.text:GPIO_setConfig)
                  00003e14    0000006c                      : UARTCC26XX.oem4f (.text:UARTCC26XX_initIO)
                  00003e80    00000068     driverlib.lib : osc.obj (.text:NOROM_OSCHF_SwitchToRcOscTurnOffXosc)
                  00003ee8    00000068     rtsv7M4_T_le_v4SPD16_eabi.lib : copy_decompress_lzss.c.obj (.text:decompress:lzss:__TI_decompress_lzss)
                  00003f50    00000068     sysbios.aem4f : BIOS.obj (.text:ti_sysbios_knl_Clock_startI__E)
                  00003fb8    00000068                   : BIOS.obj (.text:ti_sysbios_knl_Swi_restoreHwi__E)
                  00004020    00000066     ti.uia.loggers.aem4f : LoggerStopMode.oem4f (.text:ti_uia_loggers_LoggerStopMode_flush__E)
                  00004086    00000066     sysbios.aem4f : BIOS.obj (.text:xdc_runtime_Core_deleteObject__I)
                  000040ec    00000064     drivers_cc13x2.a : UARTCC26XX.oem4f (.text:UARTCC26XX_control)
                  00004150    00000064     sysbios.aem4f : BIOS.obj (.text:ti_sysbios_heaps_HeapMem_initPrimary__I)
                  000041b4    00000062     drivers_cc13x2.a : UARTCC26XX.oem4f (.text:UARTCC26XX_swiIntFxn)
                  00004216    00000002     sysbios.aem4f : BIOS.obj (.text:ti_sysbios_BIOS_linkedWithIncorrectBootLibrary__E)
                  00004218    00000060     drivers_cc13x2.a : ADCCC26XX.oem4f (.text:ADCCC26XX_open)
                  00004278    00000060     sysbios.aem4f : BIOS.obj (.text:ti_sysbios_knl_Clock_logTick__E)
                  000042d8    0000005f                   : BIOS.obj (.text:xdc_runtime_Text_putLab__E)
                  00004337    00000001     --HOLE-- [fill = 0]
                  00004338    0000005e                   : BIOS.obj (.text:ti_sysbios_heaps_HeapMem_freeUnprotected__E)
                  00004396    00000002     hello_pem4f.oem4f (.text:ti_sysbios_BIOS_nullFunc__I)
                  00004398    0000005c     display_cc13x2.a : Display.oem4f (.text:Display_doOpen)
                  000043f4    0000005c     drivers_cc13x2.a : PWMTimerCC26XX.oem4f (.text:PWMTimerCC26XX_setPeriod)
                  00004450    0000005c                      : UARTCC26XX.oem4f (.text:startTxFifoEmptyClk)
                  000044ac    0000005c     sysbios.aem4f : BIOS.obj (.text:ti_sysbios_knl_Task_Module_startup__E)
                  00004508    00000058     drivers_cc13x2.a : GPTimerCC26XX.oem4f (.text:GPTimerCC26XX_stop)
                  00004560    00000058     rtsv7M4_T_le_v4SPD16_eabi.lib : hostwrite.c.obj (.text:HOSTwrite)
                  000045b8    00000058     drivers_cc13x2.a : PowerCC26X2_calibrateRCOSC.oem4f (.text:PowerCC26X2_initiateCalibration)
                  00004610    00000058     boot.aem4f : boot.oem4f (.text)
                  00004668    00000058     sysbios.aem4f : m3_Hwi_asm_switch.obj (.text:ti_sysbios_family_arm_m3_Hwi_initStacks__E)
                  000046c0    00000058                   : BIOS.obj (.text:ti_sysbios_family_arm_m3_Hwi_postInit__I)
                  00004718    00000058                   : BIOS.obj (.text:ti_sysbios_heaps_HeapMem_alloc__E)
                  00004770    00000056     ti_drivers_config.obj (.text:Board_sendExtFlashByte)
                  000047c6    00000002     sysbios.aem4f : BIOS.obj (.text:ti_sysbios_gates_GateHwi_Instance_init__E)
                  000047c8    00000054     ti_drivers_config.obj (.text:Board_shutDownExtFlash)
                  0000481c    00000054     driverlib.lib : prcm.obj (.text:NOROM_PRCMPowerDomainsAllOff)
                  00004870    00000054     dpl_cc13x2.a : SwiP_tirtos.oem4f (.text:SwiP_construct)
                  000048c4    00000054     sysbios.aem4f : BIOS.obj (.text:ti_sysbios_knl_Swi_schedule__I)
                  00004918    00000050     drivers_cc13x2.a : GPIOCC26XX.oem4f (.text:GPIO_hwiIntFxn)
                  00004968    00000050                      : PWMTimerCC26XX.oem4f (.text:PWMTimerCC26XX_getdutyCounts)
                  000049b8    00000050     hello_pem4f.oem4f (.text:ti_sysbios_family_arm_m3_Hwi_construct)
                  00004a08    00000050     sysbios.aem4f : BIOS.obj (.text:ti_sysbios_knl_Swi_Instance_init__E)
                  00004a58    00000050                   : BIOS.obj (.text:ti_sysbios_knl_Swi_runLoop__I)
                  00004aa8    00000050                   : BIOS.obj (.text:xdc_runtime_Startup_exec__E)
                  00004af8    0000004c     drivers_cc13x2.a : GPTimerCC26XX.oem4f (.text:GPTimerCC26XX_initHw)
                  00004b44    0000004c                      : GPTimerCC26XX.oem4f (.text:GPTimerCC26XX_start)
                  00004b90    0000004c     driverlib.lib : prcm.obj (.text:NOROM_PRCMPowerDomainsAllOn)
                  00004bdc    0000004c     drivers_cc13x2.a : UARTCC26XX.oem4f (.text:UARTCC26XX_readCancel)
                  00004c28    0000004c     rtsv7M4_T_le_v4SPD16_eabi.lib : cpy_tbl.c.obj (.text:copy_in)
                  00004c74    0000004c     hello_pem4f.oem4f (.text:ti_sysbios_knl_Swi_construct)
                  00004cc0    0000004c     hello_pem4f.oem4f (.text:ti_sysbios_knl_Task_construct)
                  00004d0c    0000004c     ti.uia.loggers.aem4f : LoggerStopMode.oem4f (.text:ti_uia_loggers_LoggerStopMode_Module_startup__E)
                  00004d58    0000004c     sysbios.aem4f : BIOS.obj (.text:xdc_runtime_Assert_raise__I)
                  00004da4    0000004c                   : BIOS.obj (.text:xdc_runtime_Core_assignParams__I)
                  00004df0    0000004a     display_cc13x2.a : DisplayUart.oem4f (.text:DisplayUartMin_open)
                  00004e3a    00000002     sysbios.aem4f : BIOS.obj (.text:ti_sysbios_knl_Clock_triggerFunc__I)
                  00004e3c    00000048     drivers_cc13x2.a : PWMTimerCC26XX.oem4f (.text:PWMTimerCC26XX_setDuty)
                  00004e84    00000048                      : PowerCC26X2_calibrateRCOSC.oem4f (.text:PowerCC26X2_RCOSC_clockFunc)
                  00004ecc    00000048                      : PowerCC26X2.oem4f (.text:switchXOSCHF)
                  00004f14    00000048     sysbios.aem4f : BIOS.obj (.text:ti_sysbios_family_arm_m3_Hwi_Module_startup__E)
                  00004f5c    00000048                   : BIOS.obj (.text:ti_sysbios_heaps_HeapMem_getStats__E)
                  00004fa4    00000048     drivers_cc13x2.a : UARTCC26XX.oem4f (.text:writeFinishedDoCallback)
                  00004fec    00000048     sysbios.aem4f : BIOS.obj (.text:xdc_runtime_Core_constructObject__I)
                  00005034    00000046     display_cc13x2.a : DisplayUart.oem4f (.text:DisplayUartMin_vprintf)
                  0000507a    00000046     drivers_cc13x2.a : RingBuf.oem4f (.text:RingBuf_put)
                  000050c0    00000044     driverlib.lib : chipinfo.obj (.text:NOROM_ChipInfo_GetHwRevision)
                  00005104    00000044     drivers_cc13x2.a : PWM.oem4f (.text:PWM_init)
                  00005148    00000044                      : UART.oem4f (.text:UART_init)
                  0000518c    00000044     sysbios.aem4f : BIOS.obj (.text:ti_sysbios_family_arm_m3_Hwi_disableInterrupt__E)
                  000051d0    00000044                   : BIOS.obj (.text:ti_sysbios_family_arm_m3_Hwi_enableInterrupt__E)
                  00005214    00000044                   : BIOS.obj (.text:ti_sysbios_knl_Task_allBlockedFunction__I)
                  00005258    00000044     ti.uia.loggers.aem4f : LoggerStopMode.oem4f (.text:ti_uia_loggers_LoggerStopMode_initBuffer__I)
                  0000529c    00000044     sysbios.aem4f : BIOS.obj (.text:xdc_runtime_SysMin_flush__E)
                  000052e0    00000044                   : BIOS.obj (.text:xdc_runtime_Text_xprintf__I)
                  00005324    00000040     drivers_cc13x2.a : ADC.oem4f (.text:ADC_open)
                  00005364    00000040     dpl_cc13x2.a : ClockP_tirtos.oem4f (.text:ClockP_construct)
                  000053a4    00000040     driverlib.lib : osc.obj (.text:NOROM_OSC_HPOSCRelativeFrequencyOffsetGet)
                  000053e4    00000040     drivers_cc13x2.a : RingBuf.oem4f (.text:RingBuf_get)
                  00005424    00000040                      : UART.oem4f (.text:UART_open)
                  00005464    00000040     rtsv7M4_T_le_v4SPD16_eabi.lib : u_divt2.asm.obj (.text)
                  000054a4    00000040     sysbios.aem4f : BIOS.obj (.text:ti_sysbios_family_arm_cc26xx_Timer_setThreshold__I)
                  000054e4    00000040                   : BIOS.obj (.text:ti_sysbios_family_arm_m3_Hwi_getStackInfo__E)
                  00005524    0000003e     dpl_cc13x2.a : HwiP_tirtos.oem4f (.text:HwiP_construct)
                  00005562    00000002     sysbios.aem4f : BIOS.obj (.text:ti_sysbios_knl_Swi_Instance_finalize__E)
                  00005564    0000003c     drivers_cc13x2.a : ADCCC26XX.oem4f (.text:ADCCC26XX_close)
                  000055a0    0000003c     driverlib.lib : osc.obj (.text:InternCapArrayAdjustWithBaseline7001F)
                  000055dc    0000003c     drivers_cc13x2.a : UARTCC26XX.oem4f (.text:UARTCC26XX_finalizeIO)
                  00005618    0000003c     sysbios.aem4f : BIOS.obj (.text:ti_sysbios_family_arm_m3_Hwi_construct2__E)
                  00005654    00000038     rtsv7M4_T_le_v4SPD16_eabi.lib : trgmsg.c.obj (.text:__TI_writemsg)
                  0000568c    00000038     drivers_cc13x2.a : PowerCC26X2.oem4f (.text:notify)
                  000056c4    00000038                      : UARTCC26XX.oem4f (.text:readData)
                  000056fc    00000038     sysbios.aem4f : BIOS.obj (.text:ti_sysbios_family_arm_cc26xx_Timer_getCurrentTick__E)
                  00005734    00000038                   : BIOS.obj (.text:ti_sysbios_family_arm_m3_Hwi_Instance_finalize__E)
                  0000576c    00000038                   : BIOS.obj (.text:ti_sysbios_heaps_HeapMem_Instance_init__E)
                  000057a4    00000038                   : BIOS.obj (.text:ti_sysbios_knl_Clock_Instance_init__E)
                  000057dc    00000038     drivers_cc13x2.a : UARTCC26XX.oem4f (.text:writeData)
                  00005814    00000038     sysbios.aem4f : BIOS.obj (.text:xdc_runtime_System_atexit__E)
                  0000584c    00000034     drivers_cc13x2.a : GPTimerCC26XX.oem4f (.text:GPTimerCC26XXSetLoadMatch)
                  00005880    00000034                      : GPTimerCC26XX.oem4f (.text:GPTimerCC26XX_configureDebugStall)
                  000058b4    00000034     driverlib.lib : aux_sysif.obj (.text:NOROM_AUXSYSIFOpModeChange)
                  000058e8    00000034                   : sys_ctrl.obj (.text:NOROM_SysCtrlIdle)
                  0000591c    00000034     drivers_cc13x2.a : PWMTimerCC26XX.oem4f (.text:PWMTimerCC26XX_getperiodCounts)
                  00005950    00000034     rtsv7M4_T_le_v4SPD16_eabi.lib : trgmsg.c.obj (.text:__TI_readmsg)
                  00005984    00000034     drivers_cc13x2.a : UARTCC26XX.oem4f (.text:readData2RingBuf)
                  000059b8    00000034     hello_pem4f.oem4f (.text:ti_sysbios_knl_Semaphore_create)
                  000059ec    00000034     sysbios.aem4f : BIOS.obj (.text:ti_sysbios_knl_Swi_restore__E)
                  00005a20    00000034     ti.uia.loggers.aem4f : LoggerStopMode.oem4f (.text:ti_uia_loggers_LoggerStopMode_reset__E)
                  00005a54    00000034     sysbios.aem4f : BIOS.obj (.text:xdc_runtime_SysMin_abort__E)
                  00005a88    00000034                   : BIOS.obj (.text:xdc_runtime_SysMin_putch__E)
                  00005abc    00000032                   : BIOS.obj (.text:ti_sysbios_family_arm_cc26xx_Timer_setNextTick__E)
                  00005aee    00000002     hello_pem4f.oem4f (.text:ti_uia_loggers_LoggerStopMode_setFilterLevel__E)
                  00005af0    00000030     ti_drivers_config.obj (.text:Board_wakeUpExtFlash)
                  00005b20    00000030     drivers_cc13x2.a : GPTimerCC26XX.oem4f (.text:GPTimerCC26XX_close)
                  00005b50    00000030                      : PowerCC26X2.oem4f (.text:Power_releaseConstraint)
                  00005b80    00000030                      : PowerCC26X2.oem4f (.text:Power_setConstraint)
                  00005bb0    00000030     driverlib.lib : osc.obj (.text:SpecialCapArrayWorkaroundEnabledAndNeeded)
                  00005be0    00000030     hello_pem4f.oem4f (.text:ti_sysbios_BIOS_atExitFunc__I)
                  00005c10    00000030     hello_pem4f.oem4f (.text:ti_sysbios_BIOS_startFunc__I)
                  00005c40    00000030     sysbios.aem4f : BIOS.obj (.text:ti_sysbios_family_arm_cc26xx_Timer_initDevice__I)
                  00005c70    00000030     hello_pem4f.oem4f (.text:ti_sysbios_gates_GateHwi_Object__create__S)
                  00005ca0    00000030     hello_pem4f.oem4f (.text:ti_sysbios_gates_GateMutex_Object__create__S)
                  00005cd0    00000030     sysbios.aem4f : BIOS.obj (.text:ti_sysbios_gates_GateMutex_enter__E)
                  00005d00    00000030     hello_pem4f.oem4f (.text:ti_sysbios_heaps_HeapMem_Object__create__S)
                  00005d30    00000030     sysbios.aem4f : BIOS.obj (.text:ti_sysbios_heaps_HeapMem_free__E)
                  00005d60    00000030     hello_pem4f.oem4f (.text:ti_sysbios_knl_Clock_construct)
                  00005d90    00000030     hello_pem4f.oem4f (.text:ti_sysbios_knl_Semaphore_construct)
                  00005dc0    00000030     sysbios.aem4f : BIOS.obj (.text:ti_sysbios_knl_Task_processVitalTaskFlag__I)
                  00005df0    00000030     hello_pem4f.oem4f (.text:ti_uia_loggers_LoggerStopMode_Object__create__S)
                  00005e20    00000030     sysbios.aem4f : BIOS.obj (.text:xdc_runtime_System_processAtExit__E)
                  00005e50    0000002e                   : BIOS.obj (.text:ti_sysbios_family_arm_m3_TaskSupport_start__E)
                  00005e7e    0000002e                   : BIOS.obj (.text:ti_sysbios_hal_Hwi_initStack)
                  00005eac    0000002c     drivers_cc13x2.a : GPIO.oem4f (.text:GPIO_resetConfig)
                  00005ed8    0000002c                      : GPTimerCC26XX.oem4f (.text:GPTimerCC26XX_getTimerValue)
                  00005f04    0000002c     dpl_cc13x2.a : SemaphoreP_tirtos.oem4f (.text:SemaphoreP_constructBinary)
                  00005f30    0000002c                  : SemaphoreP_tirtos.oem4f (.text:SemaphoreP_createBinary)
                  00005f5c    0000002c     hello_pem4f.oem4f (.text:ti_sysbios_gates_GateHwi_Handle__label__S)
                  00005f88    0000002c     hello_pem4f.oem4f (.text:ti_sysbios_gates_GateMutex_Handle__label__S)
                  00005fb4    0000002c     hello_pem4f.oem4f (.text:ti_sysbios_heaps_HeapMem_Handle__label__S)
                  00005fe0    0000002c     sysbios.aem4f : BIOS.obj (.text:ti_sysbios_knl_Clock_getTicksUntilInterrupt__E)
                  0000600c    0000002c     hello_pem4f.oem4f (.text:ti_sysbios_knl_Queue_construct)
                  00006038    0000002c     sysbios.aem4f : BIOS.obj (.text:ti_sysbios_knl_Semaphore_pendTimeout__I)
                  00006064    0000002c                   : BIOS.obj (.text:ti_sysbios_knl_Task_restore__E)
                  00006090    0000002c     hello_pem4f.oem4f (.text:ti_uia_loggers_LoggerStopMode_Handle__label__S)
                  000060bc    0000002c     sysbios.aem4f : BIOS.obj (.text:xdc_runtime_System_putchar__I)
                  000060e8    0000002b                   : BIOS.obj (.text:xdc_runtime_Text_printVisFxn__I)
                  00006113    00000001     --HOLE-- [fill = 0]
                  00006114    0000002a     display_cc13x2.a : Display.oem4f (.text:Display_doPrintf)
                  0000613e    00000002     ti.uia.loggers.aem4f : LoggerStopMode.oem4f (.text:ti_uia_loggers_LoggerStopMode_setPriority__E)
                  00006140    00000028     display_cc13x2.a : Display.oem4f (.text:Display_doInit)
                  00006168    00000028     drivers_cc13x2.a : GPIOCC26XX.oem4f (.text:GPIO_setMux)
                  00006190    00000028                      : PowerCC26X2.oem4f (.text:Power_registerNotify)
                  000061b8    00000028                      : PowerCC26X2.oem4f (.text:oscillatorISR)
                  000061e0    00000028     sysbios.aem4f : m3_Hwi_asm.obj (.text:ti_sysbios_family_arm_m3_Hwi_excHandlerAsm__I)
                  00006208    00000028                   : BIOS.obj (.text:ti_sysbios_knl_Clock_addI__E)
                  00006230    00000028     hello.obj (.text:workTaskFunc)
                  00006258    00000026     drivers_cc13x2.a : List.oem4f (.text:List_put)
                  0000627e    00000026                      : List.oem4f (.text:List_remove)
                  000062a4    00000026     sysbios.aem4f : m3_Hwi_asm.obj (.text:ti_sysbios_family_arm_m3_Hwi_pendSV__I)
                  000062ca    00000002                   : BIOS.obj (.text:xdc_runtime_Error_policySpin__E)
                  000062cc    00000024     driverlib.lib : osc.obj (.text:NOROM_OSCHF_TurnOnXosc)
                  000062f0    00000024                   : osc.obj (.text:NOROM_OSC_CapArrayAdjustWorkaround_Boot)
                  00006314    00000024     drivers_cc13x2.a : PowerCC26X2_calibrateRCOSC.oem4f (.text:getTdcSemaphore)
                  00006338    00000024     hello_pem4f.oem4f (.text:ti_sysbios_BIOS_registerRTSLock__I)
                  0000635c    00000024     hello_pem4f.oem4f (.text:ti_sysbios_BIOS_removeRTSLock__I)
                  00006380    00000024     sysbios.aem4f : BIOS.obj (.text:ti_sysbios_family_arm_cc26xx_Timer_Module_startup__E)
                  000063a4    00000024                   : BIOS.obj (.text:ti_sysbios_family_arm_cc26xx_Timer_getMaxTicks__E)
                  000063c8    00000024                   : BIOS.obj (.text:ti_sysbios_family_arm_cc26xx_Timer_startup__E)
                  000063ec    00000024     hello_pem4f.oem4f (.text:ti_sysbios_gates_GateMutex_Object__delete__S)
                  00006410    00000024     sysbios.aem4f : BIOS.obj (.text:ti_sysbios_knl_Clock_Module_startup__E)
                  00006434    00000024                   : BIOS.obj (.text:ti_sysbios_knl_Semaphore_Instance_init__E)
                  00006458    00000024     hello_pem4f.oem4f (.text:ti_sysbios_knl_Semaphore_Object__delete__S)
                  0000647c    00000024     sysbios.aem4f : BIOS.obj (.text:ti_sysbios_knl_Swi_Module_startup__E)
                  000064a0    00000024                   : BIOS.obj (.text:ti_sysbios_knl_Task_restoreHwi__E)
                  000064c4    00000022                   : BIOS.obj (.text:ti_sysbios_family_arm_cc26xx_Timer_postInit__I)
                  000064e6    00000022     hello_pem4f.oem4f (.text:xdc_runtime_SysMin_output__I)
                  00006508    00000020     driverlib.lib : aux_adc.obj (.text:NOROM_AUXADCEnableSync)
                  00006528    00000020     drivers_cc13x2.a : PowerCC26X2.oem4f (.text:Power_unregisterNotify)
                  00006548    00000020     hello.obj (.text:doWork)
                  00006568    00000020     drivers_cc13x2.a : UARTCC26XX.oem4f (.text:threadSafeStdbyDisRelease)
                  00006588    00000020                      : UARTCC26XX.oem4f (.text:threadSafeStdbyDisSet)
                  000065a8    00000020     hello_pem4f.oem4f (.text:ti_sysbios_BIOS_rtsLock__I)
                  000065c8    00000020     sysbios.aem4f : BIOS.obj (.text:ti_sysbios_family_arm_cc26xx_Timer_dynamicStub__E)
                  000065e8    00000020                   : BIOS.obj (.text:ti_sysbios_family_arm_cc26xx_TimestampProvider_Module_startup__E)
                  00006608    00000020     hello_pem4f.oem4f (.text:ti_sysbios_gates_GateHwi_Object__delete__S)
                  00006628    00000020     hello_pem4f.oem4f (.text:ti_sysbios_heaps_HeapMem_Object__delete__S)
                  00006648    00000020     hello_pem4f.oem4f (.text:ti_sysbios_knl_Clock_destruct)
                  00006668    00000020     sysbios.aem4f : BIOS.obj (.text:ti_sysbios_knl_Clock_getTicks__E)
                  00006688    00000020                   : BIOS.obj (.text:ti_sysbios_knl_Clock_stop__E)
                  000066a8    00000020                   : BIOS.obj (.text:ti_sysbios_knl_Idle_run__E)
                  000066c8    00000020     hello_pem4f.oem4f (.text:ti_sysbios_knl_Semaphore_destruct)
                  000066e8    00000020     hello_pem4f.oem4f (.text:ti_uia_loggers_LoggerStopMode_Object__delete__S)
                  00006708    00000020     sysbios.aem4f : BIOS.obj (.text:xdc_runtime_SysMin_Module_startup__E)
                  00006728    0000001e     drivers_cc13x2.a : PWMTimerCC26XX.oem4f (.text:PWMTimerCC26XX_start)
                  00006746    0000001e                      : PowerCC26X2.oem4f (.text:Power_getTransitionLatency)
                  00006764    0000001e     sysbios.aem4f : m3_Hwi_asm_switch.obj (.text:ti_sysbios_family_xxx_Hwi_switchAndRunFunc)
                  00006782    00000002                   : BIOS.obj (.text:xdc_runtime_System_abortSpin__E)
                  00006784    0000001c     driverlib.lib : chipinfo.obj (.text:NOROM_ChipInfo_GetChipFamily)
                  000067a0    0000001c     dpl_cc13x2.a : PowerCC26X2_tirtos.oem4f (.text:PowerCC26XX_schedulerDisable)
                  000067bc    0000001c                  : PowerCC26X2_tirtos.oem4f (.text:PowerCC26XX_schedulerRestore)
                  000067d8    0000001c     sysbios.aem4f : BIOS.obj (.text:ti_sysbios_family_arm_m3_Hwi_clearInterrupt__E)
                  000067f4    0000001c     hello_pem4f.oem4f (.text:ti_sysbios_family_arm_m3_Hwi_destruct)
                  00006810    0000001c     sysbios.aem4f : BIOS.obj (.text:ti_sysbios_family_arm_m3_Hwi_excHandler__I)
                  0000682c    0000001c                   : BIOS.obj (.text:ti_sysbios_family_arm_m3_Hwi_setPriority__E)
                  00006848    0000001c                   : BIOS.obj (.text:ti_sysbios_gates_GateMutex_Instance_init__E)
                  00006864    0000001c                   : BIOS.obj (.text:ti_sysbios_knl_Clock_scheduleNextTick__E)
                  00006880    0000001c     hello_pem4f.oem4f (.text:ti_sysbios_knl_Queue_destruct)
                  0000689c    0000001c     sysbios.aem4f : BIOS.obj (.text:ti_sysbios_knl_Queue_put__E)
                  000068b8    0000001c                   : BIOS.obj (.text:ti_sysbios_knl_Swi_construct2__E)
                  000068d4    0000001c     hello_pem4f.oem4f (.text:ti_sysbios_knl_Swi_destruct)
                  000068f0    0000001c     sysbios.aem4f : BIOS.obj (.text:ti_sysbios_knl_Task_enter__I)
                  0000690c    0000001c     ti.uia.loggers.aem4f : LoggerStopMode.oem4f (.text:ti_uia_loggers_LoggerStopMode_Instance_init__E)
                  00006928    0000001c     sysbios.aem4f : BIOS.obj (.text:xdc_runtime_Error_check__E)
                  00006944    0000001c                   : BIOS.obj (.text:xdc_runtime_Error_raiseX__E)
                  00006960    0000001c                   : BIOS.obj (.text:xdc_runtime_Memory_valloc__E)
                  0000697c    0000001c                   : BIOS.obj (.text:xdc_runtime_Registry_findById__E)
                  00006998    0000001c                   : BIOS.obj (.text:xdc_runtime_SysMin_exit__E)
                  000069b4    0000001c                   : BIOS.obj (.text:xdc_runtime_System_abort__E)
                  000069d0    0000001c                   : BIOS.obj (.text:xdc_runtime_Text_ropeText__E)
                  000069ec    0000001a     drivers_cc13x2.a : PWMTimerCC26XX.oem4f (.text:PWMTimerCC26XX_close)
                  00006a06    0000001a                      : PWMTimerCC26XX.oem4f (.text:PWMTimerCC26XX_control)
                  00006a20    0000001a                      : PWMTimerCC26XX.oem4f (.text:PWMTimerCC26XX_stop)
                  00006a3a    0000001a                      : PowerCC26X2.oem4f (.text:PowerCC26XX_calibrate)
                  00006a54    0000001a     sysbios.aem4f : BIOS.obj (.text:ti_sysbios_knl_Task_sleepTimeout__I)
                  00006a6e    00000002                   : BIOS.obj (.text:xdc_runtime_System_exitSpin__E)
                  00006a70    00000018     drivers_cc13x2.a : GPIOCC26XX.oem4f (.text:GPIO_disableInt)
                  00006a88    00000018                      : GPIO.oem4f (.text:GPIO_setCallback)
                  00006aa0    00000018                      : PowerCC26X2.oem4f (.text:Power_idleFunc)
                  00006ab8    00000018                      : UART.oem4f (.text:UART_Params_init)
                  00006ad0    00000018     rtsv7M4_T_le_v4SPD16_eabi.lib : args_main.c.obj (.text:_args_main)
                  00006ae8    00000018                                   : ll_mul_t2.asm.obj (.text)
                  00006b00    00000018     drivers_cc13x2.a : PowerCC26X2.oem4f (.text:switchToTCXO)
                  00006b18    00000018     hello_pem4f.oem4f (.text:ti_sysbios_BIOS_rtsUnlock__I)
                  00006b30    00000018     hello_pem4f.oem4f (.text:ti_sysbios_family_arm_cc26xx_Timer_Module__startupDone__F)
                  00006b48    00000018     hello_pem4f.oem4f (.text:ti_sysbios_family_arm_m3_Hwi_Module__startupDone__F)
                  00006b60    00000018     sysbios.aem4f : BIOS.obj (.text:ti_sysbios_family_arm_m3_Hwi_plug__E)
                  00006b78    00000018                   : m3_TaskSupport_asm.obj (.text:ti_sysbios_family_arm_m3_TaskSupport_swap__E)
                  00006b90    00000018                   : BIOS.obj (.text:ti_sysbios_gates_GateMutex_leave__E)
                  00006ba8    00000018                   : BIOS.obj (.text:ti_sysbios_knl_Swi_or__E)
                  00006bc0    00000018                   : BIOS.obj (.text:ti_sysbios_knl_Task_unblock__E)
                  00006bd8    00000018                   : BIOS.obj (.text:xdc_runtime_System_exit__E)
                  00006bf0    00000016     display_cc13x2.a : DisplayUart.oem4f (.text:DisplayUartMin_close)
                  00006c06    00000016     driverlib.lib : chipinfo.obj (.text:NOROM_ThisLibraryIsFor_CC13x2_CC26x2_HwRev20AndLater_HaltIfViolated)
                  00006c1c    00000016     hello_pem4f.oem4f (.text:ti_sysbios_BIOS_exitFunc__I)
                  00006c32    00000016     sysbios.aem4f : BIOS.obj (.text:ti_sysbios_family_arm_cc26xx_TimestampProvider_get64__E)
                  00006c48    00000016                   : BIOS.obj (.text:ti_sysbios_knl_Clock_Instance_finalize__E)
                  00006c5e    00000016                   : BIOS.obj (.text:ti_sysbios_knl_Clock_start__E)
                  00006c74    00000016     ti.uia.loggers.aem4f : LoggerStopMode.oem4f (.text:ti_uia_loggers_LoggerStopMode_disable__E)
                  00006c8a    00000016                          : LoggerStopMode.oem4f (.text:ti_uia_loggers_LoggerStopMode_enable__E)
                  00006ca0    00000014     ti_drivers_config.obj (.text:Board_init)
                  00006cb4    00000014     drivers_cc13x2.a : PowerCC26X2_calibrateRCOSC.oem4f (.text:PowerCC26X2_calibrate)
                  00006cc8    00000014     rtsv7M4_T_le_v4SPD16_eabi.lib : strlen.c.obj (.text:strlen)
                  00006cdc    00000014     sysbios.aem4f : BIOS.obj (.text:ti_sysbios_family_arm_cc26xx_Timer_getCount64__E)
                  00006cf0    00000014     hello_pem4f.oem4f (.text:ti_sysbios_family_arm_m3_Hwi_Object__get__S)
                  00006d04    00000014     sysbios.aem4f : BIOS.obj (.text:ti_sysbios_family_arm_m3_Hwi_switchFromBootStack__E)
                  00006d18    00000014     hello_pem4f.oem4f (.text:ti_sysbios_heaps_HeapMem_Object__get__S)
                  00006d2c    00000014     hello_pem4f.oem4f (.text:ti_sysbios_knl_Clock_doTick__I)
                  00006d40    00000014     hello_pem4f.oem4f (.text:ti_sysbios_knl_Swi_Object__get__S)
                  00006d54    00000012     drivers_cc13x2.a : GPTimerCC26XX.oem4f (.text:GPTimerCC26XX_Params_init)
                  00006d66    00000012                      : RingBuf.oem4f (.text:RingBuf_construct)
                  00006d78    00000012     dpl_cc13x2.a : SemaphoreP_tirtos.oem4f (.text:SemaphoreP_pend)
                  00006d8a    00000012     sysbios.aem4f : BIOS.obj (.text:ti_sysbios_hal_Hwi_Module_startup__E)
                  00006d9c    00000012     hello_pem4f.oem4f (.text:xdc_runtime_Startup_exec__I)
                  00006dae    00000002     --HOLE-- [fill = 0]
                  00006db0    00000010     drivers_cc13x2.a : ADCCC26XX.oem4f (.text:AUXADCSelectInput)
                  00006dc0    00000010                      : GPIO.oem4f (.text:GPIO_setUserArg)
                  00006dd0    00000010                      : GPIOCC26XX.oem4f (.text:GPIO_write)
                  00006de0    00000010     dpl_cc13x2.a : HwiP_tirtos.oem4f (.text:HwiP_Params_init)
                  00006df0    00000010                  : SwiP_tirtos.oem4f (.text:SwiP_Params_init)
                  00006e00    00000010     sysbios.aem4f : BIOS.obj (.text:ti_sysbios_BIOS_exit__E)
                  00006e10    00000010                   : BIOS.obj (.text:ti_sysbios_BIOS_getCpuFreq__E)
                  00006e20    00000010                   : BIOS.obj (.text:ti_sysbios_BIOS_setThreadType__E)
                  00006e30    00000010                   : BIOS.obj (.text:ti_sysbios_BIOS_start__E)
                  00006e40    00000010                   : m3_TaskSupport_asm.obj (.text:ti_sysbios_family_arm_m3_TaskSupport_glue)
                  00006e50    00000010                   : BIOS.obj (.text:ti_sysbios_gates_GateMutex_Instance_finalize__E)
                  00006e60    00000010                   : BIOS.obj (.text:ti_sysbios_knl_Semaphore_Instance_finalize__E)
                  00006e70    00000010                   : BIOS.obj (.text:ti_sysbios_knl_Swi_disable__E)
                  00006e80    00000010                   : BIOS.obj (.text:ti_sysbios_knl_Swi_enabled__E)
                  00006e90    00000010     hello_pem4f.oem4f (.text:ti_sysbios_knl_Task_Object__get__S)
                  00006ea0    00000010     sysbios.aem4f : BIOS.obj (.text:ti_sysbios_knl_Task_disable__E)
                  00006eb0    00000010     hello_pem4f.oem4f (.text:ti_uia_loggers_LoggerStopMode_Object__get__S)
                  00006ec0    00000010     ti.uia.loggers.aem4f : LoggerStopMode.oem4f (.text:ti_uia_loggers_LoggerStopMode_isEmpty__E)
                  00006ed0    00000010     drivers_cc13x2.a : UARTCC26XX.oem4f (.text:uartPostNotify)
                  00006ee0    00000010     sysbios.aem4f : BIOS.obj (.text:xdc_runtime_Gate_leaveSystem__E)
                  00006ef0    00000010                   : BIOS.obj (.text:xdc_runtime_Memory_free__E)
                  00006f00    00000010                   : BIOS.obj (.text:xdc_runtime_SysMin_ready__E)
                  00006f10    00000010                   : BIOS.obj (.text:xdc_runtime_System_vsnprintf__E)
                  00006f20    0000000e     rtsv7M4_T_le_v4SPD16_eabi.lib : copy_decompress_none.c.obj (.text:decompress:none:__TI_decompress_none)
                  00006f2e    0000000e     sysbios.aem4f : BIOS.obj (.text:ti_sysbios_heaps_HeapMem_restore__E)
                  00006f3c    0000000e                   : BIOS.obj (.text:ti_sysbios_knl_Queue_empty__E)
                  00006f4a    0000000e                   : BIOS.obj (.text:ti_sysbios_knl_Queue_remove__E)
                  00006f58    0000000c     dpl_cc13x2.a : ClockP_tirtos.oem4f (.text:ClockP_getSystemTickPeriod)
                  00006f64    0000000c     driverlib.lib : cpu.obj (.text:NOROM_CPUcpsid)
                  00006f70    0000000c                   : cpu.obj (.text:NOROM_CPUcpsie)
                  00006f7c    0000000c     drivers_cc13x2.a : PowerCC26X2.oem4f (.text:Power_getConstraintMask)
                  00006f88    0000000c                      : PowerCC26X2.oem4f (.text:Power_getDependencyCount)
                  00006f94    0000000c     dpl_cc13x2.a : SemaphoreP_tirtos.oem4f (.text:SemaphoreP_delete)
                  00006fa0    0000000c     rtsv7M4_T_le_v4SPD16_eabi.lib : _lock.c.obj (.text:_register_lock)
                  00006fac    0000000c                                   : _lock.c.obj (.text:_register_unlock)
                  00006fb8    0000000c                                   : copy_zero_init.c.obj (.text:decompress:ZI:__TI_zero_init)
                  00006fc4    0000000c     hello_pem4f.oem4f (.text:ti_sysbios_family_arm_m3_Hwi_Params__init__S)
                  00006fd0    0000000c     sysbios.aem4f : BIOS.obj (.text:ti_sysbios_family_arm_m3_Hwi_disableFxn__E)
                  00006fdc    0000000c                   : BIOS.obj (.text:ti_sysbios_family_arm_m3_TaskSupport_getStackAlignment__E)
                  00006fe8    0000000c                   : BIOS.obj (.text:ti_sysbios_gates_GateHwi_enter__E)
                  00006ff4    0000000c     hello_pem4f.oem4f (.text:ti_sysbios_knl_Clock_Params__init__S)
                  00007000    0000000c     sysbios.aem4f : BIOS.obj (.text:ti_sysbios_knl_Clock_getTimerHandle__E)
                  0000700c    0000000c     hello_pem4f.oem4f (.text:ti_sysbios_knl_Queue_Object__get__S)
                  00007018    0000000c     sysbios.aem4f : BIOS.obj (.text:ti_sysbios_knl_Queue_dequeue__E)
                  00007024    0000000c                   : BIOS.obj (.text:ti_sysbios_knl_Queue_enqueue__E)
                  00007030    0000000c     hello_pem4f.oem4f (.text:ti_sysbios_knl_Semaphore_Params__init__S)
                  0000703c    0000000c     hello_pem4f.oem4f (.text:ti_sysbios_knl_Swi_Params__init__S)
                  00007048    0000000c     sysbios.aem4f : BIOS.obj (.text:ti_sysbios_knl_Swi_getTrigger__E)
                  00007054    0000000c     hello_pem4f.oem4f (.text:ti_sysbios_knl_Task_Params__init__S)
                  00007060    0000000c     sysbios.aem4f : BIOS.obj (.text:ti_sysbios_knl_Task_self__E)
                  0000706c    0000000c                   : BIOS.obj (.text:xdc_runtime_Gate_enterSystem__E)
                  00007078    0000000c                   : BIOS.obj (.text:xdc_runtime_Memory_calloc__E)
                  00007084    0000000c                   : BIOS.obj (.text:xdc_runtime_Memory_getMaxDefaultTypeAlign__E)
                  00007090    0000000c                   : BIOS.obj (.text:xdc_runtime_Startup_rtsDone__E)
                  0000709c    0000000a     drivers_cc13x2.a : ADC.oem4f (.text:ADC_Params_init)
                  000070a6    0000000a                      : ADC.oem4f (.text:ADC_close)
                  000070b0    0000000a                      : ADC.oem4f (.text:ADC_convert)
                  000070ba    0000000a                      : ADC.oem4f (.text:ADC_convertToMicroVolts)
                  000070c4    0000000a     dpl_cc13x2.a : ClockP_tirtos.oem4f (.text:ClockP_Params_init)
                  000070ce    0000000a     drivers_cc13x2.a : UART.oem4f (.text:UART_close)
                  000070d8    0000000a                      : UART.oem4f (.text:UART_control)
                  000070e2    0000000a                      : UART.oem4f (.text:UART_write)
                  000070ec    0000000a                      : UARTCC26XX.oem4f (.text:readSemCallback)
                  000070f6    0000000a     hello_pem4f.oem4f (.text:xdc_runtime_IHeap_alloc)
                  00007100    0000000a     hello_pem4f.oem4f (.text:xdc_runtime_IHeap_free)
                  0000710a    00000008     drivers_cc13x2.a : ADCCC26XX.oem4f (.text:ADCCC26XX_init)
                  00007112    00000008     hello.obj (.text:ADCTaskFunc)
                  0000711a    00000008     drivers_cc13x2.a : GPTimerCC26XX.oem4f (.text:GPTimerCC26XX_setLoadValue)
                  00007122    00000008                      : GPTimerCC26XX.oem4f (.text:GPTimerCC26XX_setMatchValue)
                  0000712a    00000008                      : UARTCC26XX.oem4f (.text:UARTCC26XX_init)
                  00007132    00000008     sysbios.aem4f : BIOS.obj (.text:ti_sysbios_family_arm_m3_Hwi_doSwiRestore__I)
                  0000713a    00000008                   : BIOS.obj (.text:ti_sysbios_family_arm_m3_Hwi_startup__E)
                  00007142    00000008                   : BIOS.obj (.text:ti_sysbios_knl_Idle_loop__E)
                  0000714a    00000008     drivers_cc13x2.a : UARTCC26XX.oem4f (.text:writeSemCallback)
                  00007152    00000008     hello_pem4f.oem4f (.text:xdc_runtime_Text_visitRope__I)
                  0000715a    00000006     drivers_cc13x2.a : ADCCC26XX.oem4f (.text:ADCCC26XX_control)
                  00007160    00000006     display_cc13x2.a : DisplayUart.oem4f (.text:DisplayUartMin_control)
                  00007166    00000006                      : DisplayUart.oem4f (.text:DisplayUartMin_getType)
                  0000716c    00000006     drivers_cc13x2.a : GPTimerCC26XX.oem4f (.text:GPTimerCC26XX_getValue)
                  00007172    00000006     driverlib.lib : cpu.obj (.text:NOROM_CPUdelay)
                  00007178    00000006     drivers_cc13x2.a : UARTCC26XX.oem4f (.text:UARTCC26XX_readPolling)
                  0000717e    00000006                      : UARTCC26XX.oem4f (.text:UARTCC26XX_writePolling)
                  00007184    00000006                      : PowerCC26X2.oem4f (.text:delayUs)
                  0000718a    00000006     hello.obj (.text:myDelay)
                  00007190    00000006     sysbios.aem4f : BIOS.obj (.text:ti_sysbios_family_arm_m3_Hwi_doTaskRestore__I)
                  00007196    00000006                   : BIOS.obj (.text:ti_sysbios_family_arm_m3_Hwi_restoreFxn__E)
                  0000719c    00000006                   : BIOS.obj (.text:ti_sysbios_gates_GateHwi_leave__E)
                  000071a2    00000006                   : BIOS.obj (.text:ti_sysbios_heaps_HeapMem_isBlocking__E)
                  000071a8    00000006                   : BIOS.obj (.text:ti_sysbios_knl_Queue_Instance_init__E)
                  000071ae    00000006                   : BIOS.obj (.text:ti_sysbios_knl_Queue_elemClear__E)
                  000071b4    00000006                   : BIOS.obj (.text:ti_sysbios_knl_Swi_startup__E)
                  000071ba    00000006                   : BIOS.obj (.text:xdc_runtime_System_Module_startup__E)
                  000071c0    00000004     dpl_cc13x2.a : PowerCC26X2_tirtos.oem4f (.text:CPUwfi)
                  000071c4    00000004                  : ClockP_tirtos.oem4f (.text:ClockP_destruct)
                  000071c8    00000004                  : ClockP_tirtos.oem4f (.text:ClockP_getCpuFreq)
                  000071cc    00000004                  : ClockP_tirtos.oem4f (.text:ClockP_setTimeout)
                  000071d0    00000004                  : ClockP_tirtos.oem4f (.text:ClockP_start)
                  000071d4    00000004                  : ClockP_tirtos.oem4f (.text:ClockP_stop)
                  000071d8    00000004                  : HwiP_tirtos.oem4f (.text:HwiP_clearInterrupt)
                  000071dc    00000004                  : HwiP_tirtos.oem4f (.text:HwiP_destruct)
                  000071e0    00000004                  : HwiP_tirtos.oem4f (.text:HwiP_disable)
                  000071e4    00000004                  : SemaphoreP_tirtos.oem4f (.text:SemaphoreP_destruct)
                  000071e8    00000004                  : SemaphoreP_tirtos.oem4f (.text:SemaphoreP_post)
                  000071ec    00000004                  : SwiP_tirtos.oem4f (.text:SwiP_destruct)
                  000071f0    00000004                  : SwiP_tirtos.oem4f (.text:SwiP_getTrigger)
                  000071f4    00000004                  : SwiP_tirtos.oem4f (.text:SwiP_or)
                  000071f8    00000004                  : SystemP_tirtos.oem4f (.text:SystemP_vsnprintf)
                  000071fc    00000004     drivers_cc13x2.a : PowerCC26X2.oem4f (.text:configureRFCoreClocks)
                  00007200    00000004                      : PowerCC26X2.oem4f (.text:nopResourceHandler)
                  00007204    00000004     hello_pem4f.oem4f (.text:ti_sysbios_BIOS_RtsGateProxy_enter__E)
                  00007208    00000004     hello_pem4f.oem4f (.text:ti_sysbios_BIOS_RtsGateProxy_leave__E)
                  0000720c    00000004     sysbios.aem4f : BIOS.obj (.text:ti_sysbios_family_arm_cc26xx_Timer_setPeriod__E)
                  00007210    00000004     hello_pem4f.oem4f (.text:ti_sysbios_family_arm_m3_TaskSupport_Module__startupDone__S)
                  00007214    00000004     sysbios.aem4f : BIOS.obj (.text:ti_sysbios_gates_GateHwi_query__E)
                  00007218    00000004                   : BIOS.obj (.text:ti_sysbios_gates_GateMutex_query__E)
                  0000721c    00000004     hello_pem4f.oem4f (.text:ti_sysbios_heaps_HeapMem_Module_GateProxy_enter__E)
                  00007220    00000004     hello_pem4f.oem4f (.text:ti_sysbios_heaps_HeapMem_Module_GateProxy_leave__E)
                  00007224    00000004     hello_pem4f.oem4f (.text:ti_sysbios_knl_Clock_TimerProxy_getCurrentTick__E)
                  00007228    00000004     hello_pem4f.oem4f (.text:ti_sysbios_knl_Clock_TimerProxy_getMaxTicks__E)
                  0000722c    00000004     hello_pem4f.oem4f (.text:ti_sysbios_knl_Clock_TimerProxy_setNextTick__E)
                  00007230    00000004     sysbios.aem4f : BIOS.obj (.text:ti_sysbios_knl_Clock_removeI__E)
                  00007234    00000004                   : BIOS.obj (.text:ti_sysbios_knl_Clock_setTimeout__E)
                  00007238    00000004                   : BIOS.obj (.text:ti_sysbios_knl_Queue_head__E)
                  0000723c    00000004                   : BIOS.obj (.text:ti_sysbios_knl_Queue_next__E)
                  00007240    00000004                   : BIOS.obj (.text:ti_sysbios_knl_Queue_prev__E)
                  00007244    00000004     hello_pem4f.oem4f (.text:ti_sysbios_knl_Semaphore_delete)
                  00007248    00000004     sysbios.aem4f : BIOS.obj (.text:ti_sysbios_knl_Swi_postInit__I)
                  0000724c    00000004                   : BIOS.obj (.text:ti_sysbios_knl_Task_startup__E)
                  00007250    00000004     ti.uia.loggers.aem4f : LoggerStopMode.oem4f (.text:ti_uia_loggers_LoggerStopMode_getContents__E)
                  00007254    00000004     hello_pem4f.oem4f (.text:ti_uia_loggers_LoggerStopMode_getFilterLevel__E)
                  00007258    00000004     ti.uia.loggers.aem4f : LoggerStopMode.oem4f (.text:ti_uia_loggers_LoggerStopMode_getInstanceId__E)
                  0000725c    00000004                          : LoggerStopMode.oem4f (.text:ti_uia_loggers_LoggerStopMode_getMaxLength__E)
                  00007260    00000004                          : LoggerStopMode.oem4f (.text:ti_uia_loggers_LoggerStopMode_getPriority__E)
                  00007264    00000004                          : LoggerStopMode.oem4f (.text:ti_uia_loggers_LoggerStopMode_getTransferType__E)
                  00007268    00000004     hello_pem4f.oem4f (.text:xdc_runtime_System_Module_GateProxy_enter__E)
                  0000726c    00000004     hello_pem4f.oem4f (.text:xdc_runtime_System_Module_GateProxy_leave__E)

.const     0    00007270    000007e7     
                  00007270    00000060     hello_pem4f.oem4f (.const:ti_uia_loggers_LoggerStopMode_Module__FXNS__C)
                  000072d0    00000054     drivers_cc13x2.a : PowerCC26X2.oem4f (.const:resourceDB)
                  00007324    0000003c     hello_pem4f.oem4f (.const:ti_sysbios_knl_Task_Object__PARAMS__C)
                  00007360    00000030     hello_pem4f.oem4f (.const:ti_sysbios_family_arm_m3_Hwi_Object__PARAMS__C)
                  00007390    00000028     drivers_cc13x2.a : UARTCC26XX.oem4f (.const:UARTCC26XX_fxnTable)
                  000073b8    00000028     hello_pem4f.oem4f (.const:ti_sysbios_heaps_HeapMem_Module__FXNS__C)
                  000073e0    00000028     hello_pem4f.oem4f (.const:ti_sysbios_knl_Swi_Object__PARAMS__C)
                  00007408    00000028     hello_pem4f.oem4f (.const:ti_uia_loggers_LoggerStopMode_Object__PARAMS__C)
                  00007430    00000028     ti_drivers_config.obj (.const:uartCC26XXHWAttrs)
                  00007458    00000028     hello_pem4f.oem4f (.const:xdc_runtime_Startup_sfxnTab__A)
                  00007480    00000024     drivers_cc13x2.a : PWMTimerCC26XX.oem4f (.const:PWMTimerCC26XX_fxnTable)
                  000074a4    00000024                      : UART.oem4f (.const:UART_defaultParams)
                  000074c8    00000024     hello_pem4f.oem4f (.const:ti_sysbios_gates_GateHwi_Module__FXNS__C)
                  000074ec    00000024     hello_pem4f.oem4f (.const:ti_sysbios_gates_GateMutex_Module__FXNS__C)
                  00007510    00000024     hello_pem4f.oem4f (.const:ti_sysbios_heaps_HeapMem_Object__PARAMS__C)
                  00007534    00000024     hello_pem4f.oem4f (.const:ti_sysbios_knl_Clock_Object__PARAMS__C)
                  00007558    00000024     hello_pem4f.oem4f (.const:ti_sysbios_knl_Semaphore_Object__PARAMS__C)
                  0000757c    00000020     display_cc13x2.a : DisplayUart.oem4f (.const:DisplayUartMin_fxnTable)
                  0000759c    00000020     hello_pem4f.oem4f (.const:ti_sysbios_family_arm_m3_Hwi_Object__DESC__C)
                  000075bc    00000020     hello_pem4f.oem4f (.const:ti_sysbios_gates_GateHwi_Object__DESC__C)
                  000075dc    00000020     hello_pem4f.oem4f (.const:ti_sysbios_gates_GateMutex_Object__DESC__C)
                  000075fc    00000020     hello_pem4f.oem4f (.const:ti_sysbios_heaps_HeapMem_Object__DESC__C)
                  0000761c    00000020     hello_pem4f.oem4f (.const:ti_sysbios_knl_Clock_Object__DESC__C)
                  0000763c    00000020     hello_pem4f.oem4f (.const:ti_sysbios_knl_Queue_Object__DESC__C)
                  0000765c    00000020     hello_pem4f.oem4f (.const:ti_sysbios_knl_Semaphore_Object__DESC__C)
                  0000767c    00000020     hello_pem4f.oem4f (.const:ti_sysbios_knl_Swi_Object__DESC__C)
                  0000769c    00000020     hello_pem4f.oem4f (.const:ti_sysbios_knl_Task_Object__DESC__C)
                  000076bc    00000020     hello_pem4f.oem4f (.const:ti_uia_loggers_LoggerStopMode_Object__DESC__C)
                  000076dc    0000001c     drivers_cc13x2.a : ADCCC26XX.oem4f (.const:ADCCC26XX_fxnTable)
                  000076f8    0000001c                      : GPTimerCC26XX.oem4f (.const:GPT_LUT)
                  00007714    00000018     hello_pem4f.oem4f (.const:ti_sysbios_gates_GateHwi_Object__PARAMS__C)
                  0000772c    00000018     hello_pem4f.oem4f (.const:ti_sysbios_gates_GateMutex_Object__PARAMS__C)
                  00007744    00000018     hello_pem4f.oem4f (.const:ti_sysbios_knl_Queue_Object__PARAMS__C)
                  0000775c    00000014     ti_drivers_config.obj (.const:PowerCC26X2_config)
                  00007770    00000014     ti_drivers_config.obj (.const:displayUartHWAttrs)
                  00007784    00000014     drivers_cc13x2.a : UARTCC26XX.oem4f (.const:parityType)
                  00007798    00000014     hello_pem4f.oem4f (.const:xdc_runtime_Startup_sfxnRts__A)
                  000077ac    00000010     ti_drivers_config.obj (.const:GPIO_config)
                  000077bc    00000010     drivers_cc13x2.a : UARTCC26XX.oem4f (.const:dataLength)
                  000077cc    00000010     ti_drivers_config.obj (.const)
                  000077dc    0000000c     ti_drivers_config.obj (.const:ADC_config)
                  000077e8    0000000c     ti_drivers_config.obj (.const:Display_config)
                  000077f4    0000000c     ti_drivers_config.obj (.const:GPTimerCC26XX_config)
                  00007800    0000000c     ti_drivers_config.obj (.const:PWM_config)
                  0000780c    0000000c     ti_drivers_config.obj (.const:UART_config)
                  00007818    0000000c     ti_drivers_config.obj (.const:adcCC26xxHWAttrs)
                  00007824    0000000c     ti_drivers_config.obj (.const:gptimerCC26XXHWAttrs)
                  00007830    0000000c     hello_pem4f.oem4f (.const:xdc_runtime_Startup_firstFxns__A)
                  0000783c    00000008     driverlib.lib : aux_sysif.obj (.const:$O1$$)
                  00007844    00000008     drivers_cc13x2.a : ADC.oem4f (.const:ADC_defaultParams)
                  0000784c    00000008                      : GPTimerCC26XX.oem4f (.const:GPT_DefaultParams)
                  00007854    00000008                      : UARTCC26XX.oem4f (.const:stopBits)
                  0000785c    00000008     hello_pem4f.oem4f (.const:ti_sysbios_knl_Idle_funcList__C)
                  00007864    00000008     hello_pem4f.oem4f (.const:xdc_runtime_Startup_firstFxns__C)
                  0000786c    00000008     hello_pem4f.oem4f (.const:xdc_runtime_Startup_lastFxns__C)
                  00007874    00000006     drivers_cc13x2.a : UARTCC26XX.oem4f (.const:.string:rxFifoBytes)
                  0000787a    00000006                      : UARTCC26XX.oem4f (.const:.string:rxFifoThreshold)
                  00007880    00000006                      : UARTCC26XX.oem4f (.const:.string:txFifoBytes)
                  00007886    00000006                      : UARTCC26XX.oem4f (.const:.string:txFifoThreshold)
                  0000788c    00000004     hello_pem4f.oem4f (.const:ti_sysbios_family_arm_cc26xx_Timer_funcHookCH1__C)
                  00007890    00000004     hello_pem4f.oem4f (.const:ti_sysbios_family_arm_cc26xx_Timer_funcHookCH2__C)
                  00007894    00000004     hello_pem4f.oem4f (.const:ti_sysbios_family_arm_cc26xx_Timer_startupNeeded__C)
                  00007898    00000004     hello_pem4f.oem4f (.const:ti_sysbios_family_arm_m3_Hwi_E_alreadyDefined__C)
                  0000789c    00000004     hello_pem4f.oem4f (.const:ti_sysbios_family_arm_m3_Hwi_E_badIntNum__C)
                  000078a0    00000004     hello_pem4f.oem4f (.const:ti_sysbios_family_arm_m3_Hwi_LD_end__C)
                  000078a4    00000004     hello_pem4f.oem4f (.const:ti_sysbios_family_arm_m3_Hwi_LM_begin__C)
                  000078a8    00000004     hello_pem4f.oem4f (.const:ti_sysbios_family_arm_m3_Hwi_Module__diagsEnabled__C)
                  000078ac    00000004     hello_pem4f.oem4f (.const:ti_sysbios_family_arm_m3_Hwi_Module__diagsIncluded__C)
                  000078b0    00000004     hello_pem4f.oem4f (.const:ti_sysbios_family_arm_m3_Hwi_Module__diagsMask__C)
                  000078b4    00000004     hello_pem4f.oem4f (.const:ti_sysbios_family_arm_m3_Hwi_Module__loggerFxn1__C)
                  000078b8    00000004     hello_pem4f.oem4f (.const:ti_sysbios_family_arm_m3_Hwi_Module__loggerFxn8__C)
                  000078bc    00000004     hello_pem4f.oem4f (.const:ti_sysbios_family_arm_m3_Hwi_Module__loggerObj__C)
                  000078c0    00000004     hello_pem4f.oem4f (.const:ti_sysbios_family_arm_m3_Hwi_NUM_INTERRUPTS__C)
                  000078c4    00000004     hello_pem4f.oem4f (.const:ti_sysbios_family_arm_m3_Hwi_Object__count__C)
                  000078c8    00000004     hello_pem4f.oem4f (.const:ti_sysbios_family_arm_m3_Hwi_ccr__C)
                  000078cc    00000004     hello_pem4f.oem4f (.const:ti_sysbios_family_arm_m3_Hwi_excHandlerFunc__C)
                  000078d0    00000004     hello_pem4f.oem4f (.const:ti_sysbios_family_arm_m3_Hwi_nullIsrFunc__C)
                  000078d4    00000004     hello_pem4f.oem4f (.const:ti_sysbios_family_arm_m3_Hwi_priGroup__C)
                  000078d8    00000004     hello_pem4f.oem4f (.const:ti_sysbios_family_arm_m3_TaskSupport_stackAlignment__C)
                  000078dc    00000004     hello_pem4f.oem4f (.const:ti_sysbios_gates_GateMutex_Instance_State_sem__O)
                  000078e0    00000004     hello_pem4f.oem4f (.const:ti_sysbios_heaps_HeapMem_E_memory__C)
                  000078e4    00000004     hello_pem4f.oem4f (.const:ti_sysbios_heaps_HeapMem_Module__gateObj__C)
                  000078e8    00000004     hello_pem4f.oem4f (.const:ti_sysbios_heaps_HeapMem_Object__count__C)
                  000078ec    00000004     hello_pem4f.oem4f (.const:ti_sysbios_heaps_HeapMem_primaryHeapBaseAddr__C)
                  000078f0    00000004     hello_pem4f.oem4f (.const:ti_sysbios_heaps_HeapMem_primaryHeapEndAddr__C)
                  000078f4    00000004     hello_pem4f.oem4f (.const:ti_sysbios_heaps_HeapMem_reqAlign__C)
                  000078f8    00000004     hello_pem4f.oem4f (.const:ti_sysbios_knl_Clock_LM_begin__C)
                  000078fc    00000004     hello_pem4f.oem4f (.const:ti_sysbios_knl_Clock_LM_tick__C)
                  00007900    00000004     hello_pem4f.oem4f (.const:ti_sysbios_knl_Clock_Module_State_clockQ__O)
                  00007904    00000004     hello_pem4f.oem4f (.const:ti_sysbios_knl_Clock_Module__diagsEnabled__C)
                  00007908    00000004     hello_pem4f.oem4f (.const:ti_sysbios_knl_Clock_Module__diagsIncluded__C)
                  0000790c    00000004     hello_pem4f.oem4f (.const:ti_sysbios_knl_Clock_Module__diagsMask__C)
                  00007910    00000004     hello_pem4f.oem4f (.const:ti_sysbios_knl_Clock_Module__loggerFxn1__C)
                  00007914    00000004     hello_pem4f.oem4f (.const:ti_sysbios_knl_Clock_Module__loggerFxn2__C)
                  00007918    00000004     hello_pem4f.oem4f (.const:ti_sysbios_knl_Clock_Module__loggerObj__C)
                  0000791c    00000004     hello_pem4f.oem4f (.const:ti_sysbios_knl_Clock_tickPeriod__C)
                  00007920    00000004     hello_pem4f.oem4f (.const:ti_sysbios_knl_Clock_triggerClock__C)
                  00007924    00000004     hello_pem4f.oem4f (.const:ti_sysbios_knl_Idle_funcList__A)
                  00007928    00000004     hello_pem4f.oem4f (.const:ti_sysbios_knl_Semaphore_Instance_State_pendQ__O)
                  0000792c    00000004     hello_pem4f.oem4f (.const:ti_sysbios_knl_Semaphore_LM_pend__C)
                  00007930    00000004     hello_pem4f.oem4f (.const:ti_sysbios_knl_Semaphore_LM_post__C)
                  00007934    00000004     hello_pem4f.oem4f (.const:ti_sysbios_knl_Semaphore_Module__diagsEnabled__C)
                  00007938    00000004     hello_pem4f.oem4f (.const:ti_sysbios_knl_Semaphore_Module__diagsIncluded__C)
                  0000793c    00000004     hello_pem4f.oem4f (.const:ti_sysbios_knl_Semaphore_Module__diagsMask__C)
                  00007940    00000004     hello_pem4f.oem4f (.const:ti_sysbios_knl_Semaphore_Module__loggerFxn2__C)
                  00007944    00000004     hello_pem4f.oem4f (.const:ti_sysbios_knl_Semaphore_Module__loggerFxn4__C)
                  00007948    00000004     hello_pem4f.oem4f (.const:ti_sysbios_knl_Semaphore_Module__loggerObj__C)
                  0000794c    00000004     hello_pem4f.oem4f (.const:ti_sysbios_knl_Swi_LD_end__C)
                  00007950    00000004     hello_pem4f.oem4f (.const:ti_sysbios_knl_Swi_LM_begin__C)
                  00007954    00000004     hello_pem4f.oem4f (.const:ti_sysbios_knl_Swi_LM_post__C)
                  00007958    00000004     hello_pem4f.oem4f (.const:ti_sysbios_knl_Swi_Module__diagsEnabled__C)
                  0000795c    00000004     hello_pem4f.oem4f (.const:ti_sysbios_knl_Swi_Module__diagsIncluded__C)
                  00007960    00000004     hello_pem4f.oem4f (.const:ti_sysbios_knl_Swi_Module__diagsMask__C)
                  00007964    00000004     hello_pem4f.oem4f (.const:ti_sysbios_knl_Swi_Module__loggerFxn1__C)
                  00007968    00000004     hello_pem4f.oem4f (.const:ti_sysbios_knl_Swi_Module__loggerFxn4__C)
                  0000796c    00000004     hello_pem4f.oem4f (.const:ti_sysbios_knl_Swi_Module__loggerObj__C)
                  00007970    00000004     hello_pem4f.oem4f (.const:ti_sysbios_knl_Swi_Object__count__C)
                  00007974    00000004     hello_pem4f.oem4f (.const:ti_sysbios_knl_Swi_numPriorities__C)
                  00007978    00000004     hello_pem4f.oem4f (.const:ti_sysbios_knl_Task_LD_block__C)
                  0000797c    00000004     hello_pem4f.oem4f (.const:ti_sysbios_knl_Task_LD_exit__C)
                  00007980    00000004     hello_pem4f.oem4f (.const:ti_sysbios_knl_Task_LD_ready__C)
                  00007984    00000004     hello_pem4f.oem4f (.const:ti_sysbios_knl_Task_LM_sleep__C)
                  00007988    00000004     hello_pem4f.oem4f (.const:ti_sysbios_knl_Task_LM_switch__C)
                  0000798c    00000004     hello_pem4f.oem4f (.const:ti_sysbios_knl_Task_Module_State_inactiveQ__O)
                  00007990    00000004     hello_pem4f.oem4f (.const:ti_sysbios_knl_Task_Module__diagsEnabled__C)
                  00007994    00000004     hello_pem4f.oem4f (.const:ti_sysbios_knl_Task_Module__diagsIncluded__C)
                  00007998    00000004     hello_pem4f.oem4f (.const:ti_sysbios_knl_Task_Module__diagsMask__C)
                  0000799c    00000004     hello_pem4f.oem4f (.const:ti_sysbios_knl_Task_Module__loggerFxn2__C)
                  000079a0    00000004     hello_pem4f.oem4f (.const:ti_sysbios_knl_Task_Module__loggerFxn4__C)
                  000079a4    00000004     hello_pem4f.oem4f (.const:ti_sysbios_knl_Task_Module__loggerObj__C)
                  000079a8    00000004     hello_pem4f.oem4f (.const:ti_sysbios_knl_Task_Object__count__C)
                  000079ac    00000004     hello_pem4f.oem4f (.const:ti_sysbios_knl_Task_allBlockedFunc__C)
                  000079b0    00000004     hello_pem4f.oem4f (.const:ti_sysbios_knl_Task_defaultStackHeap__C)
                  000079b4    00000004     hello_pem4f.oem4f (.const:ti_sysbios_knl_Task_defaultStackSize__C)
                  000079b8    00000004     hello_pem4f.oem4f (.const:ti_sysbios_knl_Task_numConstructedTasks__C)
                  000079bc    00000004     hello_pem4f.oem4f (.const:ti_uia_loggers_LoggerStopMode_Module__diagsEnabled__C)
                  000079c0    00000004     hello_pem4f.oem4f (.const:ti_uia_loggers_LoggerStopMode_Module__diagsIncluded__C)
                  000079c4    00000004     hello_pem4f.oem4f (.const:ti_uia_loggers_LoggerStopMode_Module__diagsMask__C)
                  000079c8    00000004     hello_pem4f.oem4f (.const:ti_uia_loggers_LoggerStopMode_Object__count__C)
                  000079cc    00000004     hello_pem4f.oem4f (.const:ti_uia_runtime_ILoggerSnapshot_Interface__BASE__C)
                  000079d0    00000004     hello_pem4f.oem4f (.const:ti_uia_runtime_IUIATransfer_Interface__BASE__C)
                  000079d4    00000004     hello_pem4f.oem4f (.const:xdc_runtime_Assert_E_assertFailed__C)
                  000079d8    00000004     hello_pem4f.oem4f (.const:xdc_runtime_Error_E_memory__C)
                  000079dc    00000004     hello_pem4f.oem4f (.const:xdc_runtime_Error_policyFxn__C)
                  000079e0    00000004     hello_pem4f.oem4f (.const:xdc_runtime_IFilterLogger_Interface__BASE__C)
                  000079e4    00000004     hello_pem4f.oem4f (.const:xdc_runtime_IGateProvider_Interface__BASE__C)
[...]
00007714  ti_sysbios_gates_GateHwi_Object__PARAMS__C                         
0000772c  ti_sysbios_gates_GateMutex_Object__PARAMS__C                       
00007744  ti_sysbios_knl_Queue_Object__PARAMS__C                             
0000775c  PowerCC26X2_config                                                 
00007770  displayUartHWAttrs                                                 
00007798  xdc_runtime_Startup_sfxnRts__A                                     
000077ac  GPIO_config                                                        
000077cc  Display_count                                                      
000077cd  CONFIG_ADC_0_CONST                                                 
000077ce  ADC_count                                                          
000077cf  GPIO_pinLowerBound                                                 
000077d0  GPIO_pinUpperBound                                                 
000077d1  CONFIG_GPIO_ADC_0_AIN_CONST                                        
000077d2  Board_GPIO_LED0_CONST                                              
000077d3  CONFIG_GPIO_0_CONST                                                
000077d4  CONFIG_GPIO_1_CONST                                                
000077d5  CONFIG_GPIO_PWM_0_CONST                                            
000077d6  CONFIG_PWM_0_CONST                                                 
000077d7  PWM_count                                                          
000077d8  CONFIG_UART_0_CONST                                                
000077d9  UART_count                                                         
000077da  CONFIG_GPTIMER_0_CONST                                             
000077db  GPTimer_count                                                      
000077dc  ADC_config                                                         
000077e8  Display_config                                                     
000077f4  GPTimerCC26XX_config                                               
00007800  PWM_config                                                         
0000780c  UART_config                                                        
00007818  adcCC26xxHWAttrs                                                   
00007824  gptimerCC26XXHWAttrs                                               
00007830  xdc_runtime_Startup_firstFxns__A                                   
00007844  ADC_defaultParams                                                  
0000785c  ti_sysbios_knl_Idle_funcList__C                                    
00007864  xdc_runtime_Startup_firstFxns__C                                   
0000786c  xdc_runtime_Startup_lastFxns__C                                    
0000788c  ti_sysbios_family_arm_cc26xx_Timer_funcHookCH1__C                  
00007890  ti_sysbios_family_arm_cc26xx_Timer_funcHookCH2__C                  
00007894  ti_sysbios_family_arm_cc26xx_Timer_startupNeeded__C                
00007898  ti_sysbios_family_arm_m3_Hwi_E_alreadyDefined__C                   
0000789c  ti_sysbios_family_arm_m3_Hwi_E_badIntNum__C                        
000078a0  ti_sysbios_family_arm_m3_Hwi_LD_end__C                             
000078a4  ti_sysbios_family_arm_m3_Hwi_LM_begin__C                           
000078a8  ti_sysbios_family_arm_m3_Hwi_Module__diagsEnabled__C               
000078ac  ti_sysbios_family_arm_m3_Hwi_Module__diagsIncluded__C              
000078b0  ti_sysbios_family_arm_m3_Hwi_Module__diagsMask__C                  
000078b4  ti_sysbios_family_arm_m3_Hwi_Module__loggerFxn1__C                 
000078b8  ti_sysbios_family_arm_m3_Hwi_Module__loggerFxn8__C                 
000078bc  ti_sysbios_family_arm_m3_Hwi_Module__loggerObj__C                  
000078c0  ti_sysbios_family_arm_m3_Hwi_NUM_INTERRUPTS__C                     
000078c4  ti_sysbios_family_arm_m3_Hwi_Object__count__C                      
000078c8  ti_sysbios_family_arm_m3_Hwi_ccr__C                                
000078cc  ti_sysbios_family_arm_m3_Hwi_excHandlerFunc__C                     
000078d0  ti_sysbios_family_arm_m3_Hwi_nullIsrFunc__C                        
000078d4  ti_sysbios_family_arm_m3_Hwi_priGroup__C                           
000078d8  ti_sysbios_family_arm_m3_TaskSupport_stackAlignment__C             
000078dc  ti_sysbios_gates_GateMutex_Instance_State_sem__O                   
000078e0  ti_sysbios_heaps_HeapMem_E_memory__C                               
000078e4  ti_sysbios_heaps_HeapMem_Module__gateObj__C                        
000078e8  ti_sysbios_heaps_HeapMem_Object__count__C                          
000078ec  ti_sysbios_heaps_HeapMem_primaryHeapBaseAddr__C                    
000078f0  ti_sysbios_heaps_HeapMem_primaryHeapEndAddr__C                     
000078f4  ti_sysbios_heaps_HeapMem_reqAlign__C                               
000078f8  ti_sysbios_knl_Clock_LM_begin__C                                   
000078fc  ti_sysbios_knl_Clock_LM_tick__C                                    
00007900  ti_sysbios_knl_Clock_Module_State_clockQ__O                        
00007904  ti_sysbios_knl_Clock_Module__diagsEnabled__C                       
00007908  ti_sysbios_knl_Clock_Module__diagsIncluded__C                      
0000790c  ti_sysbios_knl_Clock_Module__diagsMask__C                          
00007910  ti_sysbios_knl_Clock_Module__loggerFxn1__C                         
00007914  ti_sysbios_knl_Clock_Module__loggerFxn2__C                         
00007918  ti_sysbios_knl_Clock_Module__loggerObj__C                          
0000791c  ti_sysbios_knl_Clock_tickPeriod__C                                 
00007920  ti_sysbios_knl_Clock_triggerClock__C                               
00007924  ti_sysbios_knl_Idle_funcList__A                                    
00007928  ti_sysbios_knl_Semaphore_Instance_State_pendQ__O                   
0000792c  ti_sysbios_knl_Semaphore_LM_pend__C                                
00007930  ti_sysbios_knl_Semaphore_LM_post__C                                
00007934  ti_sysbios_knl_Semaphore_Module__diagsEnabled__C                   
00007938  ti_sysbios_knl_Semaphore_Module__diagsIncluded__C                  
0000793c  ti_sysbios_knl_Semaphore_Module__diagsMask__C                      
00007940  ti_sysbios_knl_Semaphore_Module__loggerFxn2__C                     
00007944  ti_sysbios_knl_Semaphore_Module__loggerFxn4__C                     
00007948  ti_sysbios_knl_Semaphore_Module__loggerObj__C                      
0000794c  ti_sysbios_knl_Swi_LD_end__C                                       
00007950  ti_sysbios_knl_Swi_LM_begin__C                                     
00007954  ti_sysbios_knl_Swi_LM_post__C                                      
00007958  ti_sysbios_knl_Swi_Module__diagsEnabled__C                         
0000795c  ti_sysbios_knl_Swi_Module__diagsIncluded__C                        
00007960  ti_sysbios_knl_Swi_Module__diagsMask__C                            
00007964  ti_sysbios_knl_Swi_Module__loggerFxn1__C                           
00007968  ti_sysbios_knl_Swi_Module__loggerFxn4__C                           
0000796c  ti_sysbios_knl_Swi_Module__loggerObj__C                            
00007970  ti_sysbios_knl_Swi_Object__count__C                                
00007974  ti_sysbios_knl_Swi_numPriorities__C                                
00007978  ti_sysbios_knl_Task_LD_block__C                                    
0000797c  ti_sysbios_knl_Task_LD_exit__C                                     
00007980  ti_sysbios_knl_Task_LD_ready__C                                    
00007984  ti_sysbios_knl_Task_LM_sleep__C                                    
00007988  ti_sysbios_knl_Task_LM_switch__C                                   
0000798c  ti_sysbios_knl_Task_Module_State_inactiveQ__O                      
00007990  ti_sysbios_knl_Task_Module__diagsEnabled__C                        
00007994  ti_sysbios_knl_Task_Module__diagsIncluded__C                       
00007998  ti_sysbios_knl_Task_Module__diagsMask__C                           
0000799c  ti_sysbios_knl_Task_Module__loggerFxn2__C                          
000079a0  ti_sysbios_knl_Task_Module__loggerFxn4__C                          
000079a4  ti_sysbios_knl_Task_Module__loggerObj__C                           
000079a8  ti_sysbios_knl_Task_Object__count__C                               
000079ac  ti_sysbios_knl_Task_allBlockedFunc__C                              
000079b0  ti_sysbios_knl_Task_defaultStackHeap__C                            
000079b4  ti_sysbios_knl_Task_defaultStackSize__C                            
000079b8  ti_sysbios_knl_Task_numConstructedTasks__C                         
000079bc  ti_uia_loggers_LoggerStopMode_Module__diagsEnabled__C              
000079c0  ti_uia_loggers_LoggerStopMode_Module__diagsIncluded__C             
000079c4  ti_uia_loggers_LoggerStopMode_Module__diagsMask__C                 
000079c8  ti_uia_loggers_LoggerStopMode_Object__count__C                     
000079cc  ti_uia_runtime_ILoggerSnapshot_Interface__BASE__C                  
000079d0  ti_uia_runtime_IUIATransfer_Interface__BASE__C                     
000079d4  xdc_runtime_Assert_E_assertFailed__C                               
000079d8  xdc_runtime_Error_E_memory__C                                      
000079dc  xdc_runtime_Error_policyFxn__C                                     
000079e0  xdc_runtime_IFilterLogger_Interface__BASE__C                       
000079e4  xdc_runtime_IGateProvider_Interface__BASE__C                       
000079e8  xdc_runtime_IHeap_Interface__BASE__C                               
000079ec  xdc_runtime_ILogger_Interface__BASE__C                             
000079f0  xdc_runtime_IModule_Interface__BASE__C                             
000079f4  xdc_runtime_Memory_defaultHeapInstance__C                          
000079f8  xdc_runtime_Startup_execImpl__C                                    
000079fc  xdc_runtime_Startup_maxPasses__C                                   
00007a00  xdc_runtime_Startup_sfxnRts__C                                     
00007a04  xdc_runtime_Startup_sfxnTab__C                                     
00007a08  xdc_runtime_SysMin_bufSize__C                                      
00007a0c  xdc_runtime_SysMin_outputFunc__C                                   
00007a10  xdc_runtime_System_Module__gateObj__C                              
00007a14  xdc_runtime_System_abortFxn__C                                     
00007a18  xdc_runtime_System_exitFxn__C                                      
00007a1c  xdc_runtime_System_extendFxn__C                                    
00007a20  xdc_runtime_System_maxAtexitHandlers__C                            
00007a24  xdc_runtime_Text_charTab__C                                        
00007a28  xdc_runtime_Text_visitRopeFxn__C                                   
00007a2c  pwmTimerCC26XXHWAttrs                                              
00007a2e  ti_sysbios_family_arm_cc26xx_TimestampProvider_useClockTimer__C    
00007a30  ti_sysbios_family_arm_m3_Hwi_Module__id__C                         
00007a32  ti_sysbios_family_arm_m3_Hwi_Module__loggerDefined__C              
00007a34  ti_sysbios_heaps_HeapMem_Module__id__C                             
00007a36  ti_sysbios_knl_Clock_Module__id__C                                 
00007a38  ti_sysbios_knl_Clock_Module__loggerDefined__C                      
00007a3a  ti_sysbios_knl_Semaphore_Module__id__C                             
00007a3c  ti_sysbios_knl_Semaphore_Module__loggerDefined__C                  
00007a3e  ti_sysbios_knl_Swi_Module__id__C                                   
00007a40  ti_sysbios_knl_Swi_Module__loggerDefined__C                        
00007a42  ti_sysbios_knl_Task_Module__id__C                                  
00007a44  ti_sysbios_knl_Task_Module__loggerDefined__C                       
00007a46  ti_uia_loggers_LoggerStopMode_Module__id__C                        
00007a48  ti_uia_loggers_LoggerStopMode_isTimestampEnabled__C                
00007a4a  xdc_runtime_Memory_Module__id__C                                   
00007a4c  xdc_runtime_SysMin_flushAtExit__C                                  
00007a4e  xdc_runtime_Text_isLoaded__C                                       
00007a50  xdc_runtime_Text_registryModsLastId__C                             
00007a52  xdc_runtime_Text_unnamedModsLastId__C                              
00007a54  Display_defaultParams                                              
00007a55  xdc_runtime_Error_policy__C                                        
00007a56  xdc_runtime_Text_charTab__A                                        
00007bf4  __TI_Handler_Table_Base                                            
00007c00  __TI_Handler_Table_Limit                                           
00007c08  __TI_CINIT_Base                                                    
00007c18  __TI_CINIT_Limit                                                   
00057fa8  __ccfg                                                             
20000000  __start___llvm_prf_cnts                                            
20000000  __stop___llvm_prf_cnts                                             
20000000  ti_sysbios_family_arm_m3_Hwi_ramVectors                            
200000d8  __primary_heap_start__                                             
200040d8  __primary_heap_end__                                               
20004100  adcValue0                                                          
20004104  adcValue0MicroVolt                                                 
2000410c  workTask                                                           
2000415c  ADCTask                                                            
200049ac  PowerCC26XX_swiKey                                                 
20004e00  ti_uia_loggers_LoggerStopMode_Instance_State_0_packetArray__A      
20005200  ti_uia_loggers_LoggerStopMode_Instance_State_1_packetArray__A      
20005600  ti_sysbios_knl_Task_Instance_State_0_stack__A                      
20005800  xdc_runtime_SysMin_Module_State_0_outbuf__A                        
20005a00  uartCC26XXObjects                                                  
20005bac  __CIOBUF_                                                          
20005ccc  ti_sysbios_family_arm_m3_Hwi_dispatchTable                         
20005da4  gpioCallbackFunctions                                              
20005e20  gpioUserArgs                                                       
20005e9c  gptimerCC26XXObjects                                               
20005ee8  displayUartObject                                                  
20005ef4  parmbuf                                                            
20005efc  PowerCC26XX_taskKey                                                
20005f00  ti_uia_loggers_LoggerStopMode_Instance_State_0_hdr__A              
20005f50  pwmTimerCC26XXObjects                                              
20005f70  adcCC26xxObjects                                                   
20005f80  ti_uia_loggers_LoggerStopMode_Instance_State_1_hdr__A              
20005fd0  PowerCC26X2_module                                                 
20006140  gpioPinConfigs                                                     
200061bc  ti_uia_loggers_LoggerStopMode_Object__table__V                     
20006224  ti_sysbios_knl_Task_Object__table__V                               
20006270  ti_sysbios_family_arm_cc26xx_Timer_Object__table__V                
200062b8  ti_sysbios_knl_Task_Module__state__V                               
200062fc  ti_sysbios_gates_GateMutex_Object__table__V                        
20006334  ti_sysbios_family_arm_m3_Hwi_Module__state__V                      
20006368  ti_sysbios_knl_Swi_Module_State_0_readyQ__A                        
20006398  ti_sysbios_knl_Swi_Object__table__V                                
200063c8  ti_sysbios_knl_Clock_Module__state__V                              
200063f4  _hposcCoeffs                                                       
20006418  ti_sysbios_BIOS_Module__state__V                                   
2000643c  ti_sysbios_knl_Clock_Object__table__V                              
2000645c  ti_sysbios_knl_Task_Module_State_0_readyQ__A                       
2000647c  xdc_runtime_Error_IgnoreBlock                                      
2000649c  ti_sysbios_knl_Swi_Module__state__V                                
200064b8  ti_sysbios_family_arm_m3_Hwi_Object__table__V                      
200064d0  ti_sysbios_heaps_HeapMem_Object__table__V                          
200064e8  ti_sysbios_knl_Task_Module__root__V                                
200064f4  ti_uia_runtime_QueueDescriptor_Module__state__V                    
20006500  xdc_runtime_SysMin_Module__state__V                                
2000650c  _lock                                                              
20006510  _unlock                                                            
20006514  ti_uia_runtime_QueueDescriptor_gPtrToFirstDescriptor               
20006518  ti_uia_runtime_QueueDescriptor_gUpdateCount                        
2000651c  ti_sysbios_family_arm_cc26xx_Timer_Module__state__V                
20006524  ti_sysbios_family_arm_m3_Hwi_Module__root__V                       
2000652c  ti_sysbios_gates_GateHwi_Module__root__V                           
20006534  ti_sysbios_gates_GateMutex_Module__root__V                         
2000653c  ti_sysbios_heaps_HeapMem_Module__root__V                           
20006544  ti_sysbios_knl_Clock_Module__root__V                               
2000654c  ti_sysbios_knl_Queue_Module__root__V                               
20006554  ti_sysbios_knl_Semaphore_Module__root__V                           
2000655c  ti_sysbios_knl_Swi_Module__root__V                                 
20006564  ti_uia_loggers_LoggerStopMode_Module__root__V                      
2000656c  xdc_runtime_Registry_Module__state__V                              
20006574  xdc_runtime_Startup_Module__state__V                               
2000657c  xdc_runtime_System_Module_State_0_atexitHandlers__A                
20006584  xdc_runtime_System_Module__state__V                                
2000658c  main_func_sp                                                       
20006590  ti_sysbios_family_arm_cc26xx_TimestampProvider_Module__state__V    
20006594  ti_sysbios_family_arm_m3_Hwi_Module_State_0_excContext__A          
20006598  ti_sysbios_family_arm_m3_Hwi_Module_State_0_excStack__A            
2000659c  ti_sysbios_gates_GateHwi_Object__table__V                          
200065a0  ti_sysbios_knl_Task_Module_State_0_idleTask__A                     
200065a4  xdc_runtime_Memory_Module__state__V                                
200065aa  ti_sysbios_family_arm_m3_Hwi_Module_State_0_excActive__A           
20013c00  __stack                                                            
20014000  __STACK_END                                                        
e000e000  ti_sysbios_family_arm_m3_Hwi_nvic                                  
ffffffff  __TI_pprof_out_hndl                                                
ffffffff  __TI_prof_data_size                                                
ffffffff  __TI_prof_data_start                                               
ffffffff  __binit__                                                          
ffffffff  __c_args__                                                         
ffffffff  binit                                                              
UNDEFED   ITM_flush                                                          
UNDEFED   ITM_restore                                                        
UNDEFED   PIN_hwi_bypass                                                     
UNDEFED   SHT$$INIT_ARRAY$$Base                                              
UNDEFED   SHT$$INIT_ARRAY$$Limit                                             

[797 symbols]
