******************************************************************************
                  TI ARM Linker Unix v20.2.5                   
******************************************************************************
>> Linked Sun Nov  7 17:59:01 2021

OUTPUT FILE NAME:   <empty_min_EK_TM4C123GXL_TI.out>
ENTRY POINT SYMBOL: "_c_int00"  address: 000060f1


MEMORY CONFIGURATION

         name            origin    length      used     unused   attr    fill
----------------------  --------  ---------  --------  --------  ----  --------
  FLASH                 00000000   00040000  0000a905  000356fb  R  X
  SRAM                  20000000   00008000  00005d86  0000227a  RW X


SEGMENT ALLOCATION MAP

run origin  load origin   length   init length attrs members
----------  ----------- ---------- ----------- ----- -------
00000000    00000000    0000a910   0000a910    r-x
  00000000    00000000    0000003c   0000003c    r-- .resetVecs
  00000040    00000040    00007d0a   00007d0a    r-x .text
  00007d50    00007d50    000028bf   000028bf    r-- .const
  0000a610    0000a610    00000300   00000300    r-- .cinit
20000000    20000000    00000360   00000000    rw-
  20000000    20000000    00000360   00000000    rw- .vecs
20000380    20000380    00005a26   00000000    rw-
  20000380    20000380    000042b0   00000000    rw- .bss
  20004630    20004630    00001000   00000000    rw- .stack
  20005630    20005630    00000776   00000000    rw- .data


SECTION ALLOCATION MAP

 output                                  attributes/
section   page    origin      length       input sections
--------  ----  ----------  ----------   ----------------
.text      0    00000040    00007d0a     
                  00000040    00000430     sysbios.aem4f : BIOS.obj (.text:ti_sysbios_family_arm_m3_Hwi_excDumpRegs__I)
                  00000470    0000034c     ti.targets.arm.rtsarm.aem4f : System.oem4f (.text:xdc_runtime_System_doPrint__I)
                  000007bc    0000030c     empty_min.obj (.text:UARTvprintf)
                  00000ac8    000002ec     rtsv7M4_T_le_v4SPD16_eabi.lib : s_atan.c.obj (.text:atan)
                  00000db4    00000004     driverlib.lib : i2c.obj (.text:I2CMasterControl)
                  00000db8    000002ec     sysbios.aem4f : BIOS.obj (.text:ti_sysbios_knl_Semaphore_pend__E)
                  000010a4    000002b4     empty_min.obj (.text:I2C_Out)
                  00001358    0000026c     sysbios.aem4f : BIOS.obj (.text:ti_sysbios_heaps_HeapMem_free__E)
                  000015c4    00000004     driverlib.lib : i2c.obj (.text:I2CMasterDataGet)
                  000015c8    00000250     sysbios.aem4f : BIOS.obj (.text:ti_sysbios_heaps_HeapMem_alloc__E)
                  00001818    000001f4                   : BIOS.obj (.text:ti_sysbios_family_arm_m3_Hwi_excHandlerMax__I)
                  00001a0c    000001e4     rtsv7M4_T_le_v4SPD16_eabi.lib : e_atan2.c.obj (.text:atan2)
                  00001bf0    000001b6                                   : fd_add_t2.asm.obj (.text)
                  00001da6    00000002                                   : _lock.c.obj (.text:_nop)
                  00001da8    0000019c     sysbios.aem4f : BIOS.obj (.text:ti_sysbios_family_arm_m3_Hwi_dispatchC__I)
                  00001f44    00000004     driverlib.lib : i2c.obj (.text:I2CMasterDataPut)
                  00001f48    00000178     sysbios.aem4f : BIOS.obj (.text:ti_sysbios_family_arm_lm4_TimestampProvider_get64__E)
                  000020c0    00000174                   : BIOS.obj (.text:ti_sysbios_family_arm_m3_Hwi_excBusFault__I)
                  00002234    00000004     driverlib.lib : timer.obj (.text:TimerIntClear)
                  00002238    00000168     sysbios.aem4f : BIOS.obj (.text:ti_sysbios_family_arm_lm4_Timer_start__E)
                  000023a0    00000164                   : BIOS.obj (.text:ti_sysbios_family_arm_m3_Hwi_excUsageFault__I)
                  00002504    00000158     rtsv7M4_T_le_v4SPD16_eabi.lib : e_sqrt.c.obj (.text:sqrt)
                  0000265c    00000004                                   : exit.c.obj (.text:abort:abort)
                  00002660    00000148     sysbios.aem4f : BIOS.obj (.text:ti_sysbios_family_arm_m3_Hwi_excMemFault__I)
                  000027a8    00000140                   : BIOS.obj (.text:ti_sysbios_knl_Semaphore_post__E)
                  000028e8    0000013c                   : BIOS.obj (.text:ti_sysbios_heaps_HeapMem_Instance_init__E)
                  00002a24    00000004     empty_min_pem4f.oem4f (.text:ti_sysbios_BIOS_RtsGateProxy_enter__E)
                  00002a28    0000013c     sysbios.aem4f : BIOS.obj (.text:ti_sysbios_knl_Clock_workFunc__E)
                  00002b64    0000013c     empty_min_pem4f.oem4f (.text:ti_uia_loggers_LoggerStopMode_writeMemoryRange__E)
                  00002ca0    00000136     rtsv7M4_T_le_v4SPD16_eabi.lib : fd_div_t2.asm.obj (.text)
                  00002dd6    00000130     driverlib.lib : gpio.obj (.text:GPIOPadConfigSet)
                  00002f06    00000002     rtsv7M4_T_le_v4SPD16_eabi.lib : div0.asm.obj (.text)
                  00002f08    00000130     empty_min.obj (.text:hardware_init)
                  00003038    0000011c     sysbios.aem4f : BIOS.obj (.text:ti_sysbios_knl_Swi_run__I)
                  00003154    00000118     ti.targets.arm.rtsarm.aem4f : Error.oem4f (.text:xdc_runtime_Error_policyDefault__E)
                  0000326c    00000110     empty_min_pem4f.oem4f (.text:ti_uia_loggers_LoggerStopMode_write8__E)
                  0000337c    0000010c     driverlib.lib : sysctl.obj (.text:SysCtlClockGet)
                  00003488    00000104     empty_min.obj (.text:HeartBeatFx)
                  0000358c    00000004     empty_min_pem4f.oem4f (.text:ti_sysbios_BIOS_RtsGateProxy_leave__E)
                  00003590    00000104     sysbios.aem4f : BIOS.obj (.text:ti_sysbios_knl_Task_Module_startup__E)
                  00003694    00000100     Boot.aem4f : Boot_sysctl.oem4f (.text:ti_catalog_arm_cortexm4_tiva_ce_Boot_sysCtlClockSetI__I)
                  00003794    00000100     ti.targets.arm.rtsarm.aem4f : Core-mem.oem4f (.text:xdc_runtime_Core_createObject__I)
                  00003894    000000fc     rtsv7M4_T_le_v4SPD16_eabi.lib : fd_mul_t2.asm.obj (.text)
                  00003990    000000f8     empty_min_pem4f.oem4f (.text:ti_uia_loggers_LoggerStopMode_write4__E)
                  00003a88    000000f8     ti.targets.arm.rtsarm.aem4f : Startup.oem4f (.text:xdc_runtime_Startup_startMods__I)
                  00003b80    000000f8     empty_min_pem4f.oem4f (.text:xdc_runtime_System_printfExtend__I)
                  00003c78    000000f4     sysbios.aem4f : m3_Hwi_asm.obj (.text:ti_sysbios_family_arm_m3_Hwi_dispatch__I)
                  00003d6c    000000f0     driverlib.lib : sysctl.obj (.text:SysCtlClockSet)
                  00003e5c    000000ec     empty_min_pem4f.oem4f (.text:ti_uia_loggers_LoggerStopMode_write1__E)
                  00003f48    000000ec     empty_min_pem4f.oem4f (.text:ti_uia_loggers_LoggerStopMode_write2__E)
                  00004034    000000dc     empty_min_pem4f.oem4f (.text:ti_uia_loggers_LoggerStopMode_write0__E)
                  00004110    000000d8     sysbios.aem4f : BIOS.obj (.text:ti_sysbios_family_arm_lm4_TimestampProvider_get32__E)
                  000041e8    000000d8                   : BIOS.obj (.text:ti_sysbios_family_arm_m3_Hwi_postInit__I)
                  000042c0    000000d4     empty_min.obj (.text:switchRead)
                  00004394    00000004     sysbios.aem4f : BIOS.obj (.text:ti_sysbios_family_arm_lm4_Timer_masterEnable__I)
                  00004398    000000cc                   : BIOS.obj (.text:ti_sysbios_knl_Task_schedule__I)
                  00004464    000000cc     ti.targets.arm.rtsarm.aem4f : Core-smem.oem4f (.text:xdc_runtime_Core_constructObject__I)
                  00004530    000000bc     sysbios.aem4f : BIOS.obj (.text:ti_sysbios_family_arm_m3_Hwi_excDebugMon__I)
                  000045ec    00000004     empty_min_pem4f.oem4f (.text:ti_sysbios_family_arm_m3_TaskSupport_Module__startupDone__S)
                  000045f0    000000bc     sysbios.aem4f : BIOS.obj (.text:ti_sysbios_family_arm_m3_Hwi_excHardFault__I)
                  000046ac    00000004     empty_min_pem4f.oem4f (.text:ti_sysbios_heaps_HeapMem_Module_GateProxy_enter__E)
                  000046b0    000000bc     sysbios.aem4f : BIOS.obj (.text:ti_sysbios_knl_Task_startCore__E)
                  0000476c    00000004     empty_min_pem4f.oem4f (.text:ti_sysbios_heaps_HeapMem_Module_GateProxy_leave__E)
                  00004770    000000b4     sysbios.aem4f : BIOS.obj (.text:ti_sysbios_gates_GateMutex_enter__E)
                  00004824    00000004     empty_min_pem4f.oem4f (.text:ti_sysbios_knl_Clock_TimerProxy_getMaxTicks__E)
                  00004828    000000b4     sysbios.aem4f : BIOS.obj (.text:ti_sysbios_knl_Task_checkStacks__E)
                  000048dc    00000004     empty_min_pem4f.oem4f (.text:ti_sysbios_knl_Clock_TimerProxy_getPeriod__E)
                  000048e0    000000b0     sysbios.aem4f : BIOS.obj (.text:ti_sysbios_utils_Load_idleFxn__E)
                  00004990    000000ac                   : BIOS.obj (.text:ti_sysbios_family_arm_lm4_Timer_enableTiva__I)
                  00004a3c    00000004     empty_min_pem4f.oem4f (.text:ti_sysbios_knl_Queue_destruct)
                  00004a40    000000ac     sysbios.aem4f : BIOS.obj (.text:ti_sysbios_knl_Swi_post__E)
                  00004aec    00000004     empty_min_pem4f.oem4f (.text:ti_sysbios_knl_Semaphore_destruct)
                  00004af0    000000ac     sysbios.aem4f : BIOS.obj (.text:ti_sysbios_utils_Load_updateLoads__E)
                  00004b9c    00000004     ti.uia.loggers.aem4f : LoggerStopMode.oem4f (.text:ti_uia_loggers_LoggerStopMode_getContents__E)
                  00004ba0    000000a8     sysbios.aem4f : BIOS.obj (.text:ti_sysbios_family_arm_lm4_Timer_enableTimers__I)
                  00004c48    000000a8                   : BIOS.obj (.text:ti_sysbios_knl_Task_blockI__E)
                  00004cf0    000000a8                   : BIOS.obj (.text:ti_sysbios_knl_Task_postInit__I)
                  00004d98    000000a0     auto_init.aem4f : auto_init.oem4f (.text)
                  00004e38    000000a0     ti.targets.arm.rtsarm.aem4f : Text.oem4f (.text:xdc_runtime_Text_putMod__E)
                  00004ed8    0000009c     empty_min.obj (.text:Timer_ISR)
                  00004f74    0000009c     rtsv7M4_T_le_v4SPD16_eabi.lib : memcpy_t2.asm.obj (.text)
                  00005010    0000009c     sysbios.aem4f : BIOS.obj (.text:ti_sysbios_knl_Semaphore_Instance_init__E)
                  000050ac    0000009a     ti.targets.arm.rtsarm.aem4f : Text.oem4f (.text:xdc_runtime_Text_putSite__E)
                  00005146    00000002     empty_min_pem4f.oem4f (.text:ti_sysbios_BIOS_nullFunc__I)
                  00005148    00000098     empty_min.obj (.text:UART_Out)
                  000051e0    00000098     Boot.aem4f : Boot.oem4f (.text:ti_catalog_arm_cortexm4_tiva_ce_Boot_sysCtlClockSet__E)
                  00005278    00000094     sysbios.aem4f : BIOS.obj (.text:ti_sysbios_family_arm_m3_Hwi_initNVIC__E)
                  0000530c    00000004     empty_min_pem4f.oem4f (.text:ti_uia_loggers_LoggerStopMode_getFilterLevel__E)
                  00005310    00000094     sysbios.aem4f : BIOS.obj (.text:ti_sysbios_knl_Task_exit__E)
                  000053a4    00000004     ti.uia.loggers.aem4f : LoggerStopMode.oem4f (.text:ti_uia_loggers_LoggerStopMode_getInstanceId__E)
                  000053a8    00000090     sysbios.aem4f : BIOS.obj (.text:ti_sysbios_knl_Task_unblockI__E)
                  00005438    00000090     ti.uia.loggers.aem4f : LoggerStopMode.oem4f (.text:ti_uia_loggers_LoggerStopMode_initQueueDescriptor__E)
                  000054c8    0000008c     sysbios.aem4f : m3_TaskSupport_asm.obj (.text:ti_sysbios_family_arm_m3_TaskSupport_buildTaskStack)
                  00005554    00000086     rtsv7M4_T_le_v4SPD16_eabi.lib : fd_cmp_t2.asm.obj (.text:__aeabi_cdrcmple)
                  000055da    0000007a     driverlib.lib : adc.obj (.text:ADCSequenceStepConfigure)
                  00005654    0000007a     rtsv7M4_T_le_v4SPD16_eabi.lib : memset_t2.asm.obj (.text)
                  000056ce    00000002     empty_min_pem4f.oem4f (.text:ti_uia_loggers_LoggerStopMode_setFilterLevel__E)
                  000056d0    00000078     empty_min.obj (.text:initI2C0)
                  00005748    00000074     empty_min.obj (.text:ICM20948_config)
                  000057bc    00000004     ti.uia.loggers.aem4f : LoggerStopMode.oem4f (.text:ti_uia_loggers_LoggerStopMode_getMaxLength__E)
                  000057c0    00000074     sysbios.aem4f : BIOS.obj (.text:ti_sysbios_family_arm_m3_Hwi_Module_startup__E)
                  00005834    00000004     ti.uia.loggers.aem4f : LoggerStopMode.oem4f (.text:ti_uia_loggers_LoggerStopMode_getPriority__E)
                  00005838    00000074     sysbios.aem4f : BIOS.obj (.text:ti_sysbios_utils_Load_logLoads__I)
                  000058ac    00000074     ti.uia.runtime.aem4f : QueueDescriptor.oem4f (.text:ti_uia_runtime_QueueDescriptor_addToList__E)
                  00005920    0000006e     rtsv7M4_T_le_v4SPD16_eabi.lib : fd_tos_t2.asm.obj (.text)
                  0000598e    00000002     ti.uia.loggers.aem4f : LoggerStopMode.oem4f (.text:ti_uia_loggers_LoggerStopMode_setPriority__E)
                  00005990    0000006d     ti.targets.arm.rtsarm.aem4f : System.oem4f (.text:xdc_runtime_System_formatNum__I)
                  000059fd    00000001     --HOLE-- [fill = 0]
                  000059fe    00000002     empty_min_pem4f.oem4f (.text:xdc_runtime_Startup_reset__I)
                  00005a00    0000006c     sysbios.aem4f : BIOS.obj (.text:ti_sysbios_knl_Swi_restoreHwi__E)
                  00005a6c    0000006c     ti.targets.arm.rtsarm.aem4f : Error.oem4f (.text:xdc_runtime_Error_print__E)
                  00005ad8    0000006c                                 : Memory.oem4f (.text:xdc_runtime_Memory_alloc__E)
                  00005b44    00000068     rtsv7M4_T_le_v4SPD16_eabi.lib : copy_decompress_lzss.c.obj (.text:decompress:lzss:__TI_decompress_lzss)
                  00005bac    00000066     ti.uia.loggers.aem4f : LoggerStopMode.oem4f (.text:ti_uia_loggers_LoggerStopMode_flush__E)
                  00005c12    00000066     ti.targets.arm.rtsarm.aem4f : Core-mem.oem4f (.text:xdc_runtime_Core_deleteObject__I)
                  00005c78    00000064     empty_min.obj (.text:I2C0Read)
                  00005cdc    00000004     ti.uia.loggers.aem4f : LoggerStopMode.oem4f (.text:ti_uia_loggers_LoggerStopMode_getTransferType__E)
                  00005ce0    00000064     sysbios.aem4f : BIOS.obj (.text:ti_sysbios_family_arm_lm4_Timer_Module_startup__E)
                  00005d44    00000060     driverlib.lib : timer.obj (.text:TimerConfigure)
                  00005da4    00000004     ti.targets.arm.rtsarm.aem4f : Error.oem4f (.text:xdc_runtime_Error_getSite__E)
                  00005da8    00000060     sysbios.aem4f : BIOS.obj (.text:ti_sysbios_family_arm_lm4_Timer_isrStub__E)
                  00005e08    00000060                   : BIOS.obj (.text:ti_sysbios_knl_Clock_logTick__E)
                  00005e68    00000060                   : BIOS.obj (.text:ti_sysbios_utils_Load_logCPULoad__I)
                  00005ec8    00000060                   : BIOS.obj (.text:ti_sysbios_utils_Load_updateThreadContexts__E)
                  00005f28    0000005c     empty_min.obj (.text:ADC_init)
                  00005f84    00000004     empty_min_pem4f.oem4f (.text:xdc_runtime_System_Module_GateProxy_enter__E)
                  00005f88    0000005c     sysbios.aem4f : BIOS.obj (.text:ti_sysbios_knl_Swi_schedule__I)
                  00005fe4    0000005b     ti.targets.arm.rtsarm.aem4f : Text.oem4f (.text:xdc_runtime_Text_putLab__E)
                  0000603f    00000001     --HOLE-- [fill = 0]
                  00006040    00000058     rtsv7M4_T_le_v4SPD16_eabi.lib : hostwrite.c.obj (.text:HOSTwrite)
                  00006098    00000058     empty_min.obj (.text:I2C0Write)
                  000060f0    00000058     boot.aem4f : boot.oem4f (.text)
                  00006148    00000058     sysbios.aem4f : m3_Hwi_asm_switch.obj (.text:ti_sysbios_family_arm_m3_Hwi_initStacks__E)
                  000061a0    00000054     empty_min.obj (.text:UARTStdioConfig)
                  000061f4    00000054     ti.targets.arm.rtsarm.aem4f : Assert.oem4f (.text:xdc_runtime_Assert_raise__I)
                  00006248    00000050     empty_min.obj (.text:ADCtask)
                  00006298    00000050     driverlib.lib : sysctl.obj (.text:SysCtlPeripheralReset)
                  000062e8    00000050     ti.targets.arm.rtsarm.aem4f : Startup.oem4f (.text:xdc_runtime_Startup_exec__E)
                  00006338    00000050                                 : Text.oem4f (.text:xdc_runtime_Text_visitRope2__I)
                  00006388    0000004c     empty_min.obj (.text:UARTwrite)
                  000063d4    0000004c     empty_min.obj (.text:config_UART)
                  00006420    0000004c     rtsv7M4_T_le_v4SPD16_eabi.lib : cpy_tbl.c.obj (.text:copy_in)
                  0000646c    00000004     empty_min_pem4f.oem4f (.text:xdc_runtime_System_Module_GateProxy_leave__E)
                  00006470    0000004c     sysbios.aem4f : BIOS.obj (.text:ti_sysbios_heaps_HeapMem_getStats__E)
                  000064bc    00000004     ti.targets.arm.rtsarm.aem4f : System.oem4f (.text:xdc_runtime_System_aprintf_va__F)
                  000064c0    0000004c     sysbios.aem4f : BIOS.obj (.text:ti_sysbios_knl_Swi_runLoop__I)
                  0000650c    00000004     ti.targets.arm.rtsarm.aem4f : System.oem4f (.text:xdc_runtime_System_printf_va__F)
                  00006510    0000004c     sysbios.aem4f : BIOS.obj (.text:ti_sysbios_knl_Task_allBlockedFunction__I)
                  0000655c    0000004c     ti.uia.loggers.aem4f : LoggerStopMode.oem4f (.text:ti_uia_loggers_LoggerStopMode_Module_startup__E)
                  000065a8    00000048     driverlib.lib : gpio.obj (.text:GPIOPinConfigure)
                  000065f0    00000048                   : i2c.obj (.text:I2CMasterInitExpClk)
                  00006638    00000048     sysbios.aem4f : BIOS.obj (.text:ti_sysbios_family_arm_m3_Hwi_disableInterrupt__E)
                  00006680    00000048                   : BIOS.obj (.text:ti_sysbios_family_arm_m3_Hwi_enableInterrupt__E)
                  000066c8    00000048                   : BIOS.obj (.text:ti_sysbios_family_arm_m3_Hwi_excReserved__I)
                  00006710    00000048                   : BIOS.obj (.text:ti_sysbios_utils_Load_updateCurrentThreadTime__E)
                  00006758    00000046     ti.targets.arm.rtsarm.aem4f : Core-params.oem4f (.text:xdc_runtime_Core_assignParams__I)
                  0000679e    00000002     --HOLE-- [fill = 0]
                  000067a0    00000044     sysbios.aem4f : BIOS.obj (.text:ti_sysbios_family_arm_lm4_Timer_stop__E)
                  000067e4    00000004     --HOLE-- [fill = 0]
                  000067e8    00000044                   : BIOS.obj (.text:ti_sysbios_family_arm_m3_Hwi_getStackInfo__E)
                  0000682c    00000044     ti.uia.loggers.aem4f : LoggerStopMode.oem4f (.text:ti_uia_loggers_LoggerStopMode_initBuffer__I)
                  00006870    00000044     ti.targets.arm.rtsarm.aem4f : Error.oem4f (.text:xdc_runtime_Error_setX__E)
                  000068b4    00000044                                 : SysMin.oem4f (.text:xdc_runtime_SysMin_flush__E)
                  000068f8    00000044                                 : Text.oem4f (.text:xdc_runtime_Text_xprintf__I)
                  0000693c    00000042     driverlib.lib : uart.obj (.text:UARTConfigSetExpClk)
                  0000697e    00000040     rtsv7M4_T_le_v4SPD16_eabi.lib : u_divt2.asm.obj (.text)
                  000069be    00000002     --HOLE-- [fill = 0]
                  000069c0    00000040     sysbios.aem4f : BIOS.obj (.text:ti_sysbios_family_arm_lm4_Timer_startup__E)
                  00006a00    0000003e     driverlib.lib : adc.obj (.text:ADCSequenceConfigure)
                  00006a3e    00000002     --HOLE-- [fill = 0]
                  00006a40    0000003c     sysbios.aem4f : BIOS.obj (.text:ti_sysbios_family_arm_m3_Hwi_excSvCall__I)
                  00006a7c    00000004     --HOLE-- [fill = 0]
                  00006a80    0000003c                   : BIOS.obj (.text:ti_sysbios_heaps_HeapMem_init__I)
                  00006abc    00000004     --HOLE-- [fill = 0]
                  00006ac0    0000003c                   : BIOS.obj (.text:ti_sysbios_knl_Swi_startup__E)
                  00006afc    00000004     --HOLE-- [fill = 0]
                  00006b00    0000003c                   : BIOS.obj (.text:ti_sysbios_utils_Load_hwiEndHook__E)
                  00006b3c    00000038     driverlib.lib : sysctl.obj (.text:SysCtlPeripheralPresent)
                  00006b74    00000038     rtsv7M4_T_le_v4SPD16_eabi.lib : trgmsg.c.obj (.text:__TI_writemsg)
                  00006bac    00000038                                   : fs_tod_t2.asm.obj (.text)
                  00006be4    00000004     --HOLE-- [fill = 0]
                  00006be8    00000038     sysbios.aem4f : BIOS.obj (.text:ti_sysbios_family_arm_m3_Hwi_excNoIsr__I)
                  00006c20    00000038                   : BIOS.obj (.text:ti_sysbios_knl_Task_processVitalTaskFlag__I)
                  00006c58    00000038     ti.targets.arm.rtsarm.aem4f : SysMin.oem4f (.text:xdc_runtime_SysMin_putch__E)
                  00006c90    00000038                                 : System.oem4f (.text:xdc_runtime_System_atexit__E)
                  00006cc8    00000034     driverlib.lib : sysctl.obj (.text:SysCtlPeripheralEnable)
                  00006cfc    00000034     rtsv7M4_T_le_v4SPD16_eabi.lib : trgmsg.c.obj (.text:__TI_readmsg)
                  00006d30    00000034     sysbios.aem4f : BIOS.obj (.text:ti_sysbios_family_arm_m3_Hwi_excNmi__I)
                  00006d64    00000004     --HOLE-- [fill = 0]
                  00006d68    00000034                   : BIOS.obj (.text:ti_sysbios_hal_Hwi_checkStack)
                  00006d9c    00000034     empty_min_pem4f.oem4f (.text:ti_sysbios_utils_Load_hwiBeginHook__E)
                  00006dd0    00000034     ti.uia.loggers.aem4f : LoggerStopMode.oem4f (.text:ti_uia_loggers_LoggerStopMode_reset__E)
                  00006e04    00000034     ti.targets.arm.rtsarm.aem4f : Core-label.oem4f (.text:xdc_runtime_Core_assignLabel__I)
                  00006e38    00000033                                 : Text.oem4f (.text:xdc_runtime_Text_printVisFxn__I)
                  00006e6b    00000005     --HOLE-- [fill = 0]
                  00006e70    00000032     sysbios.aem4f : BIOS.obj (.text:ti_sysbios_hal_Hwi_initStack)
                  00006ea2    00000006     driverlib.lib : gpio.obj (.text:GPIOPinRead)
                  00006ea8    00000032     sysbios.aem4f : BIOS.obj (.text:ti_sysbios_knl_Semaphore_pendTimeout__I)
                  00006eda    00000002     --HOLE-- [fill = 0]
                  00006edc    00000030     empty_min_pem4f.oem4f (.text:ti_sysbios_BIOS_atExitFunc__I)
                  00006f0c    00000004     --HOLE-- [fill = 0]
                  00006f10    00000030     sysbios.aem4f : BIOS.obj (.text:ti_sysbios_family_arm_m3_TaskSupport_start__E)
                  00006f40    00000030     empty_min_pem4f.oem4f (.text:ti_sysbios_gates_GateHwi_Object__create__S)
                  00006f70    00000030     empty_min_pem4f.oem4f (.text:ti_sysbios_gates_GateMutex_Object__create__S)
                  00006fa0    00000030     empty_min_pem4f.oem4f (.text:ti_sysbios_heaps_HeapMem_Object__create__S)
                  00006fd0    00000030     empty_min_pem4f.oem4f (.text:ti_sysbios_knl_Semaphore_construct)
                  00007000    00000030     empty_min_pem4f.oem4f (.text:ti_uia_loggers_LoggerStopMode_Object__create__S)
                  00007030    00000030     ti.targets.arm.rtsarm.aem4f : SysMin.oem4f (.text:xdc_runtime_SysMin_abort__E)
                  00007060    00000030                                 : System.oem4f (.text:xdc_runtime_System_processAtExit__E)
                  00007090    0000002e     driverlib.lib : adc.obj (.text:ADCIntStatus)
                  000070be    00000002     --HOLE-- [fill = 0]
                  000070c0    0000002c     empty_min_pem4f.oem4f (.text:ti_sysbios_knl_Clock_doTick__I)
                  000070ec    0000002c     empty_min_pem4f.oem4f (.text:ti_sysbios_knl_Queue_construct)
                  00007118    0000002c     sysbios.aem4f : BIOS.obj (.text:ti_sysbios_knl_Task_restore__E)
                  00007144    0000002c     ti.targets.arm.rtsarm.aem4f : Text.oem4f (.text:xdc_runtime_Text_cordText__E)
                  00007170    0000002a     driverlib.lib : gpio.obj (.text:GPIODirModeSet)
                  0000719a    0000002a     ti.targets.arm.rtsarm.aem4f : System.oem4f (.text:xdc_runtime_System_putchar__I)
                  000071c4    00000004     --HOLE-- [fill = 0]
                  000071c8    00000028     sysbios.aem4f : BIOS.obj (.text:ti_sysbios_knl_Swi_Module_startup__E)
                  000071f0    00000026                   : m3_Hwi_asm.obj (.text:ti_sysbios_family_arm_m3_Hwi_pendSV__I)
                  00007216    00000026     ti.targets.arm.rtsarm.aem4f : System.oem4f (.text:xdc_runtime_System_avprintf__E)
                  0000723c    00000024     empty_min.obj (.text:UARTprintf)
                  00007260    00000024     empty_min_pem4f.oem4f (.text:ti_sysbios_BIOS_registerRTSLock__I)
                  00007284    00000024     empty_min_pem4f.oem4f (.text:ti_sysbios_BIOS_removeRTSLock__I)
                  000072a8    00000024     empty_min_pem4f.oem4f (.text:ti_sysbios_BIOS_startFunc__I)
                  000072cc    00000004     --HOLE-- [fill = 0]
                  000072d0    00000024     sysbios.aem4f : BIOS.obj (.text:ti_sysbios_family_arm_m3_Hwi_doTaskRestore__I)
                  000072f4    00000024     empty_min_pem4f.oem4f (.text:ti_sysbios_gates_GateMutex_Object__delete__S)
                  00007318    00000024     sysbios.aem4f : BIOS.obj (.text:ti_sysbios_knl_Clock_Module_startup__E)
                  0000733c    00000024     ti.targets.arm.rtsarm.aem4f : System.oem4f (.text:xdc_runtime_System_vprintf__E)
                  00007360    00000022     driverlib.lib : pwm.obj (.text:PWMGenConfigure)
                  00007382    00000006                   : gpio.obj (.text:GPIOPinWrite)
                  00007388    00000022     sysbios.aem4f : BIOS.obj (.text:ti_sysbios_family_arm_lm4_Timer_write__I)
                  000073aa    00000022     empty_min_pem4f.oem4f (.text:xdc_runtime_SysMin_output__I)
                  000073cc    00000020     empty_min_pem4f.oem4f (.text:ti_sysbios_BIOS_rtsLock__I)
                  000073ec    00000020     sysbios.aem4f : m3_Hwi_asm.obj (.text:ti_sysbios_family_arm_m3_Hwi_excHandlerAsm__I)
                  0000740c    00000004     --HOLE-- [fill = 0]
                  00007410    00000020                   : BIOS.obj (.text:ti_sysbios_family_arm_m3_Hwi_excHandler__I)
                  00007430    00000020     empty_min_pem4f.oem4f (.text:ti_sysbios_gates_GateHwi_Object__delete__S)
                  00007450    00000020     empty_min_pem4f.oem4f (.text:ti_sysbios_heaps_HeapMem_Object__delete__S)
                  00007470    00000020     sysbios.aem4f : BIOS.obj (.text:ti_sysbios_knl_Idle_run__E)
                  00007490    00000020     empty_min_pem4f.oem4f (.text:ti_sysbios_knl_Semaphore_Object__destruct__S)
                  000074b0    00000020     empty_min_pem4f.oem4f (.text:ti_uia_loggers_LoggerStopMode_Object__delete__S)
                  000074d0    00000020     ti.targets.arm.rtsarm.aem4f : Registry.oem4f (.text:xdc_runtime_Registry_findById__E)
                  000074f0    00000020                                 : SysMin.oem4f (.text:xdc_runtime_SysMin_Module_startup__E)
                  00007510    0000001e     driverlib.lib : adc.obj (.text:ADCSequenceDataGet)
                  0000752e    0000001e                   : pwm.obj (.text:PWMPulseWidthSet)
                  0000754c    0000001e     empty_min.obj (.text:main)
                  0000756a    0000001e     empty_min_pem4f.oem4f (.text:ti_sysbios_BIOS_errorRaiseHook__I)
                  00007588    0000001e     sysbios.aem4f : m3_Hwi_asm_switch.obj (.text:ti_sysbios_family_xxx_Hwi_switchAndRunFunc)
                  000075a6    00000002     --HOLE-- [fill = 0]
                  000075a8    0000001c     driverlib.lib : uart.obj (.text:UARTDisable)
                  000075c4    00000004     --HOLE-- [fill = 0]
                  000075c8    0000001c     sysbios.aem4f : BIOS.obj (.text:ti_sysbios_gates_GateMutex_Instance_init__E)
                  000075e4    0000001c     empty_min_pem4f.oem4f (.text:ti_sysbios_knl_Queue_Object__destruct__S)
                  00007600    0000001c     sysbios.aem4f : BIOS.obj (.text:ti_sysbios_knl_Task_enter__I)
                  0000761c    0000001c     ti.uia.loggers.aem4f : LoggerStopMode.oem4f (.text:ti_uia_loggers_LoggerStopMode_Instance_init__E)
                  00007638    0000001c     ti.targets.arm.rtsarm.aem4f : Error.oem4f (.text:xdc_runtime_Error_raiseX__E)
                  00007654    0000001c                                 : Memory.oem4f (.text:xdc_runtime_Memory_valloc__E)
                  00007670    0000001c                                 : SysMin.oem4f (.text:xdc_runtime_SysMin_exit__E)
                  0000768c    0000001c                                 : System.oem4f (.text:xdc_runtime_System_abort__E)
                  000076a8    0000001a     empty_min_pem4f.oem4f (.text:ti_sysbios_family_arm_m3_Hwi_Handle__label__S)
                  000076c2    0000001a     empty_min_pem4f.oem4f (.text:ti_sysbios_gates_GateHwi_Handle__label__S)
                  000076dc    0000001a     empty_min_pem4f.oem4f (.text:ti_sysbios_gates_GateMutex_Handle__label__S)
                  000076f6    0000001a     empty_min_pem4f.oem4f (.text:ti_sysbios_heaps_HeapMem_Handle__label__S)
                  00007710    0000001a     empty_min_pem4f.oem4f (.text:ti_sysbios_knl_Swi_Handle__label__S)
                  0000772a    0000001a     empty_min_pem4f.oem4f (.text:ti_sysbios_knl_Task_Handle__label__S)
                  00007744    0000001a     empty_min_pem4f.oem4f (.text:ti_uia_loggers_LoggerStopMode_Handle__label__S)
                  0000775e    0000001a     empty_min_pem4f.oem4f (.text:xdc_runtime_System_aprintf__E)
                  00007778    0000001a     empty_min_pem4f.oem4f (.text:xdc_runtime_System_printf__E)
                  00007792    00000018     driverlib.lib : adc.obj (.text:ADCProcessorTrigger)
                  000077aa    00000018                   : gpio.obj (.text:GPIOPinTypeGPIOOutput)
                  000077c2    00000002     --HOLE-- [fill = 0]
                  000077c4    00000018     rtsv7M4_T_le_v4SPD16_eabi.lib : args_main.c.obj (.text:_args_main)
                  000077dc    00000018     empty_min_pem4f.oem4f (.text:ti_sysbios_BIOS_rtsUnlock__I)
                  000077f4    00000018     empty_min_pem4f.oem4f (.text:ti_sysbios_family_arm_lm4_Timer_Module__startupDone__F)
                  0000780c    00000018     empty_min_pem4f.oem4f (.text:ti_sysbios_family_arm_m3_Hwi_Module__startupDone__F)
                  00007824    00000018     sysbios.aem4f : m3_TaskSupport_asm.obj (.text:ti_sysbios_family_arm_m3_TaskSupport_swap__E)
                  0000783c    00000004     --HOLE-- [fill = 0]
                  00007840    00000018                   : BIOS.obj (.text:ti_sysbios_gates_GateMutex_leave__E)
                  00007858    00000018     ti.targets.arm.rtsarm.aem4f : Error.oem4f (.text:xdc_runtime_Error_check__E)
                  00007870    00000018                                 : System.oem4f (.text:xdc_runtime_System_exit__E)
                  00007888    00000018                                 : Text.oem4f (.text:xdc_runtime_Text_ropeText__E)
                  000078a0    00000016     empty_min_pem4f.oem4f (.text:ti_sysbios_BIOS_exitFunc__I)
                  000078b6    00000016     ti.uia.loggers.aem4f : LoggerStopMode.oem4f (.text:ti_uia_loggers_LoggerStopMode_disable__E)
                  000078cc    00000016                          : LoggerStopMode.oem4f (.text:ti_uia_loggers_LoggerStopMode_enable__E)
                  000078e2    00000002     --HOLE-- [fill = 0]
                  000078e4    00000014     driverlib.lib : sysctl.obj (.text:SysCtlPWMClockSet)
                  000078f8    00000014                   : uart.obj (.text:UARTEnable)
                  0000790c    00000014     rtsv7M4_T_le_v4SPD16_eabi.lib : strlen.c.obj (.text:strlen)
                  00007920    00000014     empty_min_pem4f.oem4f (.text:ti_sysbios_family_arm_m3_Hwi_Object__get__S)
                  00007934    00000004     --HOLE-- [fill = 0]
                  00007938    00000014     sysbios.aem4f : BIOS.obj (.text:ti_sysbios_family_arm_m3_Hwi_switchFromBootStack__E)
                  0000794c    00000014     empty_min_pem4f.oem4f (.text:ti_sysbios_heaps_HeapMem_Object__get__S)
                  00007960    00000014     empty_min_pem4f.oem4f (.text:ti_sysbios_knl_Swi_Object__get__S)
                  00007974    00000012     driverlib.lib : gpio.obj (.text:GPIOPinTypeADC)
                  00007986    00000012                   : gpio.obj (.text:GPIOPinTypeGPIOInput)
                  00007998    00000012                   : gpio.obj (.text:GPIOPinTypeI2C)
                  000079aa    00000012                   : gpio.obj (.text:GPIOPinTypeI2CSCL)
                  000079bc    00000012                   : gpio.obj (.text:GPIOPinTypePWM)
                  000079ce    00000012                   : gpio.obj (.text:GPIOPinTypeUART)
                  000079e0    00000012                   : pwm.obj (.text:PWMOutputState)
                  000079f2    00000012                   : timer.obj (.text:TimerLoadSet)
                  00007a04    00000004     --HOLE-- [fill = 0]
                  00007a08    00000012     sysbios.aem4f : BIOS.obj (.text:ti_sysbios_hal_Hwi_Module_startup__E)
                  00007a1a    00000012     empty_min_pem4f.oem4f (.text:xdc_runtime_Startup_exec__I)
                  00007a2c    00000010     driverlib.lib : pwm.obj (.text:PWMGenPeriodSet)
                  00007a3c    00000010     empty_min.obj (.text:delay_simple)
                  00007a4c    00000004     --HOLE-- [fill = 0]
                  00007a50    00000010     sysbios.aem4f : BIOS.obj (.text:ti_sysbios_BIOS_getCpuFreq__E)
                  00007a60    00000010                   : BIOS.obj (.text:ti_sysbios_BIOS_setThreadType__E)
                  00007a70    00000010                   : BIOS.obj (.text:ti_sysbios_BIOS_start__E)
                  00007a80    00000010                   : BIOS.obj (.text:ti_sysbios_family_arm_lm4_TimestampProvider_rolloverFunc__E)
                  00007a90    00000010                   : m3_TaskSupport_asm.obj (.text:ti_sysbios_family_arm_m3_TaskSupport_glue)
                  00007aa0    00000010                   : BIOS.obj (.text:ti_sysbios_gates_GateMutex_Instance_finalize__E)
                  00007ab0    00000010                   : BIOS.obj (.text:ti_sysbios_knl_Semaphore_Instance_finalize__E)
                  00007ac0    00000010                   : BIOS.obj (.text:ti_sysbios_knl_Swi_disable__E)
                  00007ad0    00000010     empty_min_pem4f.oem4f (.text:ti_sysbios_knl_Task_Object__get__S)
                  00007ae0    00000010     sysbios.aem4f : BIOS.obj (.text:ti_sysbios_knl_Task_disable__E)
                  00007af0    00000010     empty_min_pem4f.oem4f (.text:ti_uia_loggers_LoggerStopMode_Object__get__S)
                  00007b00    00000010     ti.uia.loggers.aem4f : LoggerStopMode.oem4f (.text:ti_uia_loggers_LoggerStopMode_isEmpty__E)
                  00007b10    00000010     ti.targets.arm.rtsarm.aem4f : Gate.oem4f (.text:xdc_runtime_Gate_leaveSystem__E)
                  00007b20    00000010                                 : Memory.oem4f (.text:xdc_runtime_Memory_free__E)
                  00007b30    00000010                                 : SysMin.oem4f (.text:xdc_runtime_SysMin_ready__E)
                  00007b40    00000010                                 : System.oem4f (.text:xdc_runtime_System_vsnprintf__E)
                  00007b50    00000010     empty_min_pem4f.oem4f (.text:xdc_runtime_Text_visitRope__I)
                  00007b60    0000000e     driverlib.lib : adc.obj (.text:ADCSequenceEnable)
                  00007b6e    0000000e                   : timer.obj (.text:TimerEnable)
                  00007b7c    0000000e     rtsv7M4_T_le_v4SPD16_eabi.lib : copy_decompress_none.c.obj (.text:decompress:none:__TI_decompress_none)
                  00007b8a    00000006     driverlib.lib : sysctl.obj (.text:SysCtlDelay)
                  00007b90    0000000e     sysbios.aem4f : BIOS.obj (.text:ti_sysbios_knl_Idle_loop__E)
                  00007b9e    00000002     --HOLE-- [fill = 0]
                  00007ba0    0000000e                   : BIOS.obj (.text:ti_sysbios_knl_Queue_empty__E)
                  00007bae    00000002     --HOLE-- [fill = 0]
                  00007bb0    0000000c     empty_min_pem4f.oem4f (.text:.bootCodeSection:ti_catalog_arm_cortexm4_tiva_ce_Boot_init__I)
                  00007bbc    0000000c     driverlib.lib : pwm.obj (.text:PWMGenEnable)
                  00007bc8    0000000c     rtsv7M4_T_le_v4SPD16_eabi.lib : _lock.c.obj (.text:_register_lock)
                  00007bd4    0000000c                                   : _lock.c.obj (.text:_register_unlock)
                  00007be0    0000000c                                   : copy_zero_init.c.obj (.text:decompress:ZI:__TI_zero_init)
                  00007bec    00000004     --HOLE-- [fill = 0]
                  00007bf0    0000000c     sysbios.aem4f : BIOS.obj (.text:ti_sysbios_family_arm_lm4_Timer_getMaxTicks__E)
                  00007bfc    00000004     --HOLE-- [fill = 0]
                  00007c00    0000000c                   : BIOS.obj (.text:ti_sysbios_family_arm_lm4_TimestampProvider_startTimer__E)
                  00007c0c    00000004     --HOLE-- [fill = 0]
                  00007c10    0000000c                   : BIOS.obj (.text:ti_sysbios_family_arm_m3_Hwi_disableFxn__E)
                  00007c1c    00000004     --HOLE-- [fill = 0]
                  00007c20    0000000c                   : BIOS.obj (.text:ti_sysbios_family_arm_m3_TaskSupport_checkStack__E)
                  00007c2c    00000004     --HOLE-- [fill = 0]
                  00007c30    0000000c                   : BIOS.obj (.text:ti_sysbios_gates_GateHwi_enter__E)
                  00007c3c    0000000c     empty_min_pem4f.oem4f (.text:ti_sysbios_knl_Queue_Object__get__S)
                  00007c48    0000000c     ti.targets.arm.rtsarm.aem4f : Error.oem4f (.text:xdc_runtime_Error_init__E)
                  00007c54    0000000c                                 : Gate.oem4f (.text:xdc_runtime_Gate_enterSystem__E)
                  00007c60    0000000c                                 : Memory.oem4f (.text:xdc_runtime_Memory_calloc__E)
                  00007c6c    0000000c                                 : Memory.oem4f (.text:xdc_runtime_Memory_getMaxDefaultTypeAlign__E)
                  00007c78    0000000a     driverlib.lib : adc.obj (.text:ADCIntClear)
                  00007c82    0000000a                   : i2c.obj (.text:I2CMasterEnable)
                  00007c8c    0000000a                   : uart.obj (.text:UARTCharPut)
                  00007c96    0000000a     empty_min_pem4f.oem4f (.text:xdc_runtime_IHeap_alloc)
                  00007ca0    0000000a     empty_min_pem4f.oem4f (.text:xdc_runtime_IHeap_free)
                  00007caa    00000008     driverlib.lib : i2c.obj (.text:I2CMasterBusy)
                  00007cb2    00000008                   : i2c.obj (.text:I2CMasterSlaveAddrSet)
                  00007cba    00000008                   : timer.obj (.text:TimerIntEnable)
                  00007cc2    00000002     --HOLE-- [fill = 0]
                  00007cc4    00000008     rtsv7M4_T_le_v4SPD16_eabi.lib : errno.c.obj (.text:__aeabi_errno_addr)
                  00007ccc    00000008     sysbios.aem4f : BIOS.obj (.text:ti_sysbios_family_arm_lm4_Timer_masterDisable__I)
                  00007cd4    00000004     --HOLE-- [fill = 0]
                  00007cd8    00000008                   : BIOS.obj (.text:ti_sysbios_family_arm_m3_Hwi_doSwiRestore__I)
                  00007ce0    00000008                   : BIOS.obj (.text:ti_sysbios_family_arm_m3_Hwi_startup__E)
                  00007ce8    00000006     driverlib.lib : uart.obj (.text:UARTClockSourceSet)
                  00007cee    00000006     Boot.aem4f : Boot_sysctl.oem4f (.text:ti_catalog_arm_cortexm4_tiva_ce_Boot_sysCtlDelayI__I)
                  00007cf4    00000004     --HOLE-- [fill = 0]
                  00007cf8    00000006     sysbios.aem4f : BIOS.obj (.text:ti_sysbios_family_arm_lm4_TimestampProvider_Module_startup__E)
                  00007cfe    00000002     --HOLE-- [fill = 0]
                  00007d00    00000006                   : BIOS.obj (.text:ti_sysbios_family_arm_m3_Hwi_restoreFxn__E)
                  00007d06    00000002     --HOLE-- [fill = 0]
                  00007d08    00000006                   : BIOS.obj (.text:ti_sysbios_gates_GateHwi_leave__E)
                  00007d0e    00000002     --HOLE-- [fill = 0]
                  00007d10    00000006                   : BIOS.obj (.text:ti_sysbios_heaps_HeapMem_isBlocking__E)
                  00007d16    00000002     --HOLE-- [fill = 0]
                  00007d18    00000006                   : BIOS.obj (.text:ti_sysbios_knl_Queue_Instance_init__E)
                  00007d1e    00000006     ti.targets.arm.rtsarm.aem4f : System.oem4f (.text:xdc_runtime_System_Module_startup__E)
                  00007d24    00000004     --HOLE-- [fill = 0]
                  00007d28    00000004     sysbios.aem4f : BIOS.obj (.text:ti_sysbios_family_arm_lm4_Timer_getPeriod__E)
                  00007d2c    00000004     --HOLE-- [fill = 0]
                  00007d30    00000004                   : BIOS.obj (.text:ti_sysbios_gates_GateHwi_query__E)
                  00007d34    00000004     --HOLE-- [fill = 0]
                  00007d38    00000004                   : BIOS.obj (.text:ti_sysbios_gates_GateMutex_query__E)
                  00007d3c    00000004     --HOLE-- [fill = 0]
                  00007d40    00000004                   : BIOS.obj (.text:ti_sysbios_knl_Task_startup__E)
                  00007d44    00000004     --HOLE-- [fill = 0]
                  00007d48    00000002                   : BIOS.obj (.text:ti_sysbios_gates_GateHwi_Instance_init__E)

.const     0    00007d50    000028bf     
                  00007d50    00001ffa     empty_min_pem4f.oem4f (.const:xdc_runtime_Text_charTab__A)
                  00009d4a    00000100     empty_min_pem4f.oem4f (.const:xdc_runtime_Text_nodeTab__A)
                  00009e4a    00000002     empty_min_pem4f.oem4f (.const:ti_catalog_arm_cortexm4_tiva_ce_Boot_Module__id__C)
                  00009e4c    00000004     empty_min.obj (.const)
                  00009e50    00000098     rtsv7M4_T_le_v4SPD16_eabi.lib : s_atan.c.obj (.const:$O1$$)
                  00009ee8    00000090     driverlib.lib : gpio.obj (.const:g_pui32GPIOBaseAddrs)
                  00009f78    0000006c                   : sysctl.obj (.const:g_pui32Xtals)
                  00009fe4    00000060     empty_min_pem4f.oem4f (.const:ti_uia_loggers_LoggerStopMode_Module__FXNS__C)
                  0000a044    00000048     empty_min_pem4f.oem4f (.const:.string)
                  0000a08c    00000028     empty_min_pem4f.oem4f (.const)
                  0000a0b4    00000028     empty_min_pem4f.oem4f (.const:ti_sysbios_heaps_HeapMem_Module__FXNS__C)
                  0000a0dc    00000028     empty_min_pem4f.oem4f (.const:ti_uia_loggers_LoggerStopMode_Object__PARAMS__C)
                  0000a104    00000028     empty_min_pem4f.oem4f (.const:xdc_runtime_Startup_sfxnTab__A)
                  0000a12c    00000024     empty_min_pem4f.oem4f (.const:ti_sysbios_gates_GateHwi_Module__FXNS__C)
                  0000a150    00000024     empty_min_pem4f.oem4f (.const:ti_sysbios_gates_GateMutex_Module__FXNS__C)
                  0000a174    00000024     empty_min_pem4f.oem4f (.const:ti_sysbios_heaps_HeapMem_Object__PARAMS__C)
                  0000a198    00000024     empty_min_pem4f.oem4f (.const:ti_sysbios_knl_Semaphore_Object__PARAMS__C)
                  0000a1bc    00000020     empty_min_pem4f.oem4f (.const:ti_sysbios_gates_GateHwi_Object__DESC__C)
                  0000a1dc    00000020     empty_min_pem4f.oem4f (.const:ti_sysbios_gates_GateMutex_Object__DESC__C)
                  0000a1fc    00000020     empty_min_pem4f.oem4f (.const:ti_sysbios_heaps_HeapMem_Object__DESC__C)
                  0000a21c    00000020     empty_min_pem4f.oem4f (.const:ti_sysbios_knl_Queue_Object__DESC__C)
                  0000a23c    00000020     empty_min_pem4f.oem4f (.const:ti_sysbios_knl_Semaphore_Object__DESC__C)
                  0000a25c    00000020     empty_min_pem4f.oem4f (.const:ti_uia_loggers_LoggerStopMode_Object__DESC__C)
                  0000a27c    00000018     empty_min_pem4f.oem4f (.const:ti_sysbios_gates_GateHwi_Object__PARAMS__C)
                  0000a294    00000018     empty_min_pem4f.oem4f (.const:ti_sysbios_gates_GateMutex_Object__PARAMS__C)
                  0000a2ac    00000018     empty_min_pem4f.oem4f (.const:ti_sysbios_knl_Queue_Object__PARAMS__C)
                  0000a2c4    00000014     empty_min_pem4f.oem4f (.const:ti_sysbios_family_arm_m3_Hwi_hooks__A)
                  0000a2d8    00000014     empty_min_pem4f.oem4f (.const:xdc_runtime_Startup_firstFxns__A)
                  0000a2ec    00000014     empty_min_pem4f.oem4f (.const:xdc_runtime_Startup_sfxnRts__A)
                  0000a300    00000012     empty_min.obj (.const:.string)
                  0000a312    00000002     empty_min_pem4f.oem4f (.const:ti_sysbios_family_arm_lm4_TimestampProvider_useClockTimer__C)
                  0000a314    0000000c     empty_min.obj (.const:g_ui32UARTBase)
                  0000a320    0000000c     empty_min.obj (.const:g_ui32UARTPeriph)
                  0000a32c    0000000c     empty_min_pem4f.oem4f (.const:ti_sysbios_knl_Idle_funcList__A)
                  0000a338    00000008     empty_min_pem4f.oem4f (.const:ti_sysbios_family_arm_m3_Hwi_excHookFuncs__A)
                  0000a340    00000008     empty_min_pem4f.oem4f (.const:ti_sysbios_family_arm_m3_Hwi_hooks__C)
                  0000a348    00000008     empty_min_pem4f.oem4f (.const:ti_sysbios_knl_Idle_funcList__C)
                  0000a350    00000008     empty_min_pem4f.oem4f (.const:xdc_runtime_Startup_firstFxns__C)
                  0000a358    00000008     empty_min_pem4f.oem4f (.const:xdc_runtime_Startup_lastFxns__C)
                  0000a360    00000004     empty_min_pem4f.oem4f (.const:ti_catalog_arm_cortexm4_tiva_ce_Boot_A_mustUseEnhancedClockMode__C)
                  0000a364    00000004     empty_min_pem4f.oem4f (.const:ti_catalog_arm_cortexm4_tiva_ce_Boot_Module__diagsEnabled__C)
                  0000a368    00000004     empty_min_pem4f.oem4f (.const:ti_catalog_arm_cortexm4_tiva_ce_Boot_Module__diagsIncluded__C)
                  0000a36c    00000004     empty_min_pem4f.oem4f (.const:ti_catalog_arm_cortexm4_tiva_ce_Boot_Module__diagsMask__C)
                  0000a370    00000004     empty_min_pem4f.oem4f (.const:ti_sysbios_family_arm_lm4_Timer_enableFunc__C)
                  0000a374    00000004     empty_min_pem4f.oem4f (.const:ti_sysbios_family_arm_lm4_Timer_numTimerDevices__C)
                  0000a378    00000004     empty_min_pem4f.oem4f (.const:ti_sysbios_family_arm_lm4_Timer_startupNeeded__C)
                  0000a37c    00000004     empty_min_pem4f.oem4f (.const:ti_sysbios_family_arm_m3_Hwi_E_NMI__C)
                  0000a380    00000004     empty_min_pem4f.oem4f (.const:ti_sysbios_family_arm_m3_Hwi_E_busFault__C)
                  0000a384    00000004     empty_min_pem4f.oem4f (.const:ti_sysbios_family_arm_m3_Hwi_E_debugMon__C)
                  0000a388    00000004     empty_min_pem4f.oem4f (.const:ti_sysbios_family_arm_m3_Hwi_E_hardFault__C)
                  0000a38c    00000004     empty_min_pem4f.oem4f (.const:ti_sysbios_family_arm_m3_Hwi_E_memFault__C)
                  0000a390    00000004     empty_min_pem4f.oem4f (.const:ti_sysbios_family_arm_m3_Hwi_E_noIsr__C)
                  0000a394    00000004     empty_min_pem4f.oem4f (.const:ti_sysbios_family_arm_m3_Hwi_E_reserved__C)
                  0000a398    00000004     empty_min_pem4f.oem4f (.const:ti_sysbios_family_arm_m3_Hwi_E_svCall__C)
                  0000a39c    00000004     empty_min_pem4f.oem4f (.const:ti_sysbios_family_arm_m3_Hwi_E_usageFault__C)
                  0000a3a0    00000004     empty_min_pem4f.oem4f (.const:ti_sysbios_family_arm_m3_Hwi_LD_end__C)
                  0000a3a4    00000004     empty_min_pem4f.oem4f (.const:ti_sysbios_family_arm_m3_Hwi_LM_begin__C)
                  0000a3a8    00000004     empty_min_pem4f.oem4f (.const:ti_sysbios_family_arm_m3_Hwi_Module__diagsEnabled__C)
                  0000a3ac    00000004     empty_min_pem4f.oem4f (.const:ti_sysbios_family_arm_m3_Hwi_Module__diagsIncluded__C)
                  0000a3b0    00000004     empty_min_pem4f.oem4f (.const:ti_sysbios_family_arm_m3_Hwi_Module__diagsMask__C)
                  0000a3b4    00000004     empty_min_pem4f.oem4f (.const:ti_sysbios_family_arm_m3_Hwi_Module__loggerFxn1__C)
                  0000a3b8    00000004     empty_min_pem4f.oem4f (.const:ti_sysbios_family_arm_m3_Hwi_Module__loggerFxn8__C)
                  0000a3bc    00000004     empty_min_pem4f.oem4f (.const:ti_sysbios_family_arm_m3_Hwi_Module__loggerObj__C)
                  0000a3c0    00000004     empty_min_pem4f.oem4f (.const:ti_sysbios_family_arm_m3_Hwi_NUM_INTERRUPTS__C)
                  0000a3c4    00000004     empty_min_pem4f.oem4f (.const:ti_sysbios_family_arm_m3_Hwi_Object__count__C)
                  0000a3c8    00000004     empty_min_pem4f.oem4f (.const:ti_sysbios_family_arm_m3_Hwi_ccr__C)
                  0000a3cc    00000004     empty_min_pem4f.oem4f (.const:ti_sysbios_family_arm_m3_Hwi_excHandlerFunc__C)
                  0000a3d0    00000004     empty_min_pem4f.oem4f (.const:ti_sysbios_family_arm_m3_Hwi_excHookFuncs__C)
                  0000a3d4    00000004     empty_min_pem4f.oem4f (.const:ti_sysbios_family_arm_m3_Hwi_nullIsrFunc__C)
                  0000a3d8    00000004     empty_min_pem4f.oem4f (.const:ti_sysbios_family_arm_m3_Hwi_priGroup__C)
                  0000a3dc    00000004     empty_min_pem4f.oem4f (.const:ti_sysbios_gates_GateMutex_A_badContext__C)
                  0000a3e0    00000004     empty_min_pem4f.oem4f (.const:ti_sysbios_gates_GateMutex_Instance_State_sem__O)
                  0000a3e4    00000004     empty_min_pem4f.oem4f (.const:ti_sysbios_gates_GateMutex_Module__diagsEnabled__C)
                  0000a3e8    00000004     empty_min_pem4f.oem4f (.const:ti_sysbios_gates_GateMutex_Module__diagsIncluded__C)
                  0000a3ec    00000004     empty_min_pem4f.oem4f (.const:ti_sysbios_gates_GateMutex_Module__diagsMask__C)
                  0000a3f0    00000004     empty_min_pem4f.oem4f (.const:ti_sysbios_hal_Hwi_E_stackOverflow__C)
                  0000a3f4    00000004     empty_min_pem4f.oem4f (.const:ti_sysbios_heaps_HeapMem_A_align__C)
                  0000a3f8    00000004     empty_min_pem4f.oem4f (.const:ti_sysbios_heaps_HeapMem_A_heapSize__C)
                  0000a3fc    00000004     empty_min_pem4f.oem4f (.const:ti_sysbios_heaps_HeapMem_A_invalidFree__C)
                  0000a400    00000004     empty_min_pem4f.oem4f (.const:ti_sysbios_heaps_HeapMem_A_zeroBlock__C)
                  0000a404    00000004     empty_min_pem4f.oem4f (.const:ti_sysbios_heaps_HeapMem_E_memory__C)
                  0000a408    00000004     empty_min_pem4f.oem4f (.const:ti_sysbios_heaps_HeapMem_Module__diagsEnabled__C)
                  0000a40c    00000004     empty_min_pem4f.oem4f (.const:ti_sysbios_heaps_HeapMem_Module__diagsIncluded__C)
                  0000a410    00000004     empty_min_pem4f.oem4f (.const:ti_sysbios_heaps_HeapMem_Module__diagsMask__C)
                  0000a414    00000004     empty_min_pem4f.oem4f (.const:ti_sysbios_heaps_HeapMem_Module__gateObj__C)
                  0000a418    00000004     empty_min_pem4f.oem4f (.const:ti_sysbios_heaps_HeapMem_Object__count__C)
                  0000a41c    00000004     empty_min_pem4f.oem4f (.const:ti_sysbios_heaps_HeapMem_reqAlign__C)
                  0000a420    00000004     empty_min_pem4f.oem4f (.const:ti_sysbios_knl_Clock_LM_begin__C)
                  0000a424    00000004     empty_min_pem4f.oem4f (.const:ti_sysbios_knl_Clock_LM_tick__C)
                  0000a428    00000004     empty_min_pem4f.oem4f (.const:ti_sysbios_knl_Clock_LW_delayed__C)
                  0000a42c    00000004     empty_min_pem4f.oem4f (.const:ti_sysbios_knl_Clock_Module_State_clockQ__O)
                  0000a430    00000004     empty_min_pem4f.oem4f (.const:ti_sysbios_knl_Clock_Module__diagsEnabled__C)
                  0000a434    00000004     empty_min_pem4f.oem4f (.const:ti_sysbios_knl_Clock_Module__diagsIncluded__C)
                  0000a438    00000004     empty_min_pem4f.oem4f (.const:ti_sysbios_knl_Clock_Module__diagsMask__C)
                  0000a43c    00000004     empty_min_pem4f.oem4f (.const:ti_sysbios_knl_Clock_Module__loggerFxn1__C)
                  0000a440    00000004     empty_min_pem4f.oem4f (.const:ti_sysbios_knl_Clock_Module__loggerFxn2__C)
                  0000a444    00000004     empty_min_pem4f.oem4f (.const:ti_sysbios_knl_Clock_Module__loggerObj__C)
                  0000a448    00000004     empty_min_pem4f.oem4f (.const:ti_sysbios_knl_Semaphore_A_badContext__C)
                  0000a44c    00000004     empty_min_pem4f.oem4f (.const:ti_sysbios_knl_Semaphore_A_noEvents__C)
                  0000a450    00000004     empty_min_pem4f.oem4f (.const:ti_sysbios_knl_Semaphore_A_overflow__C)
                  0000a454    00000004     empty_min_pem4f.oem4f (.const:ti_sysbios_knl_Semaphore_A_pendTaskDisabled__C)
                  0000a458    00000004     empty_min_pem4f.oem4f (.const:ti_sysbios_knl_Semaphore_Instance_State_pendQ__O)
                  0000a45c    00000004     empty_min_pem4f.oem4f (.const:ti_sysbios_knl_Semaphore_LM_pend__C)
                  0000a460    00000004     empty_min_pem4f.oem4f (.const:ti_sysbios_knl_Semaphore_LM_post__C)
                  0000a464    00000004     empty_min_pem4f.oem4f (.const:ti_sysbios_knl_Semaphore_Module__diagsEnabled__C)
                  0000a468    00000004     empty_min_pem4f.oem4f (.const:ti_sysbios_knl_Semaphore_Module__diagsIncluded__C)
                  0000a46c    00000004     empty_min_pem4f.oem4f (.const:ti_sysbios_knl_Semaphore_Module__diagsMask__C)
                  0000a470    00000004     empty_min_pem4f.oem4f (.const:ti_sysbios_knl_Semaphore_Module__loggerFxn2__C)
                  0000a474    00000004     empty_min_pem4f.oem4f (.const:ti_sysbios_knl_Semaphore_Module__loggerFxn4__C)
                  0000a478    00000004     empty_min_pem4f.oem4f (.const:ti_sysbios_knl_Semaphore_Module__loggerObj__C)
                  0000a47c    00000004     empty_min_pem4f.oem4f (.const:ti_sysbios_knl_Swi_LD_end__C)
                  0000a480    00000004     empty_min_pem4f.oem4f (.const:ti_sysbios_knl_Swi_LM_begin__C)
                  0000a484    00000004     empty_min_pem4f.oem4f (.const:ti_sysbios_knl_Swi_LM_post__C)
                  0000a488    00000004     empty_min_pem4f.oem4f (.const:ti_sysbios_knl_Swi_Module__diagsEnabled__C)
                  0000a48c    00000004     empty_min_pem4f.oem4f (.const:ti_sysbios_knl_Swi_Module__diagsIncluded__C)
                  0000a490    00000004     empty_min_pem4f.oem4f (.const:ti_sysbios_knl_Swi_Module__diagsMask__C)
                  0000a494    00000004     empty_min_pem4f.oem4f (.const:ti_sysbios_knl_Swi_Module__loggerFxn1__C)
                  0000a498    00000004     empty_min_pem4f.oem4f (.const:ti_sysbios_knl_Swi_Module__loggerFxn4__C)
                  0000a49c    00000004     empty_min_pem4f.oem4f (.const:ti_sysbios_knl_Swi_Module__loggerObj__C)
                  0000a4a0    00000004     empty_min_pem4f.oem4f (.const:ti_sysbios_knl_Swi_Object__count__C)
                  0000a4a4    00000004     empty_min_pem4f.oem4f (.const:ti_sysbios_knl_Task_E_spOutOfBounds__C)
                  0000a4a8    00000004     empty_min_pem4f.oem4f (.const:ti_sysbios_knl_Task_E_stackOverflow__C)
                  0000a4ac    00000004     empty_min_pem4f.oem4f (.const:ti_sysbios_knl_Task_LD_block__C)
                  0000a4b0    00000004     empty_min_pem4f.oem4f (.const:ti_sysbios_knl_Task_LD_exit__C)
                  0000a4b4    00000004     empty_min_pem4f.oem4f (.const:ti_sysbios_knl_Task_LD_ready__C)
                  0000a4b8    00000004     empty_min_pem4f.oem4f (.const:ti_sysbios_knl_Task_LM_switch__C)
                  0000a4bc    00000004     empty_min_pem4f.oem4f (.const:ti_sysbios_knl_Task_Module_State_inactiveQ__O)
                  0000a4c0    00000004     empty_min_pem4f.oem4f (.const:ti_sysbios_knl_Task_Module__diagsEnabled__C)
                  0000a4c4    00000004     empty_min_pem4f.oem4f (.const:ti_sysbios_knl_Task_Module__diagsIncluded__C)
                  0000a4c8    00000004     empty_min_pem4f.oem4f (.const:ti_sysbios_knl_Task_Module__diagsMask__C)
                  0000a4cc    00000004     empty_min_pem4f.oem4f (.const:ti_sysbios_knl_Task_Module__loggerFxn2__C)
                  0000a4d0    00000004     empty_min_pem4f.oem4f (.const:ti_sysbios_knl_Task_Module__loggerFxn4__C)
                  0000a4d4    00000004     empty_min_pem4f.oem4f (.const:ti_sysbios_knl_Task_Module__loggerObj__C)
                  0000a4d8    00000004     empty_min_pem4f.oem4f (.const:ti_sysbios_knl_Task_Object__count__C)
                  0000a4dc    00000004     empty_min_pem4f.oem4f (.const:ti_sysbios_knl_Task_allBlockedFunc__C)
                  0000a4e0    00000004     empty_min_pem4f.oem4f (.const:ti_sysbios_knl_Task_numConstructedTasks__C)
                  0000a4e4    00000004     empty_min_pem4f.oem4f (.const:ti_sysbios_utils_Load_LS_cpuLoad__C)
                  0000a4e8    00000004     empty_min_pem4f.oem4f (.const:ti_sysbios_utils_Load_LS_hwiLoad__C)
                  0000a4ec    00000004     empty_min_pem4f.oem4f (.const:ti_sysbios_utils_Load_Module__diagsEnabled__C)
                  0000a4f0    00000004     empty_min_pem4f.oem4f (.const:ti_sysbios_utils_Load_Module__diagsIncluded__C)
                  0000a4f4    00000004     empty_min_pem4f.oem4f (.const:ti_sysbios_utils_Load_Module__diagsMask__C)
                  0000a4f8    00000004     empty_min_pem4f.oem4f (.const:ti_sysbios_utils_Load_Module__loggerFxn1__C)
                  0000a4fc    00000004     empty_min_pem4f.oem4f (.const:ti_sysbios_utils_Load_Module__loggerFxn2__C)
                  0000a500    00000004     empty_min_pem4f.oem4f (.const:ti_sysbios_utils_Load_Module__loggerObj__C)
                  0000a504    00000004     empty_min_pem4f.oem4f (.const:ti_sysbios_utils_Load_postUpdate__C)
                  0000a508    00000004     empty_min_pem4f.oem4f (.const:ti_sysbios_utils_Load_windowInMs__C)
                  0000a50c    00000004     empty_min_pem4f.oem4f (.const:ti_uia_loggers_LoggerStopMode_Module__diagsEnabled__C)
                  0000a510    00000004     empty_min_pem4f.oem4f (.const:ti_uia_loggers_LoggerStopMode_Module__diagsIncluded__C)
                  0000a514    00000004     empty_min_pem4f.oem4f (.const:ti_uia_loggers_LoggerStopMode_Module__diagsMask__C)
                  0000a518    00000004     empty_min_pem4f.oem4f (.const:ti_uia_loggers_LoggerStopMode_Object__count__C)
                  0000a51c    00000004     empty_min_pem4f.oem4f (.const:ti_uia_runtime_ILoggerSnapshot_Interface__BASE__C)
                  0000a520    00000004     empty_min_pem4f.oem4f (.const:ti_uia_runtime_IUIATransfer_Interface__BASE__C)
                  0000a524    00000004     empty_min_pem4f.oem4f (.const:xdc_runtime_Assert_E_assertFailed__C)
                  0000a528    00000004     empty_min_pem4f.oem4f (.const:xdc_runtime_Core_A_initializedParams__C)
                  0000a52c    00000004     empty_min_pem4f.oem4f (.const:xdc_runtime_Core_Module__diagsEnabled__C)
                  0000a530    00000004     empty_min_pem4f.oem4f (.const:xdc_runtime_Core_Module__diagsIncluded__C)
                  0000a534    00000004     empty_min_pem4f.oem4f (.const:xdc_runtime_Core_Module__diagsMask__C)
                  0000a538    00000004     empty_min_pem4f.oem4f (.const:xdc_runtime_Error_E_memory__C)
                  0000a53c    00000004     empty_min_pem4f.oem4f (.const:xdc_runtime_Error_Module__diagsEnabled__C)
                  0000a540    00000004     empty_min_pem4f.oem4f (.const:xdc_runtime_Error_Module__diagsIncluded__C)
                  0000a544    00000004     empty_min_pem4f.oem4f (.const:xdc_runtime_Error_Module__diagsMask__C)
                  0000a548    00000004     empty_min_pem4f.oem4f (.const:xdc_runtime_Error_Module__loggerFxn8__C)
                  0000a54c    00000004     empty_min_pem4f.oem4f (.const:xdc_runtime_Error_Module__loggerObj__C)
                  0000a550    00000004     empty_min_pem4f.oem4f (.const:xdc_runtime_Error_policyFxn__C)
                  0000a554    00000004     empty_min_pem4f.oem4f (.const:xdc_runtime_Error_raiseHook__C)
                  0000a558    00000004     empty_min_pem4f.oem4f (.const:xdc_runtime_IFilterLogger_Interface__BASE__C)
                  0000a55c    00000004     empty_min_pem4f.oem4f (.const:xdc_runtime_IGateProvider_Interface__BASE__C)
                  0000a560    00000004     empty_min_pem4f.oem4f (.const:xdc_runtime_IHeap_Interface__BASE__C)
                  0000a564    00000004     empty_min_pem4f.oem4f (.const:xdc_runtime_ILogger_Interface__BASE__C)
                  0000a568    00000004     empty_min_pem4f.oem4f (.const:xdc_runtime_IModule_Interface__BASE__C)
                  0000a56c    00000004     empty_min_pem4f.oem4f (.const:xdc_runtime_Log_L_error__C)
                  0000a570    00000004     empty_min_pem4f.oem4f (.const:xdc_runtime_Log_L_info__C)
                  0000a574    00000004     empty_min_pem4f.oem4f (.const:xdc_runtime_Main_Module__diagsEnabled__C)
                  0000a578    00000004     empty_min_pem4f.oem4f (.const:xdc_runtime_Main_Module__diagsIncluded__C)
                  0000a57c    00000004     empty_min_pem4f.oem4f (.const:xdc_runtime_Main_Module__diagsMask__C)
                  0000a580    00000004     empty_min_pem4f.oem4f (.const:xdc_runtime_Main_Module__loggerFxn4__C)
                  0000a584    00000004     empty_min_pem4f.oem4f (.const:xdc_runtime_Main_Module__loggerObj__C)
                  0000a588    00000004     empty_min_pem4f.oem4f (.const:xdc_runtime_Memory_defaultHeapInstance__C)
                  0000a58c    00000004     empty_min_pem4f.oem4f (.const:xdc_runtime_Startup_execImpl__C)
                  0000a590    00000004     empty_min_pem4f.oem4f (.const:xdc_runtime_Startup_lastFxns__A)
                  0000a594    00000004     empty_min_pem4f.oem4f (.const:xdc_runtime_Startup_maxPasses__C)
                  0000a598    00000004     empty_min_pem4f.oem4f (.const:xdc_runtime_Startup_sfxnRts__C)
                  0000a59c    00000004     empty_min_pem4f.oem4f (.const:xdc_runtime_Startup_sfxnTab__C)
                  0000a5a0    00000004     empty_min_pem4f.oem4f (.const:xdc_runtime_SysMin_bufSize__C)
                  0000a5a4    00000004     empty_min_pem4f.oem4f (.const:xdc_runtime_SysMin_outputFunc__C)
                  0000a5a8    00000004     empty_min_pem4f.oem4f (.const:xdc_runtime_System_Module__gateObj__C)
                  0000a5ac    00000004     empty_min_pem4f.oem4f (.const:xdc_runtime_System_abortFxn__C)
                  0000a5b0    00000004     empty_min_pem4f.oem4f (.const:xdc_runtime_System_exitFxn__C)
                  0000a5b4    00000004     empty_min_pem4f.oem4f (.const:xdc_runtime_System_extendFxn__C)
                  0000a5b8    00000004     empty_min_pem4f.oem4f (.const:xdc_runtime_System_maxAtexitHandlers__C)
                  0000a5bc    00000004     empty_min_pem4f.oem4f (.const:xdc_runtime_Text_charTab__C)
                  0000a5c0    00000004     empty_min_pem4f.oem4f (.const:xdc_runtime_Text_nameEmpty__C)
                  0000a5c4    00000004     empty_min_pem4f.oem4f (.const:xdc_runtime_Text_nameStatic__C)
                  0000a5c8    00000004     empty_min_pem4f.oem4f (.const:xdc_runtime_Text_nameUnknown__C)
                  0000a5cc    00000004     empty_min_pem4f.oem4f (.const:xdc_runtime_Text_nodeTab__C)
                  0000a5d0    00000004     empty_min_pem4f.oem4f (.const:xdc_runtime_Text_visitRopeFxn__C)
                  0000a5d4    00000002     empty_min_pem4f.oem4f (.const:ti_sysbios_family_arm_m3_Hwi_Module__id__C)
                  0000a5d6    00000002     empty_min_pem4f.oem4f (.const:ti_sysbios_family_arm_m3_Hwi_Module__loggerDefined__C)
                  0000a5d8    00000002     empty_min_pem4f.oem4f (.const:ti_sysbios_gates_GateMutex_Module__id__C)
                  0000a5da    00000002     empty_min_pem4f.oem4f (.const:ti_sysbios_hal_Hwi_Module__id__C)
                  0000a5dc    00000002     empty_min_pem4f.oem4f (.const:ti_sysbios_heaps_HeapMem_Module__id__C)
                  0000a5de    00000002     empty_min_pem4f.oem4f (.const:ti_sysbios_knl_Clock_Module__id__C)
                  0000a5e0    00000002     empty_min_pem4f.oem4f (.const:ti_sysbios_knl_Clock_Module__loggerDefined__C)
                  0000a5e2    00000002     empty_min_pem4f.oem4f (.const:ti_sysbios_knl_Semaphore_Module__id__C)
                  0000a5e4    00000002     empty_min_pem4f.oem4f (.const:ti_sysbios_knl_Semaphore_Module__loggerDefined__C)
                  0000a5e6    00000002     empty_min_pem4f.oem4f (.const:ti_sysbios_knl_Swi_Module__id__C)
                  0000a5e8    00000002     empty_min_pem4f.oem4f (.const:ti_sysbios_knl_Swi_Module__loggerDefined__C)
                  0000a5ea    00000002     empty_min_pem4f.oem4f (.const:ti_sysbios_knl_Task_Module__id__C)
                  0000a5ec    00000002     empty_min_pem4f.oem4f (.const:ti_sysbios_knl_Task_Module__loggerDefined__C)
                  0000a5ee    00000002     empty_min_pem4f.oem4f (.const:ti_sysbios_utils_Load_Module__id__C)
                  0000a5f0    00000002     empty_min_pem4f.oem4f (.const:ti_sysbios_utils_Load_Module__loggerDefined__C)
                  0000a5f2    00000002     empty_min_pem4f.oem4f (.const:ti_sysbios_utils_Load_updateInIdle__C)
                  0000a5f4    00000002     empty_min_pem4f.oem4f (.const:ti_uia_loggers_LoggerStopMode_Module__id__C)
                  0000a5f6    00000002     empty_min_pem4f.oem4f (.const:ti_uia_loggers_LoggerStopMode_isTimestampEnabled__C)
                  0000a5f8    00000002     empty_min_pem4f.oem4f (.const:xdc_runtime_Core_Module__id__C)
                  0000a5fa    00000002     empty_min_pem4f.oem4f (.const:xdc_runtime_Error_Module__loggerDefined__C)
                  0000a5fc    00000002     empty_min_pem4f.oem4f (.const:xdc_runtime_Error_maxDepth__C)
                  0000a5fe    00000002     empty_min_pem4f.oem4f (.const:xdc_runtime_Main_Module__id__C)
                  0000a600    00000002     empty_min_pem4f.oem4f (.const:xdc_runtime_Main_Module__loggerDefined__C)
                  0000a602    00000002     empty_min_pem4f.oem4f (.const:xdc_runtime_Memory_Module__id__C)
                  0000a604    00000002     empty_min_pem4f.oem4f (.const:xdc_runtime_SysMin_flushAtExit__C)
                  0000a606    00000002     empty_min_pem4f.oem4f (.const:xdc_runtime_Text_charCnt__C)
                  0000a608    00000002     empty_min_pem4f.oem4f (.const:xdc_runtime_Text_isLoaded__C)
                  0000a60a    00000002     empty_min_pem4f.oem4f (.const:xdc_runtime_Text_registryModsLastId__C)
                  0000a60c    00000002     empty_min_pem4f.oem4f (.const:xdc_runtime_Text_unnamedModsLastId__C)
                  0000a60e    00000001     empty_min_pem4f.oem4f (.const:xdc_runtime_Error_policy__C)

.cinit     0    0000a610    00000300     
                  0000a610    000002c7     (.cinit..data.load) [load image, compression = lzss]
                  0000a8d7    00000001     --HOLE-- [fill = 0]
                  0000a8d8    0000000c     (__TI_handler_table)
                  0000a8e4    00000004     --HOLE-- [fill = 0]
                  0000a8e8    00000008     (.cinit..bss.load) [load image, compression = zero_init]
                  0000a8f0    00000008     (.cinit..vecs.load) [load image, compression = zero_init]
                  0000a8f8    00000018     (__TI_cinit_table)

.init_array 
*          0    00000000    00000000     UNINITIALIZED

.resetVecs 
*          0    00000000    0000003c     
                  00000000    0000003c     empty_min_pem4f.oem4f (.resetVecs)

.bss       0    20000380    000042b0     UNINITIALIZED
                  20000380    00002200     empty_min_pem4f.oem4f (.bss:taskStackSection)
                  20002580    00001000     (.common:ti_sysbios_heaps_HeapMem_Instance_State_0_buf__A)
                  20003580    00000400     (.common:ti_uia_loggers_LoggerStopMode_Instance_State_1_packetArray__A)
                  20003980    00000400     (.common:ti_uia_loggers_LoggerStopMode_Instance_State_2_packetArray__A)
                  20003d80    00000360     (.common:ti_sysbios_family_arm_m3_Hwi_dispatchTable)
                  200040e0    00000008     (.common:parmbuf)
                  200040e8    00000004     (.common:ACC_Data)
                  200040ec    00000004     (.common:ACC_Data2)
                  200040f0    00000004     (.common:ACC_Data3)
                  200040f4    00000004     (.common:Ax)
                  200040f8    00000004     (.common:Ay)
                  200040fc    00000004     (.common:Az)
                  20004100    00000200     (.common:ti_uia_loggers_LoggerStopMode_Instance_State_0_packetArray__A)
                  20004300    00000120     rtsv7M4_T_le_v4SPD16_eabi.lib : trgmsg.c.obj (.bss:_CIOBUF_)
                  20004420    00000080     (.common:xdc_runtime_SysMin_Module_State_0_outbuf__A)
                  200044a0    00000004     (.common:GYRO_Data)
                  200044a4    00000004     (.common:GYRO_Data2)
                  200044a8    00000004     (.common:GYRO_Data3)
                  200044ac    00000004     (.common:outVal)
                  200044b0    00000004     (.common:ti_sysbios_family_arm_m3_Hwi_Instance_State_0_hookEnv__A)
                  200044b4    00000004     (.common:ti_sysbios_family_arm_m3_Hwi_Instance_State_1_hookEnv__A)
                  200044b8    00000004     (.common:ti_sysbios_family_arm_m3_Hwi_Instance_State_2_hookEnv__A)
                  200044bc    00000004     (.common:val)
                  200044c0    00000001     (.common:HByte)
                  200044c1    0000003f     --HOLE--
                  20004500    00000030     (.common:ti_uia_loggers_LoggerStopMode_Instance_State_0_hdr__A)
                  20004530    00000050     --HOLE--
                  20004580    00000030     (.common:ti_uia_loggers_LoggerStopMode_Instance_State_1_hdr__A)
                  200045b0    00000050     --HOLE--
                  20004600    00000030     (.common:ti_uia_loggers_LoggerStopMode_Instance_State_2_hdr__A)

.data      0    20005630    00000776     UNINITIALIZED
                  20005630    0000017c     empty_min_pem4f.oem4f (.data:ti_sysbios_knl_Task_Object__table__V)
                  200057ac    0000009c     empty_min_pem4f.oem4f (.data:ti_uia_loggers_LoggerStopMode_Object__table__V)
                  20005848    00000098     empty_min_pem4f.oem4f (.data:ti_sysbios_utils_Load_Module__state__V)
                  200058e0    00000080     empty_min_pem4f.oem4f (.data:ti_sysbios_family_arm_lm4_Timer_Object__table__V)
                  20005960    00000080     empty_min_pem4f.oem4f (.data:ti_sysbios_knl_Swi_Module_State_0_readyQ__A)
                  200059e0    00000080     empty_min_pem4f.oem4f (.data:ti_sysbios_knl_Task_Module_State_0_readyQ__A)
                  20005a60    00000064     empty_min_pem4f.oem4f (.data:ti_sysbios_knl_Semaphore_Object__table__V)
                  20005ac4    00000048     empty_min_pem4f.oem4f (.data:ti_sysbios_family_arm_m3_Hwi_Object__table__V)
                  20005b0c    00000044     empty_min_pem4f.oem4f (.data:ti_sysbios_knl_Task_Module__state__V)
                  20005b50    00000038     empty_min_pem4f.oem4f (.data:ti_sysbios_gates_GateMutex_Object__table__V)
                  20005b88    00000034     empty_min_pem4f.oem4f (.data:ti_sysbios_family_arm_m3_Hwi_Module__state__V)
                  20005bbc    00000030     empty_min_pem4f.oem4f (.data:ti_sysbios_family_arm_lm4_Timer_Module_State_0_device__A)
                  20005bec    00000030     empty_min_pem4f.oem4f (.data:ti_sysbios_knl_Swi_Object__table__V)
                  20005c1c    0000002c     empty_min_pem4f.oem4f (.data:ti_sysbios_knl_Clock_Module__state__V)
                  20005c48    00000024     empty_min_pem4f.oem4f (.data:ti_sysbios_BIOS_Module__state__V)
                  20005c6c    00000023     empty_min.obj (.data)
                  20005c8f    00000001     --HOLE--
                  20005c90    0000001c     empty_min_pem4f.oem4f (.data:ti_sysbios_knl_Swi_Module__state__V)
                  20005cac    00000018     empty_min_pem4f.oem4f (.data:ti_sysbios_family_arm_lm4_Timer_Module_State_0_handles__A)
                  20005cc4    00000018     empty_min_pem4f.oem4f (.data:ti_sysbios_heaps_HeapMem_Object__table__V)
                  20005cdc    0000000c     empty_min_pem4f.oem4f (.data:ti_sysbios_family_arm_lm4_Timer_Module__state__V)
                  20005ce8    0000000c     empty_min_pem4f.oem4f (.data:ti_sysbios_knl_Task_Module__root__V)
                  20005cf4    0000000c     empty_min_pem4f.oem4f (.data:ti_uia_runtime_QueueDescriptor_Module__state__V)
                  20005d00    0000000c     empty_min_pem4f.oem4f (.data:xdc_runtime_SysMin_Module__state__V)
                  20005d0c    00000008     rtsv7M4_T_le_v4SPD16_eabi.lib : _lock.c.obj (.data:$O1$$)
                  20005d14    00000008     ti.uia.runtime.aem4f : QueueDescriptor.oem4f (.data)
                  20005d1c    00000008     empty_min_pem4f.oem4f (.data:ti_sysbios_family_arm_lm4_TimestampProvider_Module__state__V)
                  20005d24    00000008     empty_min_pem4f.oem4f (.data:ti_sysbios_gates_GateHwi_Module__root__V)
                  20005d2c    00000008     empty_min_pem4f.oem4f (.data:ti_sysbios_gates_GateMutex_Module__root__V)
                  20005d34    00000008     empty_min_pem4f.oem4f (.data:ti_sysbios_hal_Hwi_Object__table__V)
                  20005d3c    00000008     empty_min_pem4f.oem4f (.data:ti_sysbios_heaps_HeapMem_Module__root__V)
                  20005d44    00000008     empty_min_pem4f.oem4f (.data:ti_sysbios_knl_Queue_Module__root__V)
                  20005d4c    00000008     empty_min_pem4f.oem4f (.data:ti_sysbios_knl_Semaphore_Module__root__V)
                  20005d54    00000008     empty_min_pem4f.oem4f (.data:ti_uia_loggers_LoggerStopMode_Module__root__V)
                  20005d5c    00000008     empty_min_pem4f.oem4f (.data:xdc_runtime_Registry_Module__state__V)
                  20005d64    00000008     empty_min_pem4f.oem4f (.data:xdc_runtime_Startup_Module__state__V)
                  20005d6c    00000008     empty_min_pem4f.oem4f (.data:xdc_runtime_System_Module_State_0_atexitHandlers__A)
                  20005d74    00000008     empty_min_pem4f.oem4f (.data:xdc_runtime_System_Module__state__V)
                  20005d7c    00000004     rtsv7M4_T_le_v4SPD16_eabi.lib : errno.c.obj (.data)
                  20005d80    00000004                                   : stkdepth_vars.c.obj (.data)
                  20005d84    00000004     empty_min_pem4f.oem4f (.data:ti_sysbios_family_arm_m3_Hwi_Module_State_0_excContext__A)
                  20005d88    00000004     empty_min_pem4f.oem4f (.data:ti_sysbios_family_arm_m3_Hwi_Module_State_0_excStack__A)
                  20005d8c    00000004     empty_min_pem4f.oem4f (.data:ti_sysbios_gates_GateHwi_Object__table__V)
                  20005d90    00000004     empty_min_pem4f.oem4f (.data:ti_sysbios_knl_Task_Module_State_0_idleTask__A)
                  20005d94    00000004     empty_min_pem4f.oem4f (.data:ti_sysbios_utils_Load_Module_State_0_runningTask__A)
                  20005d98    00000004     empty_min_pem4f.oem4f (.data:ti_sysbios_utils_Load_Module_State_0_taskStartTime__A)
                  20005d9c    00000004     empty_min_pem4f.oem4f (.data:xdc_runtime_Memory_Module__state__V)
                  20005da0    00000002     empty_min_pem4f.oem4f (.data:ti_sysbios_family_arm_m3_Hwi_Module_State_0_excActive__A)
                  20005da2    00000002     empty_min_pem4f.oem4f (.data:xdc_runtime_Error_Module__state__V)
                  20005da4    00000002     empty_min_pem4f.oem4f (.data:xdc_runtime_Main_Module__root__V)

.stack     0    20004630    00001000     UNINITIALIZED
                  20004630    00001000     --HOLE--

.bootVecs 
*          0    00000000    00000008     DSECT
                  00000000    00000008     boot.aem4f : boot.oem4f (.bootVecs)

.vecs      0    20000000    00000360     UNINITIALIZED
                  20000000    00000360     empty_min_pem4f.oem4f (.vecs)

xdc.meta   0    00000000    000000f9     COPY SECTION
                  00000000    000000f9     empty_min_pem4f.oem4f (xdc.meta)

__llvm_prf_cnts 
*          0    20000000    00000000     UNINITIALIZED

MODULE SUMMARY

       Module                       code    ro data   rw data
       ------                       ----    -------   -------
    ./
       empty_min.obj                3470    46        80     
    +--+----------------------------+-------+---------+---------+
       Total:                       3470    46        80     
                                                             
    /Users/ElmerOMejia/Desktop/CPE403/empty_min_EK_TM4C123GXL_TI/Debug/configPkg/package/cfg/
       empty_min_pem4f.oem4f        3152    10041     19222  
    +--+----------------------------+-------+---------+---------+
       Total:                       3152    10041     19222  
                                                             
    /Applications/ti/ccs1040/ccs/tools/compiler/ti-cgt-arm_20.2.5.LTS/lib/rtsv7M4_T_le_v4SPD16_eabi.lib
       s_atan.c.obj                 748     152       0      
       e_atan2.c.obj                484     0         0      
       fd_add_t2.asm.obj            438     0         0      
       trgmsg.c.obj                 108     0         288    
       e_sqrt.c.obj                 344     0         0      
       fd_div_t2.asm.obj            310     0         0      
       fd_mul_t2.asm.obj            252     0         0      
       memcpy_t2.asm.obj            156     0         0      
       fd_cmp_t2.asm.obj            134     0         0      
       memset_t2.asm.obj            122     0         0      
       fd_tos_t2.asm.obj            110     0         0      
[...]
0000a3f8  ti_sysbios_heaps_HeapMem_A_heapSize__C                            
0000a3fc  ti_sysbios_heaps_HeapMem_A_invalidFree__C                         
0000a400  ti_sysbios_heaps_HeapMem_A_zeroBlock__C                           
0000a404  ti_sysbios_heaps_HeapMem_E_memory__C                              
0000a408  ti_sysbios_heaps_HeapMem_Module__diagsEnabled__C                  
0000a40c  ti_sysbios_heaps_HeapMem_Module__diagsIncluded__C                 
0000a410  ti_sysbios_heaps_HeapMem_Module__diagsMask__C                     
0000a414  ti_sysbios_heaps_HeapMem_Module__gateObj__C                       
0000a418  ti_sysbios_heaps_HeapMem_Object__count__C                         
0000a41c  ti_sysbios_heaps_HeapMem_reqAlign__C                              
0000a420  ti_sysbios_knl_Clock_LM_begin__C                                  
0000a424  ti_sysbios_knl_Clock_LM_tick__C                                   
0000a428  ti_sysbios_knl_Clock_LW_delayed__C                                
0000a42c  ti_sysbios_knl_Clock_Module_State_clockQ__O                       
0000a430  ti_sysbios_knl_Clock_Module__diagsEnabled__C                      
0000a434  ti_sysbios_knl_Clock_Module__diagsIncluded__C                     
0000a438  ti_sysbios_knl_Clock_Module__diagsMask__C                         
0000a43c  ti_sysbios_knl_Clock_Module__loggerFxn1__C                        
0000a440  ti_sysbios_knl_Clock_Module__loggerFxn2__C                        
0000a444  ti_sysbios_knl_Clock_Module__loggerObj__C                         
0000a448  ti_sysbios_knl_Semaphore_A_badContext__C                          
0000a44c  ti_sysbios_knl_Semaphore_A_noEvents__C                            
0000a450  ti_sysbios_knl_Semaphore_A_overflow__C                            
0000a454  ti_sysbios_knl_Semaphore_A_pendTaskDisabled__C                    
0000a458  ti_sysbios_knl_Semaphore_Instance_State_pendQ__O                  
0000a45c  ti_sysbios_knl_Semaphore_LM_pend__C                               
0000a460  ti_sysbios_knl_Semaphore_LM_post__C                               
0000a464  ti_sysbios_knl_Semaphore_Module__diagsEnabled__C                  
0000a468  ti_sysbios_knl_Semaphore_Module__diagsIncluded__C                 
0000a46c  ti_sysbios_knl_Semaphore_Module__diagsMask__C                     
0000a470  ti_sysbios_knl_Semaphore_Module__loggerFxn2__C                    
0000a474  ti_sysbios_knl_Semaphore_Module__loggerFxn4__C                    
0000a478  ti_sysbios_knl_Semaphore_Module__loggerObj__C                     
0000a47c  ti_sysbios_knl_Swi_LD_end__C                                      
0000a480  ti_sysbios_knl_Swi_LM_begin__C                                    
0000a484  ti_sysbios_knl_Swi_LM_post__C                                     
0000a488  ti_sysbios_knl_Swi_Module__diagsEnabled__C                        
0000a48c  ti_sysbios_knl_Swi_Module__diagsIncluded__C                       
0000a490  ti_sysbios_knl_Swi_Module__diagsMask__C                           
0000a494  ti_sysbios_knl_Swi_Module__loggerFxn1__C                          
0000a498  ti_sysbios_knl_Swi_Module__loggerFxn4__C                          
0000a49c  ti_sysbios_knl_Swi_Module__loggerObj__C                           
0000a4a0  ti_sysbios_knl_Swi_Object__count__C                               
0000a4a4  ti_sysbios_knl_Task_E_spOutOfBounds__C                            
0000a4a8  ti_sysbios_knl_Task_E_stackOverflow__C                            
0000a4ac  ti_sysbios_knl_Task_LD_block__C                                   
0000a4b0  ti_sysbios_knl_Task_LD_exit__C                                    
0000a4b4  ti_sysbios_knl_Task_LD_ready__C                                   
0000a4b8  ti_sysbios_knl_Task_LM_switch__C                                  
0000a4bc  ti_sysbios_knl_Task_Module_State_inactiveQ__O                     
0000a4c0  ti_sysbios_knl_Task_Module__diagsEnabled__C                       
0000a4c4  ti_sysbios_knl_Task_Module__diagsIncluded__C                      
0000a4c8  ti_sysbios_knl_Task_Module__diagsMask__C                          
0000a4cc  ti_sysbios_knl_Task_Module__loggerFxn2__C                         
0000a4d0  ti_sysbios_knl_Task_Module__loggerFxn4__C                         
0000a4d4  ti_sysbios_knl_Task_Module__loggerObj__C                          
0000a4d8  ti_sysbios_knl_Task_Object__count__C                              
0000a4dc  ti_sysbios_knl_Task_allBlockedFunc__C                             
0000a4e0  ti_sysbios_knl_Task_numConstructedTasks__C                        
0000a4e4  ti_sysbios_utils_Load_LS_cpuLoad__C                               
0000a4e8  ti_sysbios_utils_Load_LS_hwiLoad__C                               
0000a4ec  ti_sysbios_utils_Load_Module__diagsEnabled__C                     
0000a4f0  ti_sysbios_utils_Load_Module__diagsIncluded__C                    
0000a4f4  ti_sysbios_utils_Load_Module__diagsMask__C                        
0000a4f8  ti_sysbios_utils_Load_Module__loggerFxn1__C                       
0000a4fc  ti_sysbios_utils_Load_Module__loggerFxn2__C                       
0000a500  ti_sysbios_utils_Load_Module__loggerObj__C                        
0000a504  ti_sysbios_utils_Load_postUpdate__C                               
0000a508  ti_sysbios_utils_Load_windowInMs__C                               
0000a50c  ti_uia_loggers_LoggerStopMode_Module__diagsEnabled__C             
0000a510  ti_uia_loggers_LoggerStopMode_Module__diagsIncluded__C            
0000a514  ti_uia_loggers_LoggerStopMode_Module__diagsMask__C                
0000a518  ti_uia_loggers_LoggerStopMode_Object__count__C                    
0000a51c  ti_uia_runtime_ILoggerSnapshot_Interface__BASE__C                 
0000a520  ti_uia_runtime_IUIATransfer_Interface__BASE__C                    
0000a524  xdc_runtime_Assert_E_assertFailed__C                              
0000a528  xdc_runtime_Core_A_initializedParams__C                           
0000a52c  xdc_runtime_Core_Module__diagsEnabled__C                          
0000a530  xdc_runtime_Core_Module__diagsIncluded__C                         
0000a534  xdc_runtime_Core_Module__diagsMask__C                             
0000a538  xdc_runtime_Error_E_memory__C                                     
0000a53c  xdc_runtime_Error_Module__diagsEnabled__C                         
0000a540  xdc_runtime_Error_Module__diagsIncluded__C                        
0000a544  xdc_runtime_Error_Module__diagsMask__C                            
0000a548  xdc_runtime_Error_Module__loggerFxn8__C                           
0000a54c  xdc_runtime_Error_Module__loggerObj__C                            
0000a550  xdc_runtime_Error_policyFxn__C                                    
0000a554  xdc_runtime_Error_raiseHook__C                                    
0000a558  xdc_runtime_IFilterLogger_Interface__BASE__C                      
0000a55c  xdc_runtime_IGateProvider_Interface__BASE__C                      
0000a560  xdc_runtime_IHeap_Interface__BASE__C                              
0000a564  xdc_runtime_ILogger_Interface__BASE__C                            
0000a568  xdc_runtime_IModule_Interface__BASE__C                            
0000a56c  xdc_runtime_Log_L_error__C                                        
0000a570  xdc_runtime_Log_L_info__C                                         
0000a574  xdc_runtime_Main_Module__diagsEnabled__C                          
0000a578  xdc_runtime_Main_Module__diagsIncluded__C                         
0000a57c  xdc_runtime_Main_Module__diagsMask__C                             
0000a580  xdc_runtime_Main_Module__loggerFxn4__C                            
0000a584  xdc_runtime_Main_Module__loggerObj__C                             
0000a588  xdc_runtime_Memory_defaultHeapInstance__C                         
0000a58c  xdc_runtime_Startup_execImpl__C                                   
0000a590  xdc_runtime_Startup_lastFxns__A                                   
0000a594  xdc_runtime_Startup_maxPasses__C                                  
0000a598  xdc_runtime_Startup_sfxnRts__C                                    
0000a59c  xdc_runtime_Startup_sfxnTab__C                                    
0000a5a0  xdc_runtime_SysMin_bufSize__C                                     
0000a5a4  xdc_runtime_SysMin_outputFunc__C                                  
0000a5a8  xdc_runtime_System_Module__gateObj__C                             
0000a5ac  xdc_runtime_System_abortFxn__C                                    
0000a5b0  xdc_runtime_System_exitFxn__C                                     
0000a5b4  xdc_runtime_System_extendFxn__C                                   
0000a5b8  xdc_runtime_System_maxAtexitHandlers__C                           
0000a5bc  xdc_runtime_Text_charTab__C                                       
0000a5c0  xdc_runtime_Text_nameEmpty__C                                     
0000a5c4  xdc_runtime_Text_nameStatic__C                                    
0000a5c8  xdc_runtime_Text_nameUnknown__C                                   
0000a5cc  xdc_runtime_Text_nodeTab__C                                       
0000a5d0  xdc_runtime_Text_visitRopeFxn__C                                  
0000a5d4  ti_sysbios_family_arm_m3_Hwi_Module__id__C                        
0000a5d6  ti_sysbios_family_arm_m3_Hwi_Module__loggerDefined__C             
0000a5d8  ti_sysbios_gates_GateMutex_Module__id__C                          
0000a5da  ti_sysbios_hal_Hwi_Module__id__C                                  
0000a5dc  ti_sysbios_heaps_HeapMem_Module__id__C                            
0000a5de  ti_sysbios_knl_Clock_Module__id__C                                
0000a5e0  ti_sysbios_knl_Clock_Module__loggerDefined__C                     
0000a5e2  ti_sysbios_knl_Semaphore_Module__id__C                            
0000a5e4  ti_sysbios_knl_Semaphore_Module__loggerDefined__C                 
0000a5e6  ti_sysbios_knl_Swi_Module__id__C                                  
0000a5e8  ti_sysbios_knl_Swi_Module__loggerDefined__C                       
0000a5ea  ti_sysbios_knl_Task_Module__id__C                                 
0000a5ec  ti_sysbios_knl_Task_Module__loggerDefined__C                      
0000a5ee  ti_sysbios_utils_Load_Module__id__C                               
0000a5f0  ti_sysbios_utils_Load_Module__loggerDefined__C                    
0000a5f2  ti_sysbios_utils_Load_updateInIdle__C                             
0000a5f4  ti_uia_loggers_LoggerStopMode_Module__id__C                       
0000a5f6  ti_uia_loggers_LoggerStopMode_isTimestampEnabled__C               
0000a5f8  xdc_runtime_Core_Module__id__C                                    
0000a5fa  xdc_runtime_Error_Module__loggerDefined__C                        
0000a5fc  xdc_runtime_Error_maxDepth__C                                     
0000a5fe  xdc_runtime_Main_Module__id__C                                    
0000a600  xdc_runtime_Main_Module__loggerDefined__C                         
0000a602  xdc_runtime_Memory_Module__id__C                                  
0000a604  xdc_runtime_SysMin_flushAtExit__C                                 
0000a606  xdc_runtime_Text_charCnt__C                                       
0000a608  xdc_runtime_Text_isLoaded__C                                      
0000a60a  xdc_runtime_Text_registryModsLastId__C                            
0000a60c  xdc_runtime_Text_unnamedModsLastId__C                             
0000a60e  xdc_runtime_Error_policy__C                                       
0000a610  __TI_static_base__                                                
0000a8d8  __TI_Handler_Table_Base                                           
0000a8e4  __TI_Handler_Table_Limit                                          
0000a8f8  __TI_CINIT_Base                                                   
0000a910  __TI_CINIT_Limit                                                  
20000000  __start___llvm_prf_cnts                                           
20000000  __stop___llvm_prf_cnts                                            
20000000  ti_sysbios_family_arm_m3_Hwi_ramVectors                           
20000380  ti_sysbios_knl_Task_Instance_State_0_stack__A                     
20000b80  ti_sysbios_knl_Task_Instance_State_1_stack__A                     
20001380  ti_sysbios_knl_Task_Instance_State_2_stack__A                     
20001b80  ti_sysbios_knl_Task_Instance_State_3_stack__A                     
20002380  ti_sysbios_knl_Task_Instance_State_4_stack__A                     
20002580  ti_sysbios_heaps_HeapMem_Instance_State_0_buf__A                  
20003580  ti_uia_loggers_LoggerStopMode_Instance_State_1_packetArray__A     
20003980  ti_uia_loggers_LoggerStopMode_Instance_State_2_packetArray__A     
20003d80  ti_sysbios_family_arm_m3_Hwi_dispatchTable                        
200040e0  parmbuf                                                           
200040e8  ACC_Data                                                          
200040ec  ACC_Data2                                                         
200040f0  ACC_Data3                                                         
200040f4  Ax                                                                
200040f8  Ay                                                                
200040fc  Az                                                                
20004100  ti_uia_loggers_LoggerStopMode_Instance_State_0_packetArray__A     
20004300  __CIOBUF_                                                         
20004420  xdc_runtime_SysMin_Module_State_0_outbuf__A                       
200044a0  GYRO_Data                                                         
200044a4  GYRO_Data2                                                        
200044a8  GYRO_Data3                                                        
200044ac  outVal                                                            
200044b0  ti_sysbios_family_arm_m3_Hwi_Instance_State_0_hookEnv__A          
200044b4  ti_sysbios_family_arm_m3_Hwi_Instance_State_1_hookEnv__A          
200044b8  ti_sysbios_family_arm_m3_Hwi_Instance_State_2_hookEnv__A          
200044bc  val                                                               
200044c0  HByte                                                             
20004500  ti_uia_loggers_LoggerStopMode_Instance_State_0_hdr__A             
20004580  ti_uia_loggers_LoggerStopMode_Instance_State_1_hdr__A             
20004600  ti_uia_loggers_LoggerStopMode_Instance_State_2_hdr__A             
20004630  __stack                                                           
20005630  __STACK_END                                                       
20005630  ti_sysbios_knl_Task_Object__table__V                              
200057ac  ti_uia_loggers_LoggerStopMode_Object__table__V                    
20005848  ti_sysbios_utils_Load_Module__state__V                            
200058e0  ti_sysbios_family_arm_lm4_Timer_Object__table__V                  
20005960  ti_sysbios_knl_Swi_Module_State_0_readyQ__A                       
200059e0  ti_sysbios_knl_Task_Module_State_0_readyQ__A                      
20005a60  ti_sysbios_knl_Semaphore_Object__table__V                         
20005ac4  ti_sysbios_family_arm_m3_Hwi_Object__table__V                     
20005b0c  ti_sysbios_knl_Task_Module__state__V                              
20005b50  ti_sysbios_gates_GateMutex_Object__table__V                       
20005b88  ti_sysbios_family_arm_m3_Hwi_Module__state__V                     
20005bbc  ti_sysbios_family_arm_lm4_Timer_Module_State_0_device__A          
20005bec  ti_sysbios_knl_Swi_Object__table__V                               
20005c1c  ti_sysbios_knl_Clock_Module__state__V                             
20005c48  ti_sysbios_BIOS_Module__state__V                                  
20005c70  i16ToggleCount1                                                   
20005c72  i16ToggleCount2                                                   
20005c74  ui32Load                                                          
20005c78  ui32PWMClock                                                      
20005c7c  pinVal1                                                           
20005c80  pinVal2                                                           
20005c84  PWMval                                                            
20005c88  i16ToggleCount                                                    
20005c8a  LByte                                                             
20005c8c  tCount                                                            
20005c90  ti_sysbios_knl_Swi_Module__state__V                               
20005cac  ti_sysbios_family_arm_lm4_Timer_Module_State_0_handles__A         
20005cc4  ti_sysbios_heaps_HeapMem_Object__table__V                         
20005cdc  ti_sysbios_family_arm_lm4_Timer_Module__state__V                  
20005ce8  ti_sysbios_knl_Task_Module__root__V                               
20005cf4  ti_uia_runtime_QueueDescriptor_Module__state__V                   
20005d00  xdc_runtime_SysMin_Module__state__V                               
20005d0c  _lock                                                             
20005d10  _unlock                                                           
20005d14  ti_uia_runtime_QueueDescriptor_gPtrToFirstDescriptor              
20005d18  ti_uia_runtime_QueueDescriptor_gUpdateCount                       
20005d1c  ti_sysbios_family_arm_lm4_TimestampProvider_Module__state__V      
20005d24  ti_sysbios_gates_GateHwi_Module__root__V                          
20005d2c  ti_sysbios_gates_GateMutex_Module__root__V                        
20005d34  ti_sysbios_hal_Hwi_Object__table__V                               
20005d3c  ti_sysbios_heaps_HeapMem_Module__root__V                          
20005d44  ti_sysbios_knl_Queue_Module__root__V                              
20005d4c  ti_sysbios_knl_Semaphore_Module__root__V                          
20005d54  ti_uia_loggers_LoggerStopMode_Module__root__V                     
20005d5c  xdc_runtime_Registry_Module__state__V                             
20005d64  xdc_runtime_Startup_Module__state__V                              
20005d6c  xdc_runtime_System_Module_State_0_atexitHandlers__A               
20005d74  xdc_runtime_System_Module__state__V                               
20005d7c  errno                                                             
20005d80  main_func_sp                                                      
20005d84  ti_sysbios_family_arm_m3_Hwi_Module_State_0_excContext__A         
20005d88  ti_sysbios_family_arm_m3_Hwi_Module_State_0_excStack__A           
20005d8c  ti_sysbios_gates_GateHwi_Object__table__V                         
20005d90  ti_sysbios_knl_Task_Module_State_0_idleTask__A                    
20005d94  ti_sysbios_utils_Load_Module_State_0_runningTask__A               
20005d98  ti_sysbios_utils_Load_Module_State_0_taskStartTime__A             
20005d9c  xdc_runtime_Memory_Module__state__V                               
20005da0  ti_sysbios_family_arm_m3_Hwi_Module_State_0_excActive__A          
20005da2  xdc_runtime_Error_Module__state__V                                
20005da4  xdc_runtime_Main_Module__root__V                                  
e000e000  ti_sysbios_family_arm_m3_Hwi_nvic                                 
ffffffff  __TI_pprof_out_hndl                                               
ffffffff  __TI_prof_data_size                                               
ffffffff  __TI_prof_data_start                                              
ffffffff  __binit__                                                         
ffffffff  __c_args__                                                        
ffffffff  binit                                                             
UNDEFED   SHT$$INIT_ARRAY$$Base                                             
UNDEFED   SHT$$INIT_ARRAY$$Limit                                            

[765 symbols]
