******************************************************************************
                  TI ARM Linker Unix v20.2.5                   
******************************************************************************
>> Linked Fri Dec 10 20:34:07 2021

OUTPUT FILE NAME:   <bim_offchip_CC1352R1_LAUNCHXL_nortos_ccs.out>
ENTRY POINT SYMBOL: "ResetISR"  address: 000570f5


MEMORY CONFIGURATION

         name            origin    length      used     unused   attr    fill
----------------------  --------  ---------  --------  --------  ----  --------
  FLASH_BIM             00056000   00001f54  000011e4  00000d70  R  X
  FLASH_CERT            00057f54   0000004c  00000000  0000004c  R  X
  FLASH_FNPTR           00057fa0   00000004  00000000  00000004  R  X
  FLASH_CCFG            00057fa8   00000058  00000058  00000000  R  X
  SRAM                  20000300   00013d00  0000020c  00013af4  RW X


SEGMENT ALLOCATION MAP

run origin  load origin   length   init length attrs members
----------  ----------- ---------- ----------- ----- -------
00056000    00056000    000011e8   000011e8    r-x
  00056000    00056000    000000d8   000000d8    r-- .intvecs
  000560d8    000560d8    00001094   00001094    r-x .text
  0005716c    0005716c    00000048   00000048    r-- .const
  000571b8    000571b8    00000030   00000030    r-- .cinit
00057fa8    00057fa8    00000058   00000058    r--
  00057fa8    00057fa8    00000058   00000058    r-- .ccfg
20000300    20000300    0000010c   00000000    rw-
  20000300    20000300    00000104   00000000    rw- .bss
  20000404    20000404    00000008   00000000    rw- .data
20013f00    20013f00    00000100   00000000    rw-
  20013f00    20013f00    00000100   00000000    rw- .stack


SECTION ALLOCATION MAP

 output                                  attributes/
section   page    origin      length       input sections
--------  ----  ----------  ----------   ----------------
.intvecs   0    00056000    000000d8     
                  00056000    000000d8     startup_ccs.obj (.intvecs)

.text      0    000560d8    00001094     
                  000560d8    00000158     driverlib.lib : sys_ctrl.obj (.text:NOROM_SysCtrlStandby)
                  00056230    00000130     bim_offchip_main.obj (.text:checkImagesExtFlash$0)
                  00056360    00000108     crc32.obj (.text:CRC32_calc)
                  00056468    000000f8     driverlib.lib : setup.obj (.text:NOROM_SetupTrimDevice)
                  00056560    000000f8                   : setup.obj (.text:TrimAfterColdResetWakeupFromShutDown$7)
                  00056658    000000dc     bim_offchip_main.obj (.text:Bim_copyImage$0)
                  00056734    000000c8     ext_flash.obj (.text:extFlashOpen)
                  000567fc    0000009c     rtsv7M4_T_le_v4SPD16_eabi.lib : memcpy_t2.asm.obj (.text)
                  00056898    00000086     bim_offchip_main.obj (.text:Bim_revertFactoryImage$0)
                  0005691e    00000080     bim_offchip_main.obj (.text:checkImagesIntFlash$0)
                  0005699e    00000002     startup_ccs.obj (.text:FaultISR)
                  000569a0    00000078     ext_flash.obj (.text:extFlashClose)
                  00056a18    0000006e     ext_flash.obj (.text:extFlashWrite)
                  00056a86    00000068     rtsv7M4_T_le_v4SPD16_eabi.lib : copy_decompress_lzss.c.obj (.text:decompress:lzss:__TI_decompress_lzss)
                  00056aee    00000002     startup_ccs.obj (.text:IntDefaultHandler)
                  00056af0    00000068     ext_flash.obj (.text:extFlashVerifyPart$4)
                  00056b58    00000060     ext_flash.obj (.text:extFlashWaitReady$4)
                  00056bb8    00000054     driverlib.lib : prcm.obj (.text:NOROM_PRCMPowerDomainsAllOff)
                  00056c0c    00000050     ext_flash.obj (.text:extFlashRead)
                  00056c5c    0000004e     ext_flash.obj (.text:extFlashPowerStandby$4)
                  00056caa    00000002     startup_ccs.obj (.text:NmiSR)
                  00056cac    0000004c     driverlib.lib : prcm.obj (.text:NOROM_PRCMPowerDomainsAllOn)
                  00056cf8    0000004c     led_debug.obj (.text:powerUpGpio)
                  00056d44    00000044     rtsv7M4_T_le_v4SPD16_eabi.lib : autoinit.c.obj (.text:__TI_auto_init_nobinit_nopinit:__TI_auto_init_nobinit_nopinit)
                  00056d88    00000040     bsp_spi.obj (.text:bspSpiRead)
                  00056dc8    00000040     bim_offchip_main.obj (.text:isLastMetaData$0)
                  00056e08    00000040     bim_offchip_main.obj (.text:main)
                  00056e48    0000003c     driverlib.lib : osc.obj (.text:InternCapArrayAdjustWithBaseline7001F$9)
                  00056e84    00000038     flash_interface_internal.obj (.text:disableCache$3)
                  00056ebc    00000034     driverlib.lib : osc.obj (.text:SpecialCapArrayWorkaroundEnabledAndNeeded$9)
                  00056ef0    00000034     rtsv7M4_T_le_v4SPD16_eabi.lib : boot_cortex_m.c.obj (.text:_c_int00_noargs:_c_int00_noargs)
                  00056f24    00000032     bim_offchip_main.obj (.text:Bim_findImageStartAddr$0)
                  00056f56    00000002     --HOLE-- [fill = 0]
                  00056f58    00000030     bsp_spi.obj (.text:bspSpiWrite)
                  00056f88    0000002e     flash_interface_internal.obj (.text:readFlash)
                  00056fb6    00000002     --HOLE-- [fill = 0]
                  00056fb8    0000002c     ext_flash.obj (.text:extFlashWriteEnable$4)
                  00056fe4    00000028     bim_util.obj (.text:imgIDCheck)
                  0005700c    00000024     bim_util.obj (.text:metadataIDCheck)
                  00057030    00000020     driverlib.lib : chipinfo.obj (.text:NOROM_ChipInfo_GetChipFamily)
                  00057050    00000020     flash_interface_internal.obj (.text:writeFlashPg)
                  00057070    0000001c     crc32.obj (.text:CRC32_memCpy)
                  0005708c    0000001c     driverlib.lib : flash.obj (.text:NOROM_FlashProgram)
                  000570a8    0000001c     rtsv7M4_T_le_v4SPD16_eabi.lib : copy_zero_init.c.obj (.text:decompress:ZI:__TI_zero_init_nomemset:__TI_zero_init_nomemset)
                  000570c4    0000001c     flash_interface_internal.obj (.text:enableCache$3)
                  000570e0    00000014     bim_util.obj (.text:setLowPowerMode)
                  000570f4    00000010     startup_ccs.obj (.text:ResetISR)
                  00057104    00000010     ext_flash.obj (.text:extFlashDeselect$4)
                  00057114    00000010     ext_flash.obj (.text:extFlashSelect$4)
                  00057124    0000000e     rtsv7M4_T_le_v4SPD16_eabi.lib : copy_decompress_none.c.obj (.text:decompress:none:__TI_decompress_none)
                  00057132    0000000c     driverlib.lib : cpu.obj (.text:NOROM_CPUcpsid)
                  0005713e    0000000c                   : cpu.obj (.text:NOROM_CPUcpsie)
                  0005714a    0000000c     bim_util.obj (.text:jumpToPrgEntry)
                  00057156    00000002     --HOLE-- [fill = 0]
                  00057158    0000000c     led_debug.obj (.text:lightRedLed)
                  00057164    00000004     rtsv7M4_T_le_v4SPD16_eabi.lib : pre_init.c.obj (.text:_system_pre_init)
                  00057168    00000004                                   : exit.c.obj (.text:abort:abort)

.const     0    0005716c    00000048     
                  0005716c    00000030     ext_flash.obj (.const:$O2$$)
                  0005719c    00000010     bim_util.obj (.const:$O1$$)
                  000571ac    00000008     driverlib.lib : aux_sysif.obj (.const:$O5$$)

.cinit     0    000571b8    00000030     
                  000571b8    0000000c     (__TI_handler_table)
                  000571c4    00000004     --HOLE-- [fill = 0]
                  000571c8    00000008     (.cinit..bss.load) [load image, compression = zero_init]
                  000571d0    00000007     (.cinit..data.load) [load image, compression = lzss]
                  000571d7    00000001     --HOLE-- [fill = 0]
                  000571d8    00000010     (__TI_cinit_table)

.init_array 
*          0    00056000    00000000     UNINITIALIZED

.ccfg      0    00057fa8    00000058     
                  00057fa8    00000058     ccfg_app.obj (.ccfg:retain)

.bss       0    20000300    00000104     UNINITIALIZED
                  20000300    00000100     (.common:crcBuf)
                  20000400    00000004     bim_offchip_main.obj (.bss)

.data      0    20000404    00000008     UNINITIALIZED
                  20000404    00000008     ext_flash.obj (.data:$O1$$)

.stack     0    20013f00    00000100     UNINITIALIZED
                  20013f00    00000004     rtsv7M4_T_le_v4SPD16_eabi.lib : boot_cortex_m.c.obj (.stack)
                  20013f04    000000fc     --HOLE--

__llvm_prf_cnts 
*          0    20000300    00000000     UNINITIALIZED

MODULE SUMMARY

       Module                         code   ro data   rw data
       ------                         ----   -------   -------
    ./Application/
       bim_offchip_main.obj           964    0         4      
       crc32.obj                      292    0         0      
       startup_ccs.obj                22     216       0      
       flash_interface_internal.obj   162    0         0      
       bim_util.obj                   108    16        0      
       ccfg_app.obj                   0      88        0      
       led_debug.obj                  88     0         0      
    +--+------------------------------+------+---------+---------+
       Total:                         1636   320       4      
                                                              
    ./ExternalFlash/
       ext_flash.obj                  864    48        8      
    +--+------------------------------+------+---------+---------+
       Total:                         864    48        8      
                                                              
    ./SPI/
       bsp_spi.obj                    112    0         0      
    +--+------------------------------+------+---------+---------+
       Total:                         112    0         0      
                                                              
    /var/tmp/
       TI3n3n6xOcJ                    0      0         256    
    +--+------------------------------+------+---------+---------+
       Total:                         0      0         256    
                                                              
    /Applications/ti/ccs1100/ccs/tools/compiler/ti-cgt-arm_20.2.5.LTS/lib/rtsv7M4_T_le_v4SPD16_eabi.lib
       memcpy_t2.asm.obj              156    0         0      
       copy_decompress_lzss.c.obj     104    0         0      
       autoinit.c.obj                 68     0         0      
       boot_cortex_m.c.obj            52     0         0      
       copy_zero_init.c.obj           28     0         0      
       copy_decompress_none.c.obj     14     0         0      
       exit.c.obj                     4      0         0      
       pre_init.c.obj                 4      0         0      
    +--+------------------------------+------+---------+---------+
       Total:                         430    0         0      
                                                              
    /Users/ElmerOMejia/ti/simplelink_cc13xx_cc26xx_sdk_5_30_01_01/source/ti/devices/cc13x2_cc26x2/driverlib/bin/ccs/driverlib.lib
       setup.obj                      496    0         0      
       sys_ctrl.obj                   344    0         0      
       prcm.obj                       160    0         0      
       osc.obj                        112    0         0      
       chipinfo.obj                   32     0         0      
       flash.obj                      28     0         0      
       cpu.obj                        24     0         0      
       aux_sysif.obj                  0      8         0      
    +--+------------------------------+------+---------+---------+
       Total:                         1196   8         0      
                                                              
       Stack:                         0      0         256    
       Linker Generated:              0      43        0      
    +--+------------------------------+------+---------+---------+
       Grand Total:                   4238   419       524    


LINKER GENERATED COPY TABLES

__TI_cinit_table @ 000571d8 records: 2, size/record: 8, table size: 16
	.bss: load addr=000571c8, load size=00000008 bytes, run addr=20000300, run size=00000104 bytes, compression=zero_init
	.data: load addr=000571d0, load size=00000007 bytes, run addr=20000404, run size=00000008 bytes, compression=lzss


LINKER GENERATED HANDLER TABLE

__TI_handler_table @ 000571b8 records: 3, size/record: 4, table size: 12
	index: 0, handler: __TI_decompress_lzss
	index: 1, handler: __TI_decompress_none
	index: 2, handler: __TI_zero_init


GLOBAL SYMBOLS: SORTED ALPHABETICALLY BY Name 

address   name                          
-------   ----                          
00057169  C$$EXIT                       
00056361  CRC32_calc                    
00057071  CRC32_memCpy                  
00057133  NOROM_CPUcpsid                
0005713f  NOROM_CPUcpsie                
00057031  NOROM_ChipInfo_GetChipFamily  
0005708d  NOROM_FlashProgram            
00056bb9  NOROM_PRCMPowerDomainsAllOff  
00056cad  NOROM_PRCMPowerDomainsAllOn   
00056469  NOROM_SetupTrimDevice         
000560d9  NOROM_SysCtrlStandby          
000571a4  OAD_EXTFL_ID                  
0005719c  OAD_IMG_ID                    
000570f5  ResetISR                      
20014000  __STACK_END                   
00000100  __STACK_SIZE                  
20014000  __STACK_TOP                   
000571d8  __TI_CINIT_Base               
000571e8  __TI_CINIT_Limit              
000571b8  __TI_Handler_Table_Base       
000571c4  __TI_Handler_Table_Limit      
00056d45  __TI_auto_init_nobinit_nopinit
00056a87  __TI_decompress_lzss          
00057125  __TI_decompress_none          
ffffffff  __TI_pprof_out_hndl           
ffffffff  __TI_prof_data_size           
ffffffff  __TI_prof_data_start          
000571b8  __TI_static_base__            
000570a9  __TI_zero_init_nomemset       
000567fd  __aeabi_memcpy                
000567fd  __aeabi_memcpy4               
000567fd  __aeabi_memcpy8               
ffffffff  __binit__                     
ffffffff  __c_args__                    
00057fa8  __ccfg                        
UNDEFED   __mpu_init                    
20013f00  __stack                       
20000300  __start___llvm_prf_cnts       
20000300  __stop___llvm_prf_cnts        
00056ef1  _c_int00_noargs               
UNDEFED   _system_post_cinit            
00057165  _system_pre_init              
00057169  abort                         
ffffffff  binit                         
00056d89  bspSpiRead                    
00056f59  bspSpiWrite                   
20000300  crcBuf                        
000569a1  extFlashClose                 
00056735  extFlashOpen                  
00056c0d  extFlashRead                  
00056a19  extFlashWrite                 
00056000  g_pfnVectors                  
00056fe5  imgIDCheck                    
0005714b  jumpToPrgEntry                
00057159  lightRedLed                   
00056e09  main                          
000567fd  memcpy                        
0005700d  metadataIDCheck               
00056cf9  powerUpGpio                   
00056f89  readFlash                     
000570e1  setLowPowerMode               
00057051  writeFlashPg                  


GLOBAL SYMBOLS: SORTED BY Symbol Address 

address   name                          
-------   ----                          
00000100  __STACK_SIZE                  
00056000  g_pfnVectors                  
000560d9  NOROM_SysCtrlStandby          
00056361  CRC32_calc                    
00056469  NOROM_SetupTrimDevice         
00056735  extFlashOpen                  
000567fd  __aeabi_memcpy                
000567fd  __aeabi_memcpy4               
000567fd  __aeabi_memcpy8               
000567fd  memcpy                        
000569a1  extFlashClose                 
00056a19  extFlashWrite                 
00056a87  __TI_decompress_lzss          
00056bb9  NOROM_PRCMPowerDomainsAllOff  
00056c0d  extFlashRead                  
00056cad  NOROM_PRCMPowerDomainsAllOn   
00056cf9  powerUpGpio                   
00056d45  __TI_auto_init_nobinit_nopinit
00056d89  bspSpiRead                    
00056e09  main                          
00056ef1  _c_int00_noargs               
00056f59  bspSpiWrite                   
00056f89  readFlash                     
00056fe5  imgIDCheck                    
0005700d  metadataIDCheck               
00057031  NOROM_ChipInfo_GetChipFamily  
00057051  writeFlashPg                  
00057071  CRC32_memCpy                  
0005708d  NOROM_FlashProgram            
000570a9  __TI_zero_init_nomemset       
000570e1  setLowPowerMode               
000570f5  ResetISR                      
00057125  __TI_decompress_none          
00057133  NOROM_CPUcpsid                
0005713f  NOROM_CPUcpsie                
0005714b  jumpToPrgEntry                
00057159  lightRedLed                   
00057165  _system_pre_init              
00057169  C$$EXIT                       
00057169  abort                         
0005719c  OAD_IMG_ID                    
000571a4  OAD_EXTFL_ID                  
000571b8  __TI_Handler_Table_Base       
000571b8  __TI_static_base__            
000571c4  __TI_Handler_Table_Limit      
000571d8  __TI_CINIT_Base               
000571e8  __TI_CINIT_Limit              
00057fa8  __ccfg                        
20000300  __start___llvm_prf_cnts       
20000300  __stop___llvm_prf_cnts        
20000300  crcBuf                        
20013f00  __stack                       
20014000  __STACK_END                   
20014000  __STACK_TOP                   
ffffffff  __TI_pprof_out_hndl           
ffffffff  __TI_prof_data_size           
ffffffff  __TI_prof_data_start          
ffffffff  __binit__                     
ffffffff  __c_args__                    
ffffffff  binit                         
UNDEFED   __mpu_init                    
UNDEFED   _system_post_cinit            

[62 symbols]
