******************************************************************************
                  TI ARM Linker Unix v18.12.8                  
******************************************************************************
>> Linked Sat Oct  2 19:19:25 2021

OUTPUT FILE NAME:   <assignment1.out>
ENTRY POINT SYMBOL: "_c_int00_noargs"  address: 000011b1


MEMORY CONFIGURATION

         name            origin    length      used     unused   attr    fill
----------------------  --------  ---------  --------  --------  ----  --------
  FLASH                 00000000   00040000  000015c0  0003ea40  R  X
  SRAM                  20000000   00008000  0000022e  00007dd2  RW X


SEGMENT ALLOCATION MAP

run origin  load origin   length   init length attrs members
----------  ----------- ---------- ----------- ----- -------
00000000    00000000    000015c0   000015c0    r-x
  00000000    00000000    0000026c   0000026c    r-- .intvecs
  0000026c    0000026c    000011a0   000011a0    r-x .text
  0000140c    0000140c    00000184   00000184    r-- .const
  00001590    00001590    00000030   00000030    r-- .cinit
20000000    20000000    00000231   00000000    rw-
  20000000    20000000    00000200   00000000    rw- .stack
  20000200    20000200    00000029   00000000    rw- .bss
  2000022c    2000022c    00000005   00000000    rw- .data


SECTION ALLOCATION MAP

 output                                  attributes/
section   page    origin      length       input sections
--------  ----  ----------  ----------   ----------------
.intvecs   0    00000000    0000026c     
                  00000000    0000026c     startup_ccs.obj (.intvecs)

.text      0    0000026c    000011a0     
                  0000026c    000003b4     assignment1.obj (.text:UARTIntHandler)
                  00000620    0000022c     assignment1.obj (.text:main)
                  0000084c    000001ee     uartstdio.obj (.text:UARTvprintf)
                  00000a3a    00000132     driverlib.lib : gpio.obj (.text:GPIOPadConfigSet)
                  00000b6c    00000110                   : sysctl.obj (.text:SysCtlClockGet)
                  00000c7c    000000f4                   : sysctl.obj (.text:SysCtlClockSet)
                  00000d70    0000009c     rtsv7M4_T_le_v4SPD16_eabi.lib : memcpy_t2.asm.obj (.text)
                  00000e0c    0000007a     driverlib.lib : adc.obj (.text:ADCSequenceStepConfigure)
                  00000e86    00000002     startup_ccs.obj (.text:FaultISR)
                  00000e88    00000068     driverlib.lib : interrupt.obj (.text:IntEnable)
                  00000ef0    00000068     rtsv7M4_T_le_v4SPD16_eabi.lib : copy_decompress_lzss.c.obj (.text:decompress:lzss:__TI_decompress_lzss)
                  00000f58    00000060     driverlib.lib : timer.obj (.text:TimerConfigure)
                  00000fb8    00000060     uartstdio.obj (.text:UARTStdioConfig)
                  00001018    00000050     driverlib.lib : adc.obj (.text:ADCSequenceConfigure)
                  00001068    00000048                   : gpio.obj (.text:GPIOPinConfigure)
                  000010b0    00000048     uartstdio.obj (.text:UARTwrite)
                  000010f8    00000044     rtsv7M4_T_le_v4SPD16_eabi.lib : autoinit.c.obj (.text:__TI_auto_init_nobinit_nopinit:__TI_auto_init_nobinit_nopinit)
                  0000113c    00000040                                   : u_divt2.asm.obj (.text)
                  0000117c    00000034     driverlib.lib : sysctl.obj (.text:SysCtlPeripheralEnable)
                  000011b0    00000034     rtsv7M4_T_le_v4SPD16_eabi.lib : boot_cortex_m.c.obj (.text:_c_int00_noargs:_c_int00_noargs)
                  000011e4    00000030     assignment1.obj (.text:Timer0IntHandler)
                  00001214    0000002e     driverlib.lib : adc.obj (.text:ADCIntStatus)
                  00001242    0000002a                   : gpio.obj (.text:GPIODirModeSet)
                  0000126c    00000022                   : pwm.obj (.text:PWMGenConfigure)
                  0000128e    0000001e                   : adc.obj (.text:ADCSequenceDataGet)
                  000012ac    0000001c     rtsv7M4_T_le_v4SPD16_eabi.lib : copy_zero_init.c.obj (.text:decompress:ZI:__TI_zero_init_nomemset:__TI_zero_init_nomemset)
                  000012c8    0000001a     uartstdio.obj (.text:UARTprintf)
                  000012e2    00000018     driverlib.lib : adc.obj (.text:ADCProcessorTrigger)
                  000012fa    00000018                   : gpio.obj (.text:GPIOPinTypeGPIOOutput)
                  00001312    00000012                   : gpio.obj (.text:GPIOPinTypeUART)
                  00001324    00000012                   : timer.obj (.text:TimerLoadSet)
                  00001336    00000010                   : adc.obj (.text:ADCIntEnable)
                  00001346    00000010                   : interrupt.obj (.text:IntMasterEnable)
                  00001356    00000010                   : pwm.obj (.text:PWMGenPeriodSet)
                  00001366    0000000e                   : adc.obj (.text:ADCHardwareOversampleConfigure)
                  00001374    0000000e                   : adc.obj (.text:ADCSequenceEnable)
                  00001382    0000000e                   : timer.obj (.text:TimerEnable)
                  00001390    0000000e     rtsv7M4_T_le_v4SPD16_eabi.lib : copy_decompress_none.c.obj (.text:decompress:none:__TI_decompress_none)
                  0000139e    0000000c     driverlib.lib : cpu.obj (.text:CPUcpsie)
                  000013aa    0000000a                   : adc.obj (.text:ADCIntClear)
                  000013b4    0000000a                   : uart.obj (.text:UARTCharGet)
                  000013be    0000000a                   : uart.obj (.text:UARTIntStatus)
                  000013c8    00000008                   : timer.obj (.text:TimerIntEnable)
                  000013d0    00000008                   : uart.obj (.text:UARTIntEnable)
                  000013d8    00000006                   : gpio.obj (.text:GPIOPinRead)
                  000013de    00000006                   : gpio.obj (.text:GPIOPinWrite)
                  000013e4    00000006     startup_ccs.obj (.text:ResetISR)
                  000013ea    00000006     driverlib.lib : sysctl.obj (.text:SysCtlDelay)
                  000013f0    00000006                   : uart.obj (.text:UARTClockSourceSet)
                  000013f6    00000004                   : timer.obj (.text:TimerIntClear)
                  000013fa    00000004                   : uart.obj (.text:UARTIntClear)
                  000013fe    00000004     rtsv7M4_T_le_v4SPD16_eabi.lib : pre_init.c.obj (.text:_system_pre_init)
                  00001402    00000004                                   : exit.c.obj (.text:abort:abort)
                  00001406    00000002     startup_ccs.obj (.text:IntDefaultHandler)
                  00001408    00000002     startup_ccs.obj (.text:NmiSR)
                  0000140a    00000002     rtsv7M4_T_le_v4SPD16_eabi.lib : div0.asm.obj (.text)

.const     0    0000140c    00000184     
                  0000140c    00000090     driverlib.lib : gpio.obj (.const:g_pui32GPIOBaseAddrs)
                  0000149c    00000070                   : interrupt.obj (.const)
                  0000150c    0000006c                   : sysctl.obj (.const:g_pui32Xtals)
                  00001578    0000000c     uartstdio.obj (.const:g_ui32UARTBase)
                  00001584    0000000c     uartstdio.obj (.const:g_ui32UARTPeriph)

.cinit     0    00001590    00000030     
                  00001590    0000000c     (__TI_handler_table)
                  0000159c    00000004     --HOLE-- [fill = 0]
                  000015a0    00000008     (.cinit..bss.load) [load image, compression = zero_init]
                  000015a8    00000007     (.cinit..data.load) [load image, compression = lzss]
                  000015af    00000001     --HOLE-- [fill = 0]
                  000015b0    00000010     (__TI_cinit_table)

.init_array 
*          0    00000000    00000000     UNINITIALIZED

.bss       0    20000200    00000029     UNINITIALIZED
                  20000200    00000010     (.common:ui32ADC0Value)
                  20000210    00000004     (.common:ui32Load)
                  20000214    00000004     (.common:ui32PWMClock)
                  20000218    00000004     (.common:ui32Period)
                  2000021c    00000004     (.common:ui32TempAvg)
                  20000220    00000004     (.common:ui32TempValueC)
                  20000224    00000004     (.common:ui32TempValueF)
                  20000228    00000001     (.common:ui8Adjust)

.data      0    2000022c    00000005     UNINITIALIZED
                  2000022c    00000005     uartstdio.obj (.data)

.stack     0    20000000    00000200     UNINITIALIZED
                  20000000    00000004     rtsv7M4_T_le_v4SPD16_eabi.lib : boot_cortex_m.c.obj (.stack)
                  20000004    000001fc     --HOLE--

MODULE SUMMARY

       Module                       code   ro data   rw data
       ------                       ----   -------   -------
    ./
       assignment1.obj              1552   0         41     
       uartstdio.obj                688    24        5      
       startup_ccs.obj              12     620       0      
    +--+----------------------------+------+---------+---------+
       Total:                       2252   644       46     
                                                            
    /Applications/ti/ccs1040/ccs/tools/compiler/ti-cgt-arm_18.12.8.LTS/lib/rtsv7M4_T_le_v4SPD16_eabi.lib
       memcpy_t2.asm.obj            156    0         0      
       copy_decompress_lzss.c.obj   104    0         0      
       autoinit.c.obj               68     0         0      
       u_divt2.asm.obj              64     0         0      
       boot_cortex_m.c.obj          52     0         0      
       copy_zero_init.c.obj         28     0         0      
       copy_decompress_none.c.obj   14     0         0      
       exit.c.obj                   4      0         0      
       pre_init.c.obj               4      0         0      
       div0.asm.obj                 2      0         0      
    +--+----------------------------+------+---------+---------+
       Total:                       496    0         0      
                                                            
    /Users/ElmerOMejia/ti/tivaware_c_series_2_1_4_178/driverlib/ccs/Debug/driverlib.lib
       sysctl.obj                   574    108       0      
       gpio.obj                     474    144       0      
       adc.obj                      356    0         0      
       interrupt.obj                120    112       0      
       timer.obj                    140    0         0      
       pwm.obj                      50     0         0      
       uart.obj                     38     0         0      
       cpu.obj                      12     0         0      
    +--+----------------------------+------+---------+---------+
       Total:                       1764   364       0      
                                                            
       Stack:                       0      0         512    
       Linker Generated:            0      43        0      
    +--+----------------------------+------+---------+---------+
       Grand Total:                 4512   1051      558    


LINKER GENERATED COPY TABLES

__TI_cinit_table @ 000015b0 records: 2, size/record: 8, table size: 16
	.bss: load addr=000015a0, load size=00000008 bytes, run addr=20000200, run size=00000029 bytes, compression=zero_init
	.data: load addr=000015a8, load size=00000007 bytes, run addr=2000022c, run size=00000005 bytes, compression=lzss


LINKER GENERATED HANDLER TABLE

__TI_handler_table @ 00001590 records: 3, size/record: 4, table size: 12
	index: 0, handler: __TI_decompress_lzss
	index: 1, handler: __TI_decompress_none
	index: 2, handler: __TI_zero_init


GLOBAL SYMBOLS: SORTED ALPHABETICALLY BY Name 

address   name                          
-------   ----                          
00001367  ADCHardwareOversampleConfigure
000013ab  ADCIntClear                   
00001337  ADCIntEnable                  
00001215  ADCIntStatus                  
000012e3  ADCProcessorTrigger           
00001019  ADCSequenceConfigure          
0000128f  ADCSequenceDataGet            
00001375  ADCSequenceEnable             
00000e0d  ADCSequenceStepConfigure      
00001403  C$$EXIT                       
0000139f  CPUcpsie                      
00001243  GPIODirModeSet                
00000a3b  GPIOPadConfigSet              
00001069  GPIOPinConfigure              
000013d9  GPIOPinRead                   
000012fb  GPIOPinTypeGPIOOutput         
00001313  GPIOPinTypeUART               
000013df  GPIOPinWrite                  
00000e89  IntEnable                     
00001347  IntMasterEnable               
0000126d  PWMGenConfigure               
00001357  PWMGenPeriodSet               
000013e5  ResetISR                      
00000b6d  SysCtlClockGet                
00000c7d  SysCtlClockSet                
000013eb  SysCtlDelay                   
0000117d  SysCtlPeripheralEnable        
000011e5  Timer0IntHandler              
00000f59  TimerConfigure                
00001383  TimerEnable                   
000013f7  TimerIntClear                 
000013c9  TimerIntEnable                
00001325  TimerLoadSet                  
000013b5  UARTCharGet                   
000013f1  UARTClockSourceSet            
000013fb  UARTIntClear                  
000013d1  UARTIntEnable                 
0000026d  UARTIntHandler                
000013bf  UARTIntStatus                 
00000fb9  UARTStdioConfig               
000012c9  UARTprintf                    
0000084d  UARTvprintf                   
000010b1  UARTwrite                     
20000200  __STACK_END                   
00000200  __STACK_SIZE                  
20000200  __STACK_TOP                   
000015b0  __TI_CINIT_Base               
000015c0  __TI_CINIT_Limit              
00001590  __TI_Handler_Table_Base       
0000159c  __TI_Handler_Table_Limit      
000010f9  __TI_auto_init_nobinit_nopinit
00000ef1  __TI_decompress_lzss          
00001391  __TI_decompress_none          
ffffffff  __TI_pprof_out_hndl           
ffffffff  __TI_prof_data_size           
ffffffff  __TI_prof_data_start          
00000000  __TI_static_base__            
000012ad  __TI_zero_init_nomemset       
0000140b  __aeabi_idiv0                 
0000140b  __aeabi_ldiv0                 
00000d71  __aeabi_memcpy                
00000d71  __aeabi_memcpy4               
00000d71  __aeabi_memcpy8               
0000113d  __aeabi_uidiv                 
0000113d  __aeabi_uidivmod              
ffffffff  __binit__                     
ffffffff  __c_args__                    
UNDEFED   __mpu_init                    
20000000  __stack                       
000011b1  _c_int00_noargs               
UNDEFED   _system_post_cinit            
000013ff  _system_pre_init              
00001403  abort                         
ffffffff  binit                         
00000000  g_pfnVectors                  
00000621  main                          
00000d71  memcpy                        
20000200  ui32ADC0Value                 
20000210  ui32Load                      
20000214  ui32PWMClock                  
20000218  ui32Period                    
2000021c  ui32TempAvg                   
20000220  ui32TempValueC                
20000224  ui32TempValueF                
20000228  ui8Adjust                     


GLOBAL SYMBOLS: SORTED BY Symbol Address 

address   name                          
-------   ----                          
00000000  __TI_static_base__            
00000000  g_pfnVectors                  
00000200  __STACK_SIZE                  
0000026d  UARTIntHandler                
00000621  main                          
0000084d  UARTvprintf                   
00000a3b  GPIOPadConfigSet              
00000b6d  SysCtlClockGet                
00000c7d  SysCtlClockSet                
00000d71  __aeabi_memcpy                
00000d71  __aeabi_memcpy4               
00000d71  __aeabi_memcpy8               
00000d71  memcpy                        
00000e0d  ADCSequenceStepConfigure      
00000e89  IntEnable                     
00000ef1  __TI_decompress_lzss          
00000f59  TimerConfigure                
00000fb9  UARTStdioConfig               
00001019  ADCSequenceConfigure          
00001069  GPIOPinConfigure              
000010b1  UARTwrite                     
000010f9  __TI_auto_init_nobinit_nopinit
0000113d  __aeabi_uidiv                 
0000113d  __aeabi_uidivmod              
0000117d  SysCtlPeripheralEnable        
000011b1  _c_int00_noargs               
000011e5  Timer0IntHandler              
00001215  ADCIntStatus                  
00001243  GPIODirModeSet                
0000126d  PWMGenConfigure               
0000128f  ADCSequenceDataGet            
000012ad  __TI_zero_init_nomemset       
000012c9  UARTprintf                    
000012e3  ADCProcessorTrigger           
000012fb  GPIOPinTypeGPIOOutput         
00001313  GPIOPinTypeUART               
00001325  TimerLoadSet                  
00001337  ADCIntEnable                  
00001347  IntMasterEnable               
00001357  PWMGenPeriodSet               
00001367  ADCHardwareOversampleConfigure
00001375  ADCSequenceEnable             
00001383  TimerEnable                   
00001391  __TI_decompress_none          
0000139f  CPUcpsie                      
000013ab  ADCIntClear                   
000013b5  UARTCharGet                   
000013bf  UARTIntStatus                 
000013c9  TimerIntEnable                
000013d1  UARTIntEnable                 
000013d9  GPIOPinRead                   
000013df  GPIOPinWrite                  
000013e5  ResetISR                      
000013eb  SysCtlDelay                   
000013f1  UARTClockSourceSet            
000013f7  TimerIntClear                 
000013fb  UARTIntClear                  
000013ff  _system_pre_init              
00001403  C$$EXIT                       
00001403  abort                         
0000140b  __aeabi_idiv0                 
0000140b  __aeabi_ldiv0                 
00001590  __TI_Handler_Table_Base       
0000159c  __TI_Handler_Table_Limit      
000015b0  __TI_CINIT_Base               
000015c0  __TI_CINIT_Limit              
20000000  __stack                       
20000200  __STACK_END                   
20000200  __STACK_TOP                   
20000200  ui32ADC0Value                 
20000210  ui32Load                      
20000214  ui32PWMClock                  
20000218  ui32Period                    
2000021c  ui32TempAvg                   
20000220  ui32TempValueC                
20000224  ui32TempValueF                
20000228  ui8Adjust                     
ffffffff  __TI_pprof_out_hndl           
ffffffff  __TI_prof_data_size           
ffffffff  __TI_prof_data_start          
ffffffff  __binit__                     
ffffffff  __c_args__                    
ffffffff  binit                         
UNDEFED   __mpu_init                    
UNDEFED   _system_post_cinit            

[85 symbols]
